Component: ARM Compiler 5.06 update 6 (build 750) Tool: armlink [4d35ed]

==============================================================================

Section Cross References

    startup_stm32f427xx.o(RESET) refers to startup_stm32f427xx.o(STACK) for __initial_sp
    startup_stm32f427xx.o(RESET) refers to startup_stm32f427xx.o(.text) for Reset_Handler
    startup_stm32f427xx.o(RESET) refers to stm32f4xx_it.o(i.NMI_Handler) for NMI_Handler
    startup_stm32f427xx.o(RESET) refers to stm32f4xx_it.o(i.HardFault_Handler) for HardFault_Handler
    startup_stm32f427xx.o(RESET) refers to stm32f4xx_it.o(i.MemManage_Handler) for MemManage_Handler
    startup_stm32f427xx.o(RESET) refers to stm32f4xx_it.o(i.BusFault_Handler) for BusFault_Handler
    startup_stm32f427xx.o(RESET) refers to stm32f4xx_it.o(i.UsageFault_Handler) for UsageFault_Handler
    startup_stm32f427xx.o(RESET) refers to port.o(.emb_text) for SVC_Handler
    startup_stm32f427xx.o(RESET) refers to stm32f4xx_it.o(i.DebugMon_Handler) for DebugMon_Handler
    startup_stm32f427xx.o(RESET) refers to port.o(i.SysTick_Handler) for SysTick_Handler
    startup_stm32f427xx.o(RESET) refers to stm32f4xx_it.o(i.FLASH_IRQHandler) for FLASH_IRQHandler
    startup_stm32f427xx.o(RESET) refers to stm32f4xx_it.o(i.TIM1_TRG_COM_TIM11_IRQHandler) for TIM1_TRG_COM_TIM11_IRQHandler
    startup_stm32f427xx.o(RESET) refers to stm32f4xx_it.o(i.USART1_IRQHandler) for USART1_IRQHandler
    startup_stm32f427xx.o(RESET) refers to stm32f4xx_it.o(i.EXTI15_10_IRQHandler) for EXTI15_10_IRQHandler
    startup_stm32f427xx.o(RESET) refers to stm32f4xx_it.o(i.TIM6_DAC_IRQHandler) for TIM6_DAC_IRQHandler
    startup_stm32f427xx.o(RESET) refers to stm32f4xx_it.o(i.DMA2_Stream2_IRQHandler) for DMA2_Stream2_IRQHandler
    startup_stm32f427xx.o(.text) refers to system_stm32f4xx.o(i.SystemInit) for SystemInit
    startup_stm32f427xx.o(.text) refers to entry.o(.ARM.Collect$$$$00000000) for __main
    command.o(i.Cmd_For_Debug) refers to common.o(i.Buffer_To_BE32) for Buffer_To_BE32
    command.o(i.Cmd_For_Debug) refers to functions.o(i.debug_reset_cali) for debug_reset_cali
    command.o(i.Cmd_For_Debug) refers to functions.o(i.debug_sw_dac) for debug_sw_dac
    command.o(i.Cmd_For_Debug) refers to functions.o(i.debug_pin) for debug_pin
    command.o(i.Cmd_For_Debug) refers to functions.o(i.debug_cal_switch) for debug_cal_switch
    command.o(i.Cmd_For_Debug) refers to functions.o(i.debug_cal_dump) for debug_cal_dump
    command.o(i.Cmd_For_Debug) refers to functions.o(i.Reset_Up_Status) for Reset_Up_Status
    command.o(i.Cmd_For_Debug) refers to common.o(i.RTOS_DAC5504_SPI1_Write) for RTOS_DAC5504_SPI1_Write
    command.o(i.Cmd_For_Debug) refers to memseta.o(.text) for __aeabi_memset
    command.o(i.Cmd_For_Debug) refers to command.o(i.debug_bootloader_mode) for debug_bootloader_mode
    command.o(i.Cmd_For_Debug) refers to command.o(i.debug_bootloader_install) for debug_bootloader_install
    command.o(i.Cmd_For_Debug) refers to functions.o(i.debug_get_inter_exp) for debug_get_inter_exp
    command.o(i.Cmd_For_Debug) refers to command.o(.bss) for .bss
    command.o(i.Cmd_For_Debug) refers to main.o(.data) for lock_debug
    command.o(i.Cmd_Get_Temperature) refers to common.o(i.RTOS_ADC7828_Read) for RTOS_ADC7828_Read
    command.o(i.Cmd_Get_Temperature) refers to functions.o(i.Cal_Temp) for Cal_Temp
    command.o(i.Cmd_Get_Temperature) refers to cdrcmple.o(.text) for __aeabi_cdrcmple
    command.o(i.Cmd_Get_Temperature) refers to dmul.o(.text) for __aeabi_dmul
    command.o(i.Cmd_Get_Temperature) refers to dadd.o(.text) for __aeabi_dadd
    command.o(i.Cmd_Get_Temperature) refers to dfixi.o(.text) for __aeabi_d2iz
    command.o(i.Cmd_Get_Temperature) refers to common.o(i.switch_endian) for switch_endian
    command.o(i.Cmd_Get_Temperature) refers to command.o(.bss) for .bss
    command.o(i.Cmd_Get_Time) refers to stm32f4xx_hal_rtc.o(i.HAL_RTC_GetTime) for HAL_RTC_GetTime
    command.o(i.Cmd_Get_Time) refers to stm32f4xx_hal_rtc.o(i.HAL_RTC_GetDate) for HAL_RTC_GetDate
    command.o(i.Cmd_Get_Time) refers to printf6.o(i.__0sprintf$6) for __2sprintf
    command.o(i.Cmd_Get_Time) refers to rtc.o(.bss) for hrtc
    command.o(i.Cmd_Get_Time) refers to command.o(.bss) for .bss
    command.o(i.Cmd_Get_Version) refers to memseta.o(.text) for __aeabi_memclr
    command.o(i.Cmd_Get_Version) refers to strncpy.o(.text) for strncpy
    command.o(i.Cmd_Get_Version) refers to command.o(.bss) for .bss
    command.o(i.Cmd_Get_Version) refers to command.o(.data) for .data
    command.o(i.Cmd_Process) refers to common.o(i.switch_endian) for switch_endian
    command.o(i.Cmd_Process) refers to command.o(.bss) for .bss
    command.o(i.Cmd_Process) refers to command.o(.data) for .data
    command.o(i.Cmd_Set_Time) refers to memseta.o(.text) for __aeabi_memclr4
    command.o(i.Cmd_Set_Time) refers to strtoul.o(.text) for strtoul
[...]
    __main_after_scatterload                 0x200001b5   Thumb Code     0  entry5.o(.ARM.Collect$$$$00000004)
    _main_clock                              0x200001b5   Thumb Code     0  entry7b.o(.ARM.Collect$$$$00000008)
    _main_cpp_init                           0x200001b5   Thumb Code     0  entry8b.o(.ARM.Collect$$$$0000000A)
    _main_init                               0x200001b5   Thumb Code     0  entry9a.o(.ARM.Collect$$$$0000000B)
    __rt_final_cpp                           0x200001bd   Thumb Code     0  entry10a.o(.ARM.Collect$$$$0000000D)
    __rt_final_exit                          0x200001bd   Thumb Code     0  entry11a.o(.ARM.Collect$$$$0000000F)
    SVC_Handler                              0x200001c1   Thumb Code    28  port.o(.emb_text)
    __asm___6_port_c_39a90d8d__prvStartFirstTask 0x200001e1   Thumb Code    36  port.o(.emb_text)
    __asm___6_port_c_39a90d8d__prvEnableVFP  0x20000209   Thumb Code    16  port.o(.emb_text)
    PendSV_Handler                           0x2000021d   Thumb Code    88  port.o(.emb_text)
    vPortGetIPSR                             0x20000279   Thumb Code     6  port.o(.emb_text)
    Reset_Handler                            0x20000281   Thumb Code     8  startup_stm32f427xx.o(.text)
    ADC_IRQHandler                           0x2000029b   Thumb Code     0  startup_stm32f427xx.o(.text)
    CAN1_RX0_IRQHandler                      0x2000029b   Thumb Code     0  startup_stm32f427xx.o(.text)
    CAN1_RX1_IRQHandler                      0x2000029b   Thumb Code     0  startup_stm32f427xx.o(.text)
    CAN1_SCE_IRQHandler                      0x2000029b   Thumb Code     0  startup_stm32f427xx.o(.text)
    CAN1_TX_IRQHandler                       0x2000029b   Thumb Code     0  startup_stm32f427xx.o(.text)
    CAN2_RX0_IRQHandler                      0x2000029b   Thumb Code     0  startup_stm32f427xx.o(.text)
    CAN2_RX1_IRQHandler                      0x2000029b   Thumb Code     0  startup_stm32f427xx.o(.text)
    CAN2_SCE_IRQHandler                      0x2000029b   Thumb Code     0  startup_stm32f427xx.o(.text)
    CAN2_TX_IRQHandler                       0x2000029b   Thumb Code     0  startup_stm32f427xx.o(.text)
    DCMI_IRQHandler                          0x2000029b   Thumb Code     0  startup_stm32f427xx.o(.text)
    DMA1_Stream0_IRQHandler                  0x2000029b   Thumb Code     0  startup_stm32f427xx.o(.text)
    DMA1_Stream1_IRQHandler                  0x2000029b   Thumb Code     0  startup_stm32f427xx.o(.text)
    DMA1_Stream2_IRQHandler                  0x2000029b   Thumb Code     0  startup_stm32f427xx.o(.text)
    DMA1_Stream3_IRQHandler                  0x2000029b   Thumb Code     0  startup_stm32f427xx.o(.text)
    DMA1_Stream4_IRQHandler                  0x2000029b   Thumb Code     0  startup_stm32f427xx.o(.text)
    DMA1_Stream5_IRQHandler                  0x2000029b   Thumb Code     0  startup_stm32f427xx.o(.text)
    DMA1_Stream6_IRQHandler                  0x2000029b   Thumb Code     0  startup_stm32f427xx.o(.text)
    DMA1_Stream7_IRQHandler                  0x2000029b   Thumb Code     0  startup_stm32f427xx.o(.text)
    DMA2D_IRQHandler                         0x2000029b   Thumb Code     0  startup_stm32f427xx.o(.text)
    DMA2_Stream0_IRQHandler                  0x2000029b   Thumb Code     0  startup_stm32f427xx.o(.text)
    DMA2_Stream1_IRQHandler                  0x2000029b   Thumb Code     0  startup_stm32f427xx.o(.text)
    DMA2_Stream3_IRQHandler                  0x2000029b   Thumb Code     0  startup_stm32f427xx.o(.text)
    DMA2_Stream4_IRQHandler                  0x2000029b   Thumb Code     0  startup_stm32f427xx.o(.text)
    DMA2_Stream5_IRQHandler                  0x2000029b   Thumb Code     0  startup_stm32f427xx.o(.text)
    DMA2_Stream6_IRQHandler                  0x2000029b   Thumb Code     0  startup_stm32f427xx.o(.text)
    DMA2_Stream7_IRQHandler                  0x2000029b   Thumb Code     0  startup_stm32f427xx.o(.text)
    ETH_IRQHandler                           0x2000029b   Thumb Code     0  startup_stm32f427xx.o(.text)
    ETH_WKUP_IRQHandler                      0x2000029b   Thumb Code     0  startup_stm32f427xx.o(.text)
    EXTI0_IRQHandler                         0x2000029b   Thumb Code     0  startup_stm32f427xx.o(.text)
    EXTI1_IRQHandler                         0x2000029b   Thumb Code     0  startup_stm32f427xx.o(.text)
    EXTI2_IRQHandler                         0x2000029b   Thumb Code     0  startup_stm32f427xx.o(.text)
    EXTI3_IRQHandler                         0x2000029b   Thumb Code     0  startup_stm32f427xx.o(.text)
    EXTI4_IRQHandler                         0x2000029b   Thumb Code     0  startup_stm32f427xx.o(.text)
    EXTI9_5_IRQHandler                       0x2000029b   Thumb Code     0  startup_stm32f427xx.o(.text)
    FMC_IRQHandler                           0x2000029b   Thumb Code     0  startup_stm32f427xx.o(.text)
    FPU_IRQHandler                           0x2000029b   Thumb Code     0  startup_stm32f427xx.o(.text)
    HASH_RNG_IRQHandler                      0x2000029b   Thumb Code     0  startup_stm32f427xx.o(.text)
    I2C1_ER_IRQHandler                       0x2000029b   Thumb Code     0  startup_stm32f427xx.o(.text)
    I2C1_EV_IRQHandler                       0x2000029b   Thumb Code     0  startup_stm32f427xx.o(.text)
    I2C2_ER_IRQHandler                       0x2000029b   Thumb Code     0  startup_stm32f427xx.o(.text)
    I2C2_EV_IRQHandler                       0x2000029b   Thumb Code     0  startup_stm32f427xx.o(.text)
    I2C3_ER_IRQHandler                       0x2000029b   Thumb Code     0  startup_stm32f427xx.o(.text)
    I2C3_EV_IRQHandler                       0x2000029b   Thumb Code     0  startup_stm32f427xx.o(.text)
    OTG_FS_IRQHandler                        0x2000029b   Thumb Code     0  startup_stm32f427xx.o(.text)
    OTG_FS_WKUP_IRQHandler                   0x2000029b   Thumb Code     0  startup_stm32f427xx.o(.text)
    OTG_HS_EP1_IN_IRQHandler                 0x2000029b   Thumb Code     0  startup_stm32f427xx.o(.text)
    OTG_HS_EP1_OUT_IRQHandler                0x2000029b   Thumb Code     0  startup_stm32f427xx.o(.text)
    OTG_HS_IRQHandler                        0x2000029b   Thumb Code     0  startup_stm32f427xx.o(.text)
    OTG_HS_WKUP_IRQHandler                   0x2000029b   Thumb Code     0  startup_stm32f427xx.o(.text)
    PVD_IRQHandler                           0x2000029b   Thumb Code     0  startup_stm32f427xx.o(.text)
    RCC_IRQHandler                           0x2000029b   Thumb Code     0  startup_stm32f427xx.o(.text)
    RTC_Alarm_IRQHandler                     0x2000029b   Thumb Code     0  startup_stm32f427xx.o(.text)
    RTC_WKUP_IRQHandler                      0x2000029b   Thumb Code     0  startup_stm32f427xx.o(.text)
    SAI1_IRQHandler                          0x2000029b   Thumb Code     0  startup_stm32f427xx.o(.text)
    SDIO_IRQHandler                          0x2000029b   Thumb Code     0  startup_stm32f427xx.o(.text)
    SPI1_IRQHandler                          0x2000029b   Thumb Code     0  startup_stm32f427xx.o(.text)
    SPI2_IRQHandler                          0x2000029b   Thumb Code     0  startup_stm32f427xx.o(.text)
    SPI3_IRQHandler                          0x2000029b   Thumb Code     0  startup_stm32f427xx.o(.text)
    SPI4_IRQHandler                          0x2000029b   Thumb Code     0  startup_stm32f427xx.o(.text)
    SPI5_IRQHandler                          0x2000029b   Thumb Code     0  startup_stm32f427xx.o(.text)
    SPI6_IRQHandler                          0x2000029b   Thumb Code     0  startup_stm32f427xx.o(.text)
    TAMP_STAMP_IRQHandler                    0x2000029b   Thumb Code     0  startup_stm32f427xx.o(.text)
    TIM1_BRK_TIM9_IRQHandler                 0x2000029b   Thumb Code     0  startup_stm32f427xx.o(.text)
    TIM1_CC_IRQHandler                       0x2000029b   Thumb Code     0  startup_stm32f427xx.o(.text)
    TIM1_UP_TIM10_IRQHandler                 0x2000029b   Thumb Code     0  startup_stm32f427xx.o(.text)
    TIM2_IRQHandler                          0x2000029b   Thumb Code     0  startup_stm32f427xx.o(.text)
    TIM3_IRQHandler                          0x2000029b   Thumb Code     0  startup_stm32f427xx.o(.text)
    TIM4_IRQHandler                          0x2000029b   Thumb Code     0  startup_stm32f427xx.o(.text)
    TIM5_IRQHandler                          0x2000029b   Thumb Code     0  startup_stm32f427xx.o(.text)
    TIM7_IRQHandler                          0x2000029b   Thumb Code     0  startup_stm32f427xx.o(.text)
    TIM8_BRK_TIM12_IRQHandler                0x2000029b   Thumb Code     0  startup_stm32f427xx.o(.text)
    TIM8_CC_IRQHandler                       0x2000029b   Thumb Code     0  startup_stm32f427xx.o(.text)
    TIM8_TRG_COM_TIM14_IRQHandler            0x2000029b   Thumb Code     0  startup_stm32f427xx.o(.text)
    TIM8_UP_TIM13_IRQHandler                 0x2000029b   Thumb Code     0  startup_stm32f427xx.o(.text)
    UART4_IRQHandler                         0x2000029b   Thumb Code     0  startup_stm32f427xx.o(.text)
    UART5_IRQHandler                         0x2000029b   Thumb Code     0  startup_stm32f427xx.o(.text)
    UART7_IRQHandler                         0x2000029b   Thumb Code     0  startup_stm32f427xx.o(.text)
    UART8_IRQHandler                         0x2000029b   Thumb Code     0  startup_stm32f427xx.o(.text)
    USART2_IRQHandler                        0x2000029b   Thumb Code     0  startup_stm32f427xx.o(.text)
    USART3_IRQHandler                        0x2000029b   Thumb Code     0  startup_stm32f427xx.o(.text)
    USART6_IRQHandler                        0x2000029b   Thumb Code     0  startup_stm32f427xx.o(.text)
    WWDG_IRQHandler                          0x2000029b   Thumb Code     0  startup_stm32f427xx.o(.text)
    __aeabi_uldivmod                         0x200002a5   Thumb Code    98  uldiv.o(.text)
    __aeabi_memcpy                           0x20000307   Thumb Code    36  memcpya.o(.text)
    __aeabi_memcpy4                          0x20000307   Thumb Code     0  memcpya.o(.text)
    __aeabi_memcpy8                          0x20000307   Thumb Code     0  memcpya.o(.text)
    __aeabi_memset                           0x2000032b   Thumb Code    14  memseta.o(.text)
    __aeabi_memset4                          0x2000032b   Thumb Code     0  memseta.o(.text)
    __aeabi_memset8                          0x2000032b   Thumb Code     0  memseta.o(.text)
    __aeabi_memclr                           0x20000339   Thumb Code     4  memseta.o(.text)
    __aeabi_memclr4                          0x20000339   Thumb Code     0  memseta.o(.text)
    __aeabi_memclr8                          0x20000339   Thumb Code     0  memseta.o(.text)
    memset                                   0x2000033d   Thumb Code    18  memseta.o(.text)
    strncpy                                  0x2000034f   Thumb Code    24  strncpy.o(.text)
    strcmp                                   0x20000367   Thumb Code    28  strcmp.o(.text)
    strncmp                                  0x20000383   Thumb Code    30  strncmp.o(.text)
    strtoul                                  0x200003a1   Thumb Code   114  strtoul.o(.text)
    __aeabi_uidiv                            0x20000413   Thumb Code     0  uidiv.o(.text)
    __aeabi_uidivmod                         0x20000413   Thumb Code    44  uidiv.o(.text)
    __aeabi_llsl                             0x2000043f   Thumb Code    30  llshl.o(.text)
    _ll_shift_l                              0x2000043f   Thumb Code     0  llshl.o(.text)
    __aeabi_llsr                             0x2000045d   Thumb Code    32  llushr.o(.text)
    _ll_ushift_r                             0x2000045d   Thumb Code     0  llushr.o(.text)
    __rt_ctype_table                         0x2000047d   Thumb Code     4  ctype_o.o(.text)
    _strtoul                                 0x20000485   Thumb Code   158  _strtoul.o(.text)
    __scatterload                            0x20000525   Thumb Code    28  init.o(.text)
    __scatterload_rt2                        0x20000525   Thumb Code     0  init.o(.text)
    _chval                                   0x20000549   Thumb Code    28  _chval.o(.text)
    __decompress                             0x20000565   Thumb Code     0  __dczerorl2.o(.text)
    __decompress1                            0x20000565   Thumb Code    86  __dczerorl2.o(.text)
    BE32_To_Buffer                           0x200006e5   Thumb Code    16  common.o(i.BE32_To_Buffer)
    Buffer_To_BE32                           0x200006f5   Thumb Code    14  common.o(i.Buffer_To_BE32)
    BusFault_Handler                         0x20000703   Thumb Code     2  stm32f4xx_it.o(i.BusFault_Handler)
    Cal_CRC32                                0x20000705   Thumb Code    36  common.o(i.Cal_CRC32)
    Cali_Read                                0x2000072d   Thumb Code    40  common.o(i.Cali_Read)
    Clear_Switch_Dac                         0x20000755   Thumb Code    30  functions.o(i.Clear_Switch_Dac)
    Clear_Switch_Ready                       0x20000775   Thumb Code    46  functions.o(i.Clear_Switch_Ready)
    Cmd_For_Debug                            0x200007ad   Thumb Code   402  command.o(i.Cmd_For_Debug)
    Cmd_Get_Version                          0x20000955   Thumb Code    58  command.o(i.Cmd_Get_Version)
    Cmd_Process                              0x20000999   Thumb Code    96  command.o(i.Cmd_Process)
    Cmd_Upgrade_Data                         0x20000a05   Thumb Code   556  command.o(i.Cmd_Upgrade_Data)
    Cmd_Upgrade_Init                         0x20000c69   Thumb Code    68  command.o(i.Cmd_Upgrade_Init)
    Cmd_Upgrade_Install                      0x20000cb9   Thumb Code   134  command.o(i.Cmd_Upgrade_Install)
    DMA2_Stream2_IRQHandler                  0x20000d4d   Thumb Code     6  stm32f4xx_it.o(i.DMA2_Stream2_IRQHandler)
    DebugMon_Handler                         0x20000dfd   Thumb Code     2  stm32f4xx_it.o(i.DebugMon_Handler)
    EXTI15_10_IRQHandler                     0x20000dff   Thumb Code     8  stm32f4xx_it.o(i.EXTI15_10_IRQHandler)
    Error_Handler                            0x20000e07   Thumb Code     2  main.o(i.Error_Handler)
    FLASH_Erase_Sector                       0x20000e09   Thumb Code    80  stm32f4xx_hal_flash_ex.o(i.FLASH_Erase_Sector)
    FLASH_FlushCaches                        0x20000e5d   Thumb Code    80  stm32f4xx_hal_flash_ex.o(i.FLASH_FlushCaches)
    FLASH_IRQHandler                         0x20000eb1   Thumb Code     4  stm32f4xx_it.o(i.FLASH_IRQHandler)
    FLASH_If_Erase                           0x20000eb5   Thumb Code    58  flash_if.o(i.FLASH_If_Erase)
    FLASH_If_Erase_IT                        0x20000eef   Thumb Code    46  flash_if.o(i.FLASH_If_Erase_IT)
    FLASH_If_Init                            0x20000f1d   Thumb Code    20  flash_if.o(i.FLASH_If_Init)
    FLASH_If_Write                           0x20000f35   Thumb Code    80  flash_if.o(i.FLASH_If_Write)
    FLASH_WaitForLastOperation               0x200010d9   Thumb Code    72  stm32f4xx_hal_flash.o(i.FLASH_WaitForLastOperation)
    Get_Index_Of_Channel_Map                 0x20001129   Thumb Code    54  functions.o(i.Get_Index_Of_Channel_Map)
    Get_Switch_Channel_By_IO                 0x20001165   Thumb Code   130  functions.o(i.Get_Switch_Channel_By_IO)
    Get_Up_Status                            0x200011ed   Thumb Code    14  functions.o(i.Get_Up_Status)
    HAL_ADC_ConfigChannel                    0x20001201   Thumb Code   334  stm32f4xx_hal_adc.o(i.HAL_ADC_ConfigChannel)
    HAL_ADC_Init                             0x20001365   Thumb Code    84  stm32f4xx_hal_adc.o(i.HAL_ADC_Init)
    HAL_ADC_MspInit                          0x200013b9   Thumb Code    30  adc.o(i.HAL_ADC_MspInit)
    HAL_DMA_Abort                            0x200013e1   Thumb Code   142  stm32f4xx_hal_dma.o(i.HAL_DMA_Abort)
    HAL_DMA_Abort_IT                         0x2000146f   Thumb Code    36  stm32f4xx_hal_dma.o(i.HAL_DMA_Abort_IT)
    HAL_DMA_IRQHandler                       0x20001495   Thumb Code   412  stm32f4xx_hal_dma.o(i.HAL_DMA_IRQHandler)
    HAL_DMA_Init                             0x20001635   Thumb Code   206  stm32f4xx_hal_dma.o(i.HAL_DMA_Init)
    HAL_DMA_Start_IT                         0x20001709   Thumb Code   110  stm32f4xx_hal_dma.o(i.HAL_DMA_Start_IT)
    HAL_Delay                                0x20001779   Thumb Code    32  stm32f4xx_hal.o(i.HAL_Delay)
    HAL_FLASHEx_Erase                        0x2000179d   Thumb Code   146  stm32f4xx_hal_flash_ex.o(i.HAL_FLASHEx_Erase)
    HAL_FLASHEx_Erase_IT                     0x20001839   Thumb Code    96  stm32f4xx_hal_flash_ex.o(i.HAL_FLASHEx_Erase_IT)
    HAL_FLASH_EndOfOperationCallback         0x200018a1   Thumb Code    62  main.o(i.HAL_FLASH_EndOfOperationCallback)
    HAL_FLASH_IRQHandler                     0x200018f1   Thumb Code   196  stm32f4xx_hal_flash.o(i.HAL_FLASH_IRQHandler)
    HAL_FLASH_Lock                           0x200019bd   Thumb Code    14  stm32f4xx_hal_flash.o(i.HAL_FLASH_Lock)
    HAL_FLASH_OperationErrorCallback         0x200019d1   Thumb Code     2  stm32f4xx_hal_flash.o(i.HAL_FLASH_OperationErrorCallback)
    HAL_FLASH_Program                        0x200019d5   Thumb Code   116  stm32f4xx_hal_flash.o(i.HAL_FLASH_Program)
    HAL_FLASH_Unlock                         0x20001a51   Thumb Code    32  stm32f4xx_hal_flash.o(i.HAL_FLASH_Unlock)
    HAL_GPIO_EXTI_Callback                   0x20001a7d   Thumb Code    30  main.o(i.HAL_GPIO_EXTI_Callback)
    HAL_GPIO_EXTI_IRQHandler                 0x20001aa1   Thumb Code    18  stm32f4xx_hal_gpio.o(i.HAL_GPIO_EXTI_IRQHandler)
    HAL_GPIO_Init                            0x20001ab9   Thumb Code   414  stm32f4xx_hal_gpio.o(i.HAL_GPIO_Init)
    HAL_GPIO_ReadPin                         0x20001c8d   Thumb Code    10  stm32f4xx_hal_gpio.o(i.HAL_GPIO_ReadPin)
    HAL_GPIO_WritePin                        0x20001c97   Thumb Code    10  stm32f4xx_hal_gpio.o(i.HAL_GPIO_WritePin)
    HAL_GetTick                              0x20001ca1   Thumb Code     6  stm32f4xx_hal.o(i.HAL_GetTick)
    HAL_I2CEx_ConfigAnalogFilter             0x20001cad   Thumb Code    66  stm32f4xx_hal_i2c_ex.o(i.HAL_I2CEx_ConfigAnalogFilter)
    HAL_I2CEx_ConfigDigitalFilter            0x20001cef   Thumb Code    62  stm32f4xx_hal_i2c_ex.o(i.HAL_I2CEx_ConfigDigitalFilter)
    HAL_I2C_Init                             0x20001d2d   Thumb Code   376  stm32f4xx_hal_i2c.o(i.HAL_I2C_Init)
    HAL_I2C_MspInit                          0x20001eb5   Thumb Code   310  i2c.o(i.HAL_I2C_MspInit)
    HAL_IWDG_Init                            0x20002001   Thumb Code    82  stm32f4xx_hal_iwdg.o(i.HAL_IWDG_Init)
    HAL_IWDG_Refresh                         0x20002053   Thumb Code    12  stm32f4xx_hal_iwdg.o(i.HAL_IWDG_Refresh)
    HAL_IncTick                              0x20002061   Thumb Code    12  stm32f4xx_hal.o(i.HAL_IncTick)
    HAL_Init                                 0x20002071   Thumb Code    48  stm32f4xx_hal.o(i.HAL_Init)
    HAL_InitTick                             0x200020a5   Thumb Code   100  stm32f4xx_hal_timebase_tim.o(i.HAL_InitTick)
    HAL_MspInit                              0x20002119   Thumb Code    70  stm32f4xx_hal_msp.o(i.HAL_MspInit)
    HAL_NVIC_EnableIRQ                       0x20002165   Thumb Code    26  stm32f4xx_hal_cortex.o(i.HAL_NVIC_EnableIRQ)
    HAL_NVIC_SetPriority                     0x20002181   Thumb Code    60  stm32f4xx_hal_cortex.o(i.HAL_NVIC_SetPriority)
    HAL_NVIC_SetPriorityGrouping             0x200021c1   Thumb Code    26  stm32f4xx_hal_cortex.o(i.HAL_NVIC_SetPriorityGrouping)
    HAL_PWREx_EnableOverDrive                0x200021e5   Thumb Code    98  stm32f4xx_hal_pwr_ex.o(i.HAL_PWREx_EnableOverDrive)
    HAL_RCCEx_PeriphCLKConfig                0x20002255   Thumb Code   560  stm32f4xx_hal_rcc_ex.o(i.HAL_RCCEx_PeriphCLKConfig)
    HAL_RCC_ClockConfig                      0x200024a9   Thumb Code   288  stm32f4xx_hal_rcc.o(i.HAL_RCC_ClockConfig)
    HAL_RCC_GetClockConfig                   0x200025dd   Thumb Code    54  stm32f4xx_hal_rcc.o(i.HAL_RCC_GetClockConfig)
    HAL_RCC_GetPCLK1Freq                     0x2000261d   Thumb Code    20  stm32f4xx_hal_rcc.o(i.HAL_RCC_GetPCLK1Freq)
    HAL_RCC_GetPCLK2Freq                     0x2000263d   Thumb Code    20  stm32f4xx_hal_rcc.o(i.HAL_RCC_GetPCLK2Freq)
    HAL_RCC_GetSysClockFreq                  0x2000265d   Thumb Code    88  stm32f4xx_hal_rcc.o(i.HAL_RCC_GetSysClockFreq)
    HAL_RCC_OscConfig                        0x200026c1   Thumb Code   834  stm32f4xx_hal_rcc.o(i.HAL_RCC_OscConfig)
    HAL_RTC_Init                             0x20002a1d   Thumb Code   166  stm32f4xx_hal_rtc.o(i.HAL_RTC_Init)
    HAL_RTC_MspInit                          0x20002ac9   Thumb Code    16  rtc.o(i.HAL_RTC_MspInit)
    HAL_RTC_WaitForSynchro                   0x20002ae1   Thumb Code    54  stm32f4xx_hal_rtc.o(i.HAL_RTC_WaitForSynchro)
    HAL_SPI_Init                             0x20002b17   Thumb Code   128  stm32f4xx_hal_spi.o(i.HAL_SPI_Init)
    HAL_SPI_MspInit                          0x20002b99   Thumb Code   392  spi.o(i.HAL_SPI_MspInit)
    HAL_SPI_Transmit                         0x20002d4d   Thumb Code   348  stm32f4xx_hal_spi.o(i.HAL_SPI_Transmit)
    HAL_TIMEx_BreakCallback                  0x20002ea9   Thumb Code     2  stm32f4xx_hal_tim_ex.o(i.HAL_TIMEx_BreakCallback)
    HAL_TIMEx_CommutCallback                 0x20002eab   Thumb Code     2  stm32f4xx_hal_tim_ex.o(i.HAL_TIMEx_CommutCallback)
    HAL_TIMEx_MasterConfigSynchronization    0x20002ead   Thumb Code   116  stm32f4xx_hal_tim_ex.o(i.HAL_TIMEx_MasterConfigSynchronization)
    HAL_TIM_Base_Init                        0x20002f3d   Thumb Code    54  stm32f4xx_hal_tim.o(i.HAL_TIM_Base_Init)
    HAL_TIM_Base_MspInit                     0x20002f75   Thumb Code    50  tim.o(i.HAL_TIM_Base_MspInit)
    HAL_TIM_Base_Start_IT                    0x20002fb1   Thumb Code    34  stm32f4xx_hal_tim.o(i.HAL_TIM_Base_Start_IT)
    HAL_TIM_Base_Stop_IT                     0x20002fd3   Thumb Code    42  stm32f4xx_hal_tim.o(i.HAL_TIM_Base_Stop_IT)
    HAL_TIM_IC_CaptureCallback               0x20002ffd   Thumb Code     2  stm32f4xx_hal_tim.o(i.HAL_TIM_IC_CaptureCallback)
    HAL_TIM_IRQHandler                       0x20002fff   Thumb Code   358  stm32f4xx_hal_tim.o(i.HAL_TIM_IRQHandler)
    HAL_TIM_OC_DelayElapsedCallback          0x20003165   Thumb Code     2  stm32f4xx_hal_tim.o(i.HAL_TIM_OC_DelayElapsedCallback)
    HAL_TIM_PWM_PulseFinishedCallback        0x20003167   Thumb Code     2  stm32f4xx_hal_tim.o(i.HAL_TIM_PWM_PulseFinishedCallback)
    HAL_TIM_PeriodElapsedCallback            0x20003169   Thumb Code    70  main.o(i.HAL_TIM_PeriodElapsedCallback)
    HAL_TIM_TriggerCallback                  0x200031c5   Thumb Code     2  stm32f4xx_hal_tim.o(i.HAL_TIM_TriggerCallback)
    HAL_UART_DMAStop                         0x200031c7   Thumb Code    88  stm32f4xx_hal_uart.o(i.HAL_UART_DMAStop)
    HAL_UART_ErrorCallback                   0x2000321f   Thumb Code     2  stm32f4xx_hal_uart.o(i.HAL_UART_ErrorCallback)
    HAL_UART_IRQHandler                      0x20003221   Thumb Code   270  stm32f4xx_hal_uart.o(i.HAL_UART_IRQHandler)
    HAL_UART_Init                            0x20003335   Thumb Code    98  stm32f4xx_hal_uart.o(i.HAL_UART_Init)
    HAL_UART_MspInit                         0x20003399   Thumb Code   220  usart.o(i.HAL_UART_MspInit)
    HAL_UART_Receive_DMA                     0x20003491   Thumb Code   138  stm32f4xx_hal_uart.o(i.HAL_UART_Receive_DMA)
    HAL_UART_Receive_IT                      0x20003529   Thumb Code    82  stm32f4xx_hal_uart.o(i.HAL_UART_Receive_IT)
    HAL_UART_RxCpltCallback                  0x2000357d   Thumb Code    18  usart.o(i.HAL_UART_RxCpltCallback)
    HAL_UART_RxHalfCpltCallback              0x20003599   Thumb Code     2  stm32f4xx_hal_uart.o(i.HAL_UART_RxHalfCpltCallback)
    HAL_UART_Transmit                        0x2000359b   Thumb Code   186  stm32f4xx_hal_uart.o(i.HAL_UART_Transmit)
    HAL_UART_TxCpltCallback                  0x20003655   Thumb Code     2  stm32f4xx_hal_uart.o(i.HAL_UART_TxCpltCallback)
    HardFault_Handler                        0x20003657   Thumb Code     2  stm32f4xx_it.o(i.HardFault_Handler)
    Init_Run_Status                          0x20003659   Thumb Code    12  functions.o(i.Init_Run_Status)
    Is_Flag_Set                              0x2000366d   Thumb Code    14  functions.o(i.Is_Flag_Set)
    MX_ADC1_Init                             0x2000367d   Thumb Code    88  adc.o(i.MX_ADC1_Init)
    MX_DMA_Init                              0x200036e5   Thumb Code    40  dma.o(i.MX_DMA_Init)
    MX_FREERTOS_Init                         0x20003711   Thumb Code   328  freertos.o(i.MX_FREERTOS_Init)
    MX_GPIO_Init                             0x2000387d   Thumb Code   482  gpio.o(i.MX_GPIO_Init)
    MX_I2C1_Init                             0x20003a89   Thumb Code    78  i2c.o(i.MX_I2C1_Init)
    MX_I2C2_Init                             0x20003ae5   Thumb Code    78  i2c.o(i.MX_I2C2_Init)
    MX_IWDG_Init                             0x20003b41   Thumb Code    36  iwdg.o(i.MX_IWDG_Init)
    MX_RTC_Init                              0x20003b6d   Thumb Code    44  rtc.o(i.MX_RTC_Init)
    MX_SPI1_Init                             0x20003ba1   Thumb Code    62  spi.o(i.MX_SPI1_Init)
    MX_SPI2_Init                             0x20003be9   Thumb Code    62  spi.o(i.MX_SPI2_Init)
    MX_SPI4_Init                             0x20003c31   Thumb Code    62  spi.o(i.MX_SPI4_Init)
    MX_SPI5_Init                             0x20003c79   Thumb Code    62  spi.o(i.MX_SPI5_Init)
    MX_SPI6_Init                             0x20003cc1   Thumb Code    62  spi.o(i.MX_SPI6_Init)
    MX_TIM6_Init                             0x20003d09   Thumb Code    58  tim.o(i.MX_TIM6_Init)
    MX_USART1_UART_Init                      0x20003d4d   Thumb Code    48  usart.o(i.MX_USART1_UART_Init)
    MX_USART3_UART_Init                      0x20003d85   Thumb Code    48  usart.o(i.MX_USART3_UART_Init)
    MemManage_Handler                        0x20003dbd   Thumb Code     2  stm32f4xx_it.o(i.MemManage_Handler)
    NMI_Handler                              0x20003dbf   Thumb Code     2  stm32f4xx_it.o(i.NMI_Handler)
    OSW_Init                                 0x20003dc1   Thumb Code   270  main.o(i.OSW_Init)
    PRINT_HEX                                0x20003efd   Thumb Code    22  common.o(i.PRINT_HEX)
    RTC_EnterInitMode                        0x20003f15   Thumb Code    58  stm32f4xx_hal_rtc.o(i.RTC_EnterInitMode)
    RTOS_DAC5504_SPI1_Write                  0x20003f51   Thumb Code    90  common.o(i.RTOS_DAC5504_SPI1_Write)
    RTOS_DAC5504_SPI2_Write                  0x20003fb9   Thumb Code    94  common.o(i.RTOS_DAC5504_SPI2_Write)
    RTOS_DAC5504_SPI5_Write                  0x20004025   Thumb Code    90  common.o(i.RTOS_DAC5504_SPI5_Write)
    RTOS_DAC5504_SPI6_Write                  0x2000408d   Thumb Code    94  common.o(i.RTOS_DAC5504_SPI6_Write)
    Reset_Switch                             0x200040f9   Thumb Code    88  functions.o(i.Reset_Switch)
    Reset_Up_Status                          0x2000415d   Thumb Code    12  functions.o(i.Reset_Up_Status)
    Set_Flag                                 0x20004255   Thumb Code    12  functions.o(i.Set_Flag)
    Set_Switch                               0x20004261   Thumb Code   410  functions.o(i.Set_Switch)
    Set_Switch_Ready                         0x20004415   Thumb Code    48  functions.o(i.Set_Switch_Ready)
    Set_Switch_Signal                        0x2000444d   Thumb Code   154  functions.o(i.Set_Switch_Signal)
    StartDefaultTask                         0x200044f9   Thumb Code     8  freertos.o(i.StartDefaultTask)
    SysTick_Handler                          0x20004501   Thumb Code    38  port.o(i.SysTick_Handler)
    SystemClock_Config                       0x2000452d   Thumb Code   158  main.o(i.SystemClock_Config)
    SystemInit                               0x200045d5   Thumb Code    20  system_stm32f4xx.o(i.SystemInit)
    TIM1_TRG_COM_TIM11_IRQHandler            0x200045ed   Thumb Code     6  stm32f4xx_it.o(i.TIM1_TRG_COM_TIM11_IRQHandler)
    TIM6_DAC_IRQHandler                      0x200045f9   Thumb Code     6  stm32f4xx_it.o(i.TIM6_DAC_IRQHandler)
    TIM_Base_SetConfig                       0x20004605   Thumb Code   156  stm32f4xx_hal_tim.o(i.TIM_Base_SetConfig)
    USART1_IRQHandler                        0x20004a21   Thumb Code     6  stm32f4xx_it.o(i.USART1_IRQHandler)
    Uart_Respond                             0x20004a2d   Thumb Code   122  command.o(i.Uart_Respond)
    Update_Up_Status                         0x20004ab1   Thumb Code    24  functions.o(i.Update_Up_Status)
    UsageFault_Handler                       0x20004acd   Thumb Code     2  stm32f4xx_it.o(i.UsageFault_Handler)
    __0sprintf$6                             0x20004ad1   Thumb Code    34  printf6.o(i.__0sprintf$6)
    __1sprintf$6                             0x20004ad1   Thumb Code     0  printf6.o(i.__0sprintf$6)
    __2sprintf                               0x20004ad1   Thumb Code     0  printf6.o(i.__0sprintf$6)
    __aeabi_errno_addr                       0x20004b19   Thumb Code     4  errno.o(i.__aeabi_errno_addr)
    __rt_errno_addr                          0x20004b19   Thumb Code     0  errno.o(i.__aeabi_errno_addr)
    __scatterload_copy                       0x20004b21   Thumb Code    14  handlers.o(i.__scatterload_copy)
    __scatterload_null                       0x20004b2f   Thumb Code     2  handlers.o(i.__scatterload_null)
    __scatterload_zeroinit                   0x20004b31   Thumb Code    14  handlers.o(i.__scatterload_zeroinit)
    cmdProcessTask                           0x20004e8d   Thumb Code    56  freertos.o(i.cmdProcessTask)
    debug_bootloader_install                 0x20004ecd   Thumb Code   286  command.o(i.debug_bootloader_install)
    debug_bootloader_mode                    0x20005001   Thumb Code    10  command.o(i.debug_bootloader_mode)
    debug_cal_dump                           0x20005011   Thumb Code    74  functions.o(i.debug_cal_dump)
    debug_cal_switch                         0x20005061   Thumb Code   100  functions.o(i.debug_cal_switch)
    debug_get_inter_exp                      0x200050c5   Thumb Code    16  functions.o(i.debug_get_inter_exp)
    debug_pin                                0x200050dd   Thumb Code    46  functions.o(i.debug_pin)
    debug_reset_cali                         0x20005115   Thumb Code    12  functions.o(i.debug_reset_cali)
    debug_sw_dac                             0x20005121   Thumb Code    22  functions.o(i.debug_sw_dac)
    get_32_from_cali_area                    0x20005139   Thumb Code    12  common.o(i.get_32_from_cali_area)
    isrTask                                  0x20005149   Thumb Code   132  freertos.o(i.isrTask)
    main                                     0x200051d9   Thumb Code   160  main.o(i.main)
    my_abs                                   0x20005291   Thumb Code    44  common.o(i.my_abs)
    osDelay                                  0x200052c1   Thumb Code    46  cmsis_os2.o(i.osDelay)
    osKernelInitialize                       0x200052f5   Thumb Code    50  cmsis_os2.o(i.osKernelInitialize)
    osKernelStart                            0x2000532d   Thumb Code    58  cmsis_os2.o(i.osKernelStart)
    osMessageQueueGet                        0x2000536d   Thumb Code   116  cmsis_os2.o(i.osMessageQueueGet)
    osMessageQueueNew                        0x200053e9   Thumb Code   110  cmsis_os2.o(i.osMessageQueueNew)
    osMessageQueuePut                        0x2000545d   Thumb Code   120  cmsis_os2.o(i.osMessageQueuePut)
    osMutexAcquire                           0x200054dd   Thumb Code   104  cmsis_os2.o(i.osMutexAcquire)
    osMutexNew                               0x20005549   Thumb Code   124  cmsis_os2.o(i.osMutexNew)
    osMutexRelease                           0x200055c9   Thumb Code    88  cmsis_os2.o(i.osMutexRelease)
    osSemaphoreAcquire                       0x20005625   Thumb Code   108  cmsis_os2.o(i.osSemaphoreAcquire)
    osSemaphoreNew                           0x20005699   Thumb Code   172  cmsis_os2.o(i.osSemaphoreNew)
    osSemaphoreRelease                       0x20005749   Thumb Code   102  cmsis_os2.o(i.osSemaphoreRelease)
    osThreadNew                              0x200057b9   Thumb Code   160  cmsis_os2.o(i.osThreadNew)
    pvPortMalloc                             0x20005fb9   Thumb Code   210  heap_4.o(i.pvPortMalloc)
    pvTaskIncrementMutexHeldCount            0x20006091   Thumb Code    18  tasks.o(i.pvTaskIncrementMutexHeldCount)
    pxPortInitialiseStack                    0x200060a9   Thumb Code    40  port.o(i.pxPortInitialiseStack)
    set_sw_dac                               0x200060d5   Thumb Code   154  functions.o(i.set_sw_dac)
    set_sw_dac_2                             0x20006175   Thumb Code   126  functions.o(i.set_sw_dac_2)
    swIsrTask                                0x200061f9   Thumb Code   148  freertos.o(i.swIsrTask)
    switch_endian                            0x20006299   Thumb Code     4  common.o(i.switch_endian)
    uartProcessTask                          0x2000629d   Thumb Code   378  freertos.o(i.uartProcessTask)
    ulTaskNotifyTake                         0x2000642d   Thumb Code    96  tasks.o(i.ulTaskNotifyTake)
    uxListRemove                             0x20006495   Thumb Code    38  list.o(i.uxListRemove)
    vApplicationGetIdleTaskMemory            0x200064bd   Thumb Code    16  cmsis_os2.o(i.vApplicationGetIdleTaskMemory)
    vApplicationGetTimerTaskMemory           0x200064d1   Thumb Code    18  cmsis_os2.o(i.vApplicationGetTimerTaskMemory)
    vListInitialise                          0x200064e9   Thumb Code    22  list.o(i.vListInitialise)
    vListInitialiseItem                      0x200064ff   Thumb Code     6  list.o(i.vListInitialiseItem)
    vListInsert                              0x20006505   Thumb Code    48  list.o(i.vListInsert)
    vListInsertEnd                           0x20006535   Thumb Code    24  list.o(i.vListInsertEnd)
    vPortEnterCritical                       0x2000654d   Thumb Code    54  port.o(i.vPortEnterCritical)
    vPortExitCritical                        0x2000658d   Thumb Code    34  port.o(i.vPortExitCritical)
    vPortFree                                0x200065b5   Thumb Code    88  heap_4.o(i.vPortFree)
    vPortSetupTimerInterrupt                 0x20006611   Thumb Code    32  port.o(i.vPortSetupTimerInterrupt)
    vPortValidateInterruptPriority           0x20006635   Thumb Code    74  port.o(i.vPortValidateInterruptPriority)
    vQueueAddToRegistry                      0x20006689   Thumb Code    34  queue.o(i.vQueueAddToRegistry)
    vQueueDelete                             0x200066b1   Thumb Code    46  queue.o(i.vQueueDelete)
    vQueueUnregisterQueue                    0x200066e1   Thumb Code    36  queue.o(i.vQueueUnregisterQueue)
    vQueueWaitForMessageRestricted           0x20006709   Thumb Code    68  queue.o(i.vQueueWaitForMessageRestricted)
    vTaskDelay                               0x2000674d   Thumb Code    66  tasks.o(i.vTaskDelay)
    vTaskInternalSetTimeOutState             0x20006799   Thumb Code    12  tasks.o(i.vTaskInternalSetTimeOutState)
    vTaskMissedYield                         0x200067a9   Thumb Code     8  tasks.o(i.vTaskMissedYield)
    vTaskPlaceOnEventList                    0x200067b5   Thumb Code    44  tasks.o(i.vTaskPlaceOnEventList)
    vTaskPlaceOnEventListRestricted          0x200067e5   Thumb Code    52  tasks.o(i.vTaskPlaceOnEventListRestricted)
    vTaskPriorityDisinheritAfterTimeout      0x2000681d   Thumb Code   134  tasks.o(i.vTaskPriorityDisinheritAfterTimeout)
    vTaskStartScheduler                      0x200068ad   Thumb Code   118  tasks.o(i.vTaskStartScheduler)
    vTaskSuspendAll                          0x20006935   Thumb Code    10  tasks.o(i.vTaskSuspendAll)
    vTaskSwitchContext                       0x20006945   Thumb Code    90  tasks.o(i.vTaskSwitchContext)
    watchdogTask                             0x200069a9   Thumb Code    18  freertos.o(i.watchdogTask)
    write_32_to_cali_area                    0x200069c1   Thumb Code    24  common.o(i.write_32_to_cali_area)
    xPortStartScheduler                      0x200069dd   Thumb Code   222  port.o(i.xPortStartScheduler)
    xQueueCreateCountingSemaphore            0x20006ad1   Thumb Code    58  queue.o(i.xQueueCreateCountingSemaphore)
    xQueueCreateCountingSemaphoreStatic      0x20006b0b   Thumb Code    64  queue.o(i.xQueueCreateCountingSemaphoreStatic)
    xQueueCreateMutex                        0x20006b4b   Thumb Code    22  queue.o(i.xQueueCreateMutex)
    xQueueCreateMutexStatic                  0x20006b61   Thumb Code    26  queue.o(i.xQueueCreateMutexStatic)
    xQueueGenericCreate                      0x20006b7b   Thumb Code    72  queue.o(i.xQueueGenericCreate)
    xQueueGenericCreateStatic                0x20006bc3   Thumb Code   102  queue.o(i.xQueueGenericCreateStatic)
    xQueueGenericReset                       0x20006c29   Thumb Code   132  queue.o(i.xQueueGenericReset)
    xQueueGenericSend                        0x20006cb1   Thumb Code   346  queue.o(i.xQueueGenericSend)
    xQueueGenericSendFromISR                 0x20006e11   Thumb Code   188  queue.o(i.xQueueGenericSendFromISR)
    xQueueGiveFromISR                        0x20006ecd   Thumb Code   156  queue.o(i.xQueueGiveFromISR)
    xQueueGiveMutexRecursive                 0x20006f69   Thumb Code    62  queue.o(i.xQueueGiveMutexRecursive)
    xQueueReceive                            0x20006fa9   Thumb Code   308  queue.o(i.xQueueReceive)
    xQueueReceiveFromISR                     0x200070e1   Thumb Code   154  queue.o(i.xQueueReceiveFromISR)
    xQueueSemaphoreTake                      0x2000717d   Thumb Code   372  queue.o(i.xQueueSemaphoreTake)
    xQueueTakeMutexRecursive                 0x200072f5   Thumb Code    64  queue.o(i.xQueueTakeMutexRecursive)
    xTaskCheckForTimeOut                     0x20007335   Thumb Code   112  tasks.o(i.xTaskCheckForTimeOut)
    xTaskCreate                              0x200073a9   Thumb Code    90  tasks.o(i.xTaskCreate)
    xTaskCreateStatic                        0x20007403   Thumb Code    86  tasks.o(i.xTaskCreateStatic)
    xTaskGenericNotify                       0x20007459   Thumb Code   188  tasks.o(i.xTaskGenericNotify)
    xTaskGetCurrentTaskHandle                0x20007521   Thumb Code     6  tasks.o(i.xTaskGetCurrentTaskHandle)
    xTaskGetSchedulerState                   0x2000752d   Thumb Code    22  tasks.o(i.xTaskGetSchedulerState)
    xTaskGetTickCount                        0x20007549   Thumb Code     6  tasks.o(i.xTaskGetTickCount)
    xTaskIncrementTick                       0x20007555   Thumb Code   190  tasks.o(i.xTaskIncrementTick)
    xTaskPriorityDisinherit                  0x2000761d   Thumb Code   118  tasks.o(i.xTaskPriorityDisinherit)
    xTaskPriorityInherit                     0x2000769d   Thumb Code   112  tasks.o(i.xTaskPriorityInherit)
    xTaskRemoveFromEventList                 0x20007715   Thumb Code    98  tasks.o(i.xTaskRemoveFromEventList)
    xTaskResumeAll                           0x20007785   Thumb Code   182  tasks.o(i.xTaskResumeAll)
    xTimerCreateTimerTask                    0x20007849   Thumb Code    78  timers.o(i.xTimerCreateTimerTask)
    xTimerGenericCommand                     0x200078a9   Thumb Code    98  timers.o(i.xTimerGenericCommand)
    Thread_Mutex_attr                        0x20007910   Data          16  freertos.o(.constdata)
    cmdProcessTask_attributes                0x20007920   Data          36  freertos.o(.constdata)
    uartProcessTask_attributes               0x20007944   Data          36  freertos.o(.constdata)
    watchdogTask_attributes                  0x20007968   Data          36  freertos.o(.constdata)
    isrTask_attributes                       0x2000798c   Data          36  freertos.o(.constdata)
    swIsrTask_attributes                     0x200079b0   Data          36  freertos.o(.constdata)
    defaultTask_attributes                   0x200079d4   Data          36  freertos.o(.constdata)
    AHBPrescTable                            0x20007a00   Data          16  system_stm32f4xx.o(.constdata)
    APBPrescTable                            0x20007a10   Data           8  system_stm32f4xx.o(.constdata)
    __ctype_table                            0x20007a18   Data         129  ctype_o.o(.constdata)
    Region$$Table$$Base                      0x20007b14   Number         0  anon$$obj.o(Region$$Table)
    Region$$Table$$Limit                     0x20007b34   Number         0  anon$$obj.o(Region$$Table)
    pn                                       0x20018000   Data           4  command.o(.data)
    hw_version                               0x20018004   Data           4  command.o(.data)
    fw_version                               0x20018008   Data           4  command.o(.data)
    command_list                             0x2001800c   Data          60  command.o(.data)
    channel_map_count                        0x20018448   Data           4  functions.o(.data)
    channel_map                              0x2001844c   Data          36  functions.o(.data)
    switch_map                               0x20018470   Data         112  functions.o(.data)
    upgrade_bootloader                       0x200184e0   Data           1  main.o(.data)
    reserve_empty                            0x200184e1   Data           1  main.o(.data)
    flash_in_use                             0x200184e2   Data           1  main.o(.data)
    lock_debug                               0x200184e3   Data           1  main.o(.data)
    uart_sync                                0x200184e4   Data           2  freertos.o(.data)
    uartProcessSemaphore                     0x200184e8   Data           4  freertos.o(.data)
    cmdProcessSemaphore                      0x200184ec   Data           4  freertos.o(.data)
    switchSemaphore                          0x200184f0   Data           4  freertos.o(.data)
    mid_ISR                                  0x200184f4   Data           4  freertos.o(.data)
    mid_SwISR                                0x200184f8   Data           4  freertos.o(.data)
    i2c1Mutex                                0x200184fc   Data           4  freertos.o(.data)
    i2c2Mutex                                0x20018500   Data           4  freertos.o(.data)
    spi1Mutex                                0x20018504   Data           4  freertos.o(.data)
    spi2Mutex                                0x20018508   Data           4  freertos.o(.data)
    spi4Mutex                                0x2001850c   Data           4  freertos.o(.data)
    spi5Mutex                                0x20018510   Data           4  freertos.o(.data)
    spi6Mutex                                0x20018514   Data           4  freertos.o(.data)
    cmdProcessTaskHandle                     0x20018518   Data           4  freertos.o(.data)
    uartProcessTaskHandle                    0x2001851c   Data           4  freertos.o(.data)
    watchdogTaskHandle                       0x20018520   Data           4  freertos.o(.data)
    isrTaskHandle                            0x20018524   Data           4  freertos.o(.data)
    swIsrTaskHandle                          0x20018528   Data           4  freertos.o(.data)
    defaultTaskHandle                        0x2001852c   Data           4  freertos.o(.data)
    uwTickFreq                               0x20018530   Data           1  stm32f4xx_hal.o(.data)
    uwTickPrio                               0x20018534   Data           4  stm32f4xx_hal.o(.data)
    uwTick                                   0x20018538   Data           4  stm32f4xx_hal.o(.data)
    SystemCoreClock                          0x2001853c   Data           4  system_stm32f4xx.o(.data)
    pxCurrentTCB                             0x20018540   Data           4  tasks.o(.data)
    trans_buf                                0x200185bc   Data        1212  command.o(.bss)
    resp_buf                                 0x20018a78   Data        1216  command.o(.bss)
    up_state                                 0x20018f38   Data          36  command.o(.bss)
    upgrade_status                           0x20018f5c   Data          24  main.o(.bss)
    sw_tim_control                           0x20018f74   Data          32  main.o(.bss)
    tim_isr_msg                              0x20018f94   Data          12  main.o(.bss)
    hadc1                                    0x20018fa0   Data          72  adc.o(.bss)
    hi2c1                                    0x20018fe8   Data          84  i2c.o(.bss)
    hi2c2                                    0x2001903c   Data          84  i2c.o(.bss)
    hiwdg                                    0x20019090   Data          12  iwdg.o(.bss)
    hrtc                                     0x2001909c   Data          32  rtc.o(.bss)
    hspi1                                    0x200190bc   Data          88  spi.o(.bss)
    hspi2                                    0x20019114   Data          88  spi.o(.bss)
    hspi4                                    0x2001916c   Data          88  spi.o(.bss)
    hspi5                                    0x200191c4   Data          88  spi.o(.bss)
    hspi6                                    0x2001921c   Data          88  spi.o(.bss)
    htim6                                    0x20019274   Data          64  tim.o(.bss)
    huart1                                   0x200192b4   Data          64  usart.o(.bss)
    huart3                                   0x200192f4   Data          64  usart.o(.bss)
    hdma_usart1_rx                           0x20019334   Data          96  usart.o(.bss)
    htim11                                   0x20019394   Data          64  stm32f4xx_hal_timebase_tim.o(.bss)
    pFlash                                   0x200193d4   Data          32  stm32f4xx_hal_flash.o(.bss)
    xQueueRegistry                           0x200193f4   Data          64  queue.o(.bss)
    __initial_sp                             0x2001e0c8   Data           0  startup_stm32f427xx.o(STACK)
    run_status                               0x2002fc00   Data          12  main.o(.ARM.__AT_0x2002FC00)



==============================================================================

Memory Map of the image

  Image Entry point : 0x200001ad

  Load Region LR_IROM2 (Base: 0x20000000, Size: 0x000080f0, Max: 0x00018000, ABSOLUTE, COMPRESSED[0x00007fdc])

    Execution Region ER_IROM2 (Exec base: 0x20000000, Load base: 0x20000000, Size: 0x00007b34, Max: 0x00018000, ABSOLUTE)

    Exec Addr    Load Addr    Size         Type   Attr      Idx    E Section Name        Object

    0x20000000   0x20000000   0x000001ac   Data   RO            3    RESET               startup_stm32f427xx.o
    0x200001ac   0x200001ac   0x00000000   Code   RO         6977  * .ARM.Collect$$$$00000000  mc_w.l(entry.o)
    0x200001ac   0x200001ac   0x00000004   Code   RO         7294    .ARM.Collect$$$$00000001  mc_w.l(entry2.o)
    0x200001b0   0x200001b0   0x00000004   Code   RO         7297    .ARM.Collect$$$$00000004  mc_w.l(entry5.o)
    0x200001b4   0x200001b4   0x00000000   Code   RO         7299    .ARM.Collect$$$$00000008  mc_w.l(entry7b.o)
    0x200001b4   0x200001b4   0x00000000   Code   RO         7301    .ARM.Collect$$$$0000000A  mc_w.l(entry8b.o)
    0x200001b4   0x200001b4   0x00000008   Code   RO         7302    .ARM.Collect$$$$0000000B  mc_w.l(entry9a.o)
    0x200001bc   0x200001bc   0x00000000   Code   RO         7304    .ARM.Collect$$$$0000000D  mc_w.l(entry10a.o)
    0x200001bc   0x200001bc   0x00000000   Code   RO         7306    .ARM.Collect$$$$0000000F  mc_w.l(entry11a.o)
    0x200001bc   0x200001bc   0x00000004   Code   RO         7295    .ARM.Collect$$$$00002712  mc_w.l(entry2.o)
    0x200001c0   0x200001c0   0x000000be   Code   RO         6886    .emb_text           port.o
    0x2000027e   0x2000027e   0x00000002   PAD
    0x20000280   0x20000280   0x00000024   Code   RO            4    .text               startup_stm32f427xx.o
    0x200002a4   0x200002a4   0x00000062   Code   RO         6980    .text               mc_w.l(uldiv.o)
    0x20000306   0x20000306   0x00000024   Code   RO         6982    .text               mc_w.l(memcpya.o)
    0x2000032a   0x2000032a   0x00000024   Code   RO         6986    .text               mc_w.l(memseta.o)
    0x2000034e   0x2000034e   0x00000018   Code   RO         6988    .text               mc_w.l(strncpy.o)
    0x20000366   0x20000366   0x0000001c   Code   RO         6990    .text               mc_w.l(strcmp.o)
    0x20000382   0x20000382   0x0000001e   Code   RO         6992    .text               mc_w.l(strncmp.o)
    0x200003a0   0x200003a0   0x00000072   Code   RO         7257    .text               mc_w.l(strtoul.o)
    0x20000412   0x20000412   0x0000002c   Code   RO         7311    .text               mc_w.l(uidiv.o)
    0x2000043e   0x2000043e   0x0000001e   Code   RO         7313    .text               mc_w.l(llshl.o)
    0x2000045c   0x2000045c   0x00000020   Code   RO         7315    .text               mc_w.l(llushr.o)
    0x2000047c   0x2000047c   0x00000008   Code   RO         7319    .text               mc_w.l(ctype_o.o)
    0x20000484   0x20000484   0x0000009e   Code   RO         7354    .text               mc_w.l(_strtoul.o)
    0x20000522   0x20000522   0x00000002   PAD
    0x20000524   0x20000524   0x00000024   Code   RO         7363    .text               mc_w.l(init.o)
    0x20000548   0x20000548   0x0000001c   Code   RO         7366    .text               mc_w.l(_chval.o)
    0x20000564   0x20000564   0x00000056   Code   RO         7377    .text               mc_w.l(__dczerorl2.o)
    0x200005ba   0x200005ba   0x00000002   PAD
    0x200005bc   0x200005bc   0x00000128   Code   RO         1395    i.ADC_Init          stm32f4xx_hal_adc.o
    0x200006e4   0x200006e4   0x00000010   Code   RO          321    i.BE32_To_Buffer    common.o
    0x200006f4   0x200006f4   0x0000000e   Code   RO          322    i.Buffer_To_BE32    common.o
    0x20000702   0x20000702   0x00000002   Code   RO         1235    i.BusFault_Handler  stm32f4xx_it.o
    0x20000704   0x20000704   0x00000028   Code   RO          324    i.Cal_CRC32         common.o
    0x2000072c   0x2000072c   0x00000028   Code   RO          325    i.Cali_Read         common.o
    0x20000754   0x20000754   0x0000001e   Code   RO          512    i.Clear_Switch_Dac  functions.o
    0x20000772   0x20000772   0x00000002   PAD
    0x20000774   0x20000774   0x00000038   Code   RO          690    i.Clear_Switch_Ready  functions.o
    0x200007ac   0x200007ac   0x000001a8   Code   RO           13    i.Cmd_For_Debug     command.o
    0x20000954   0x20000954   0x00000044   Code   RO           16    i.Cmd_Get_Version   command.o
    0x20000998   0x20000998   0x0000006c   Code   RO           17    i.Cmd_Process       command.o
    0x20000a04   0x20000a04   0x00000264   Code   RO           19    i.Cmd_Upgrade_Data  command.o
    0x20000c68   0x20000c68   0x00000050   Code   RO           20    i.Cmd_Upgrade_Init  command.o
    0x20000cb8   0x20000cb8   0x00000094   Code   RO           21    i.Cmd_Upgrade_Install  command.o
    0x20000d4c   0x20000d4c   0x0000000c   Code   RO         1236    i.DMA2_Stream2_IRQHandler  stm32f4xx_it.o
    0x20000d58   0x20000d58   0x00000028   Code   RO         2178    i.DMA_CalcBaseAndBitshift  stm32f4xx_hal_dma.o
    0x20000d80   0x20000d80   0x00000054   Code   RO         2179    i.DMA_CheckFifoParam  stm32f4xx_hal_dma.o
    0x20000dd4   0x20000dd4   0x00000028   Code   RO         2180    i.DMA_SetConfig     stm32f4xx_hal_dma.o
    0x20000dfc   0x20000dfc   0x00000002   Code   RO         1237    i.DebugMon_Handler  stm32f4xx_it.o
    0x20000dfe   0x20000dfe   0x00000008   Code   RO         1238    i.EXTI15_10_IRQHandler  stm32f4xx_it.o
    0x20000e06   0x20000e06   0x00000002   Code   RO          712    i.Error_Handler     main.o
    0x20000e08   0x20000e08   0x00000054   Code   RO         1953    i.FLASH_Erase_Sector  stm32f4xx_hal_flash_ex.o
    0x20000e5c   0x20000e5c   0x00000054   Code   RO         1954    i.FLASH_FlushCaches  stm32f4xx_hal_flash_ex.o
    0x20000eb0   0x20000eb0   0x00000004   Code   RO         1239    i.FLASH_IRQHandler  stm32f4xx_it.o
    0x20000eb4   0x20000eb4   0x0000003a   Code   RO          468    i.FLASH_If_Erase    flash_if.o
    0x20000eee   0x20000eee   0x0000002e   Code   RO          469    i.FLASH_If_Erase_IT  flash_if.o
    0x20000f1c   0x20000f1c   0x00000018   Code   RO          470    i.FLASH_If_Init     flash_if.o
    0x20000f34   0x20000f34   0x00000054   Code   RO          471    i.FLASH_If_Write    flash_if.o
    0x20000f88   0x20000f88   0x00000040   Code   RO         1955    i.FLASH_MassErase   stm32f4xx_hal_flash_ex.o
    0x20000fc8   0x20000fc8   0x00000020   Code   RO         1835    i.FLASH_Program_Byte  stm32f4xx_hal_flash.o
    0x20000fe8   0x20000fe8   0x0000002c   Code   RO         1836    i.FLASH_Program_DoubleWord  stm32f4xx_hal_flash.o
    0x20001014   0x20001014   0x00000024   Code   RO         1837    i.FLASH_Program_HalfWord  stm32f4xx_hal_flash.o
    0x20001038   0x20001038   0x00000024   Code   RO         1838    i.FLASH_Program_Word  stm32f4xx_hal_flash.o
    0x2000105c   0x2000105c   0x0000007c   Code   RO         1839    i.FLASH_SetErrorCode  stm32f4xx_hal_flash.o
    0x200010d8   0x200010d8   0x00000050   Code   RO         1840    i.FLASH_WaitForLastOperation  stm32f4xx_hal_flash.o
    0x20001128   0x20001128   0x0000003c   Code   RO          514    i.Get_Index_Of_Channel_Map  functions.o
    0x20001164   0x20001164   0x00000088   Code   RO          516    i.Get_Switch_Channel_By_IO  functions.o
    0x200011ec   0x200011ec   0x00000014   Code   RO          517    i.Get_Up_Status     functions.o
    0x20001200   0x20001200   0x00000164   Code   RO         1397    i.HAL_ADC_ConfigChannel  stm32f4xx_hal_adc.o
    0x20001364   0x20001364   0x00000054   Code   RO         1406    i.HAL_ADC_Init      stm32f4xx_hal_adc.o
    0x200013b8   0x200013b8   0x00000028   Code   RO          813    i.HAL_ADC_MspInit   adc.o
    0x200013e0   0x200013e0   0x0000008e   Code   RO         2181    i.HAL_DMA_Abort     stm32f4xx_hal_dma.o
    0x2000146e   0x2000146e   0x00000024   Code   RO         2182    i.HAL_DMA_Abort_IT  stm32f4xx_hal_dma.o
    0x20001492   0x20001492   0x00000002   PAD
    0x20001494   0x20001494   0x000001a0   Code   RO         2186    i.HAL_DMA_IRQHandler  stm32f4xx_hal_dma.o
    0x20001634   0x20001634   0x000000d4   Code   RO         2187    i.HAL_DMA_Init      stm32f4xx_hal_dma.o
    0x20001708   0x20001708   0x0000006e   Code   RO         2191    i.HAL_DMA_Start_IT  stm32f4xx_hal_dma.o
    0x20001776   0x20001776   0x00000002   PAD
    0x20001778   0x20001778   0x00000024   Code   RO         2618    i.HAL_Delay         stm32f4xx_hal.o
    0x2000179c   0x2000179c   0x0000009c   Code   RO         1960    i.HAL_FLASHEx_Erase  stm32f4xx_hal_flash_ex.o
    0x20001838   0x20001838   0x00000068   Code   RO         1961    i.HAL_FLASHEx_Erase_IT  stm32f4xx_hal_flash_ex.o
    0x200018a0   0x200018a0   0x00000050   Code   RO          713    i.HAL_FLASH_EndOfOperationCallback  main.o
    0x200018f0   0x200018f0   0x000000cc   Code   RO         1843    i.HAL_FLASH_IRQHandler  stm32f4xx_hal_flash.o
    0x200019bc   0x200019bc   0x00000014   Code   RO         1844    i.HAL_FLASH_Lock    stm32f4xx_hal_flash.o
    0x200019d0   0x200019d0   0x00000002   Code   RO         1848    i.HAL_FLASH_OperationErrorCallback  stm32f4xx_hal_flash.o
    0x200019d2   0x200019d2   0x00000002   PAD
    0x200019d4   0x200019d4   0x0000007c   Code   RO         1849    i.HAL_FLASH_Program  stm32f4xx_hal_flash.o
    0x20001a50   0x20001a50   0x0000002c   Code   RO         1851    i.HAL_FLASH_Unlock  stm32f4xx_hal_flash.o
    0x20001a7c   0x20001a7c   0x00000024   Code   RO          714    i.HAL_GPIO_EXTI_Callback  main.o
    0x20001aa0   0x20001aa0   0x00000018   Code   RO         2073    i.HAL_GPIO_EXTI_IRQHandler  stm32f4xx_hal_gpio.o
    0x20001ab8   0x20001ab8   0x000001d4   Code   RO         2074    i.HAL_GPIO_Init     stm32f4xx_hal_gpio.o
    0x20001c8c   0x20001c8c   0x0000000a   Code   RO         2076    i.HAL_GPIO_ReadPin  stm32f4xx_hal_gpio.o
    0x20001c96   0x20001c96   0x0000000a   Code   RO         2078    i.HAL_GPIO_WritePin  stm32f4xx_hal_gpio.o
    0x20001ca0   0x20001ca0   0x0000000c   Code   RO         2626    i.HAL_GetTick       stm32f4xx_hal.o
    0x20001cac   0x20001cac   0x00000042   Code   RO         3308    i.HAL_I2CEx_ConfigAnalogFilter  stm32f4xx_hal_i2c_ex.o
    0x20001cee   0x20001cee   0x0000003e   Code   RO         3309    i.HAL_I2CEx_ConfigDigitalFilter  stm32f4xx_hal_i2c_ex.o
    0x20001d2c   0x20001d2c   0x00000188   Code   RO         2892    i.HAL_I2C_Init      stm32f4xx_hal_i2c.o
    0x20001eb4   0x20001eb4   0x0000014c   Code   RO          953    i.HAL_I2C_MspInit   i2c.o
    0x20002000   0x20002000   0x00000052   Code   RO         3338    i.HAL_IWDG_Init     stm32f4xx_hal_iwdg.o
    0x20002052   0x20002052   0x0000000c   Code   RO         3339    i.HAL_IWDG_Refresh  stm32f4xx_hal_iwdg.o
    0x2000205e   0x2000205e   0x00000002   PAD
    0x20002060   0x20002060   0x00000010   Code   RO         2632    i.HAL_IncTick       stm32f4xx_hal.o
    0x20002070   0x20002070   0x00000034   Code   RO         2633    i.HAL_Init          stm32f4xx_hal.o
    0x200020a4   0x200020a4   0x00000074   Code   RO         1353    i.HAL_InitTick      stm32f4xx_hal_timebase_tim.o
    0x20002118   0x20002118   0x0000004c   Code   RO         1329    i.HAL_MspInit       stm32f4xx_hal_msp.o
    0x20002164   0x20002164   0x0000001a   Code   RO         2481    i.HAL_NVIC_EnableIRQ  stm32f4xx_hal_cortex.o
    0x2000217e   0x2000217e   0x00000002   PAD
    0x20002180   0x20002180   0x00000040   Code   RO         2487    i.HAL_NVIC_SetPriority  stm32f4xx_hal_cortex.o
    0x200021c0   0x200021c0   0x00000024   Code   RO         2488    i.HAL_NVIC_SetPriorityGrouping  stm32f4xx_hal_cortex.o
    0x200021e4   0x200021e4   0x00000070   Code   RO         2410    i.HAL_PWREx_EnableOverDrive  stm32f4xx_hal_pwr_ex.o
    0x20002254   0x20002254   0x00000254   Code   RO         1775    i.HAL_RCCEx_PeriphCLKConfig  stm32f4xx_hal_rcc_ex.o
    0x200024a8   0x200024a8   0x00000134   Code   RO         1668    i.HAL_RCC_ClockConfig  stm32f4xx_hal_rcc.o
    0x200025dc   0x200025dc   0x00000040   Code   RO         1672    i.HAL_RCC_GetClockConfig  stm32f4xx_hal_rcc.o
    0x2000261c   0x2000261c   0x00000020   Code   RO         1675    i.HAL_RCC_GetPCLK1Freq  stm32f4xx_hal_rcc.o
    0x2000263c   0x2000263c   0x00000020   Code   RO         1676    i.HAL_RCC_GetPCLK2Freq  stm32f4xx_hal_rcc.o
    0x2000265c   0x2000265c   0x00000064   Code   RO         1677    i.HAL_RCC_GetSysClockFreq  stm32f4xx_hal_rcc.o
    0x200026c0   0x200026c0   0x0000035c   Code   RO         1680    i.HAL_RCC_OscConfig  stm32f4xx_hal_rcc.o
    0x20002a1c   0x20002a1c   0x000000ac   Code   RO         3376    i.HAL_RTC_Init      stm32f4xx_hal_rtc.o
    0x20002ac8   0x20002ac8   0x00000018   Code   RO         1031    i.HAL_RTC_MspInit   rtc.o
    0x20002ae0   0x20002ae0   0x00000036   Code   RO         3384    i.HAL_RTC_WaitForSynchro  stm32f4xx_hal_rtc.o
    0x20002b16   0x20002b16   0x00000080   Code   RO         3744    i.HAL_SPI_Init      stm32f4xx_hal_spi.o
    0x20002b96   0x20002b96   0x00000002   PAD
    0x20002b98   0x20002b98   0x000001b4   Code   RO         1073    i.HAL_SPI_MspInit   spi.o
    0x20002d4c   0x20002d4c   0x0000015c   Code   RO         3752    i.HAL_SPI_Transmit  stm32f4xx_hal_spi.o
    0x20002ea8   0x20002ea8   0x00000002   Code   RO         4732    i.HAL_TIMEx_BreakCallback  stm32f4xx_hal_tim_ex.o
    0x20002eaa   0x20002eaa   0x00000002   Code   RO         4733    i.HAL_TIMEx_CommutCallback  stm32f4xx_hal_tim_ex.o
    0x20002eac   0x20002eac   0x00000090   Code   RO         4750    i.HAL_TIMEx_MasterConfigSynchronization  stm32f4xx_hal_tim_ex.o
    0x20002f3c   0x20002f3c   0x00000036   Code   RO         4057    i.HAL_TIM_Base_Init  stm32f4xx_hal_tim.o
    0x20002f72   0x20002f72   0x00000002   PAD
    0x20002f74   0x20002f74   0x0000003c   Code   RO         1139    i.HAL_TIM_Base_MspInit  tim.o
    0x20002fb0   0x20002fb0   0x00000022   Code   RO         4062    i.HAL_TIM_Base_Start_IT  stm32f4xx_hal_tim.o
    0x20002fd2   0x20002fd2   0x0000002a   Code   RO         4065    i.HAL_TIM_Base_Stop_IT  stm32f4xx_hal_tim.o
    0x20002ffc   0x20002ffc   0x00000002   Code   RO         4086    i.HAL_TIM_IC_CaptureCallback  stm32f4xx_hal_tim.o
    0x20002ffe   0x20002ffe   0x00000166   Code   RO         4100    i.HAL_TIM_IRQHandler  stm32f4xx_hal_tim.o
    0x20003164   0x20003164   0x00000002   Code   RO         4103    i.HAL_TIM_OC_DelayElapsedCallback  stm32f4xx_hal_tim.o
    0x20003166   0x20003166   0x00000002   Code   RO         4130    i.HAL_TIM_PWM_PulseFinishedCallback  stm32f4xx_hal_tim.o
    0x20003168   0x20003168   0x0000005c   Code   RO          715    i.HAL_TIM_PeriodElapsedCallback  main.o
    0x200031c4   0x200031c4   0x00000002   Code   RO         4143    i.HAL_TIM_TriggerCallback  stm32f4xx_hal_tim.o
    0x200031c6   0x200031c6   0x00000058   Code   RO         5002    i.HAL_UART_DMAStop  stm32f4xx_hal_uart.o
    0x2000321e   0x2000321e   0x00000002   Code   RO         5004    i.HAL_UART_ErrorCallback  stm32f4xx_hal_uart.o
    0x20003220   0x20003220   0x00000114   Code   RO         5007    i.HAL_UART_IRQHandler  stm32f4xx_hal_uart.o
    0x20003334   0x20003334   0x00000062   Code   RO         5008    i.HAL_UART_Init     stm32f4xx_hal_uart.o
    0x20003396   0x20003396   0x00000002   PAD
    0x20003398   0x20003398   0x000000f8   Code   RO         1181    i.HAL_UART_MspInit  usart.o
    0x20003490   0x20003490   0x00000098   Code   RO         5012    i.HAL_UART_Receive_DMA  stm32f4xx_hal_uart.o
    0x20003528   0x20003528   0x00000052   Code   RO         5013    i.HAL_UART_Receive_IT  stm32f4xx_hal_uart.o
    0x2000357a   0x2000357a   0x00000002   PAD
    0x2000357c   0x2000357c   0x0000001c   Code   RO         1182    i.HAL_UART_RxCpltCallback  usart.o
    0x20003598   0x20003598   0x00000002   Code   RO         5015    i.HAL_UART_RxHalfCpltCallback  stm32f4xx_hal_uart.o
    0x2000359a   0x2000359a   0x000000ba   Code   RO         5016    i.HAL_UART_Transmit  stm32f4xx_hal_uart.o
    0x20003654   0x20003654   0x00000002   Code   RO         5019    i.HAL_UART_TxCpltCallback  stm32f4xx_hal_uart.o
    0x20003656   0x20003656   0x00000002   Code   RO         1240    i.HardFault_Handler  stm32f4xx_it.o
    0x20003658   0x20003658   0x00000014   Code   RO          518    i.Init_Run_Status   functions.o
    0x2000366c   0x2000366c   0x0000000e   Code   RO          519    i.Is_Flag_Set       functions.o
    0x2000367a   0x2000367a   0x00000002   PAD
    0x2000367c   0x2000367c   0x00000068   Code   RO          814    i.MX_ADC1_Init      adc.o
    0x200036e4   0x200036e4   0x0000002c   Code   RO          854    i.MX_DMA_Init       dma.o
    0x20003710   0x20003710   0x0000016c   Code   RO          878    i.MX_FREERTOS_Init  freertos.o
    0x2000387c   0x2000387c   0x0000020c   Code   RO          788    i.MX_GPIO_Init      gpio.o
    0x20003a88   0x20003a88   0x0000005c   Code   RO          954    i.MX_I2C1_Init      i2c.o
    0x20003ae4   0x20003ae4   0x0000005c   Code   RO          955    i.MX_I2C2_Init      i2c.o
    0x20003b40   0x20003b40   0x0000002c   Code   RO         1000    i.MX_IWDG_Init      iwdg.o
    0x20003b6c   0x20003b6c   0x00000034   Code   RO         1032    i.MX_RTC_Init       rtc.o
    0x20003ba0   0x20003ba0   0x00000048   Code   RO         1074    i.MX_SPI1_Init      spi.o
    0x20003be8   0x20003be8   0x00000048   Code   RO         1075    i.MX_SPI2_Init      spi.o
    0x20003c30   0x20003c30   0x00000048   Code   RO         1076    i.MX_SPI4_Init      spi.o
    0x20003c78   0x20003c78   0x00000048   Code   RO         1077    i.MX_SPI5_Init      spi.o
    0x20003cc0   0x20003cc0   0x00000048   Code   RO         1078    i.MX_SPI6_Init      spi.o
    0x20003d08   0x20003d08   0x00000044   Code   RO         1140    i.MX_TIM6_Init      tim.o
    0x20003d4c   0x20003d4c   0x00000038   Code   RO         1183    i.MX_USART1_UART_Init  usart.o
    0x20003d84   0x20003d84   0x00000038   Code   RO         1184    i.MX_USART3_UART_Init  usart.o
    0x20003dbc   0x20003dbc   0x00000002   Code   RO         1241    i.MemManage_Handler  stm32f4xx_it.o
    0x20003dbe   0x20003dbe   0x00000002   Code   RO         1242    i.NMI_Handler       stm32f4xx_it.o
    0x20003dc0   0x20003dc0   0x0000013c   Code   RO          716    i.OSW_Init          main.o
    0x20003efc   0x20003efc   0x00000016   Code   RO          328    i.PRINT_HEX         common.o
    0x20003f12   0x20003f12   0x00000002   PAD
    0x20003f14   0x20003f14   0x0000003a   Code   RO         3387    i.RTC_EnterInitMode  stm32f4xx_hal_rtc.o
    0x20003f4e   0x20003f4e   0x00000002   PAD
    0x20003f50   0x20003f50   0x00000068   Code   RO          332    i.RTOS_DAC5504_SPI1_Write  common.o
    0x20003fb8   0x20003fb8   0x0000006c   Code   RO          333    i.RTOS_DAC5504_SPI2_Write  common.o
    0x20004024   0x20004024   0x00000068   Code   RO          334    i.RTOS_DAC5504_SPI5_Write  common.o
    0x2000408c   0x2000408c   0x0000006c   Code   RO          335    i.RTOS_DAC5504_SPI6_Write  common.o
    0x200040f8   0x200040f8   0x00000064   Code   RO          521    i.Reset_Switch      functions.o
    0x2000415c   0x2000415c   0x0000000c   Code   RO          522    i.Reset_Up_Status   functions.o
    0x20004168   0x20004168   0x00000058   Code   RO         3782    i.SPI_EndRxTxTransaction  stm32f4xx_hal_spi.o
    0x200041c0   0x200041c0   0x00000094   Code   RO         3787    i.SPI_WaitFlagStateUntilTimeout  stm32f4xx_hal_spi.o
    0x20004254   0x20004254   0x0000000c   Code   RO          523    i.Set_Flag          functions.o
    0x20004260   0x20004260   0x000001b4   Code   RO          524    i.Set_Switch        functions.o
    0x20004414   0x20004414   0x00000038   Code   RO          685    i.Set_Switch_Ready  functions.o
    0x2000444c   0x2000444c   0x000000ac   Code   RO          525    i.Set_Switch_Signal  functions.o
    0x200044f8   0x200044f8   0x00000008   Code   RO          879    i.StartDefaultTask  freertos.o
    0x20004500   0x20004500   0x0000002c   Code   RO         6887    i.SysTick_Handler   port.o
    0x2000452c   0x2000452c   0x000000a8   Code   RO          717    i.SystemClock_Config  main.o
    0x200045d4   0x200045d4   0x00000018   Code   RO         5310    i.SystemInit        system_stm32f4xx.o
    0x200045ec   0x200045ec   0x0000000c   Code   RO         1243    i.TIM1_TRG_COM_TIM11_IRQHandler  stm32f4xx_it.o
    0x200045f8   0x200045f8   0x0000000c   Code   RO         1244    i.TIM6_DAC_IRQHandler  stm32f4xx_it.o
    0x20004604   0x20004604   0x000000c8   Code   RO         4145    i.TIM_Base_SetConfig  stm32f4xx_hal_tim.o
    0x200046cc   0x200046cc   0x00000010   Code   RO         5021    i.UART_DMAAbortOnError  stm32f4xx_hal_uart.o
    0x200046dc   0x200046dc   0x0000004a   Code   RO         5022    i.UART_DMAError     stm32f4xx_hal_uart.o
    0x20004726   0x20004726   0x0000003c   Code   RO         5023    i.UART_DMAReceiveCplt  stm32f4xx_hal_uart.o
    0x20004762   0x20004762   0x0000000a   Code   RO         5025    i.UART_DMARxHalfCplt  stm32f4xx_hal_uart.o
    0x2000476c   0x2000476c   0x0000001c   Code   RO         5031    i.UART_EndRxTransfer  stm32f4xx_hal_uart.o
    0x20004788   0x20004788   0x00000012   Code   RO         5032    i.UART_EndTxTransfer  stm32f4xx_hal_uart.o
    0x2000479a   0x2000479a   0x00000096   Code   RO         5033    i.UART_Receive_IT   stm32f4xx_hal_uart.o
    0x20004830   0x20004830   0x00000128   Code   RO         5034    i.UART_SetConfig    stm32f4xx_hal_uart.o
    0x20004958   0x20004958   0x00000062   Code   RO         5035    i.UART_Transmit_IT  stm32f4xx_hal_uart.o
    0x200049ba   0x200049ba   0x00000064   Code   RO         5036    i.UART_WaitOnFlagUntilTimeout  stm32f4xx_hal_uart.o
    0x20004a1e   0x20004a1e   0x00000002   PAD
    0x20004a20   0x20004a20   0x0000000c   Code   RO         1245    i.USART1_IRQHandler  stm32f4xx_it.o
    0x20004a2c   0x20004a2c   0x00000084   Code   RO           23    i.Uart_Respond      command.o
    0x20004ab0   0x20004ab0   0x0000001c   Code   RO          526    i.Update_Up_Status  functions.o
    0x20004acc   0x20004acc   0x00000002   Code   RO         1246    i.UsageFault_Handler  stm32f4xx_it.o
    0x20004ace   0x20004ace   0x00000002   PAD
    0x20004ad0   0x20004ad0   0x00000028   Code   RO         7153    i.__0sprintf$6      mc_w.l(printf6.o)
    0x20004af8   0x20004af8   0x00000020   Code   RO         2494    i.__NVIC_SetPriority  stm32f4xx_hal_cortex.o
    0x20004b18   0x20004b18   0x00000008   Code   RO         7347    i.__aeabi_errno_addr  mc_w.l(errno.o)
    0x20004b20   0x20004b20   0x0000000e   Code   RO         7371    i.__scatterload_copy  mc_w.l(handlers.o)
    0x20004b2e   0x20004b2e   0x00000002   Code   RO         7372    i.__scatterload_null  mc_w.l(handlers.o)
    0x20004b30   0x20004b30   0x0000000e   Code   RO         7373    i.__scatterload_zeroinit  mc_w.l(handlers.o)
    0x20004b3e   0x20004b3e   0x00000002   PAD
    0x20004b40   0x20004b40   0x000002f0   Code   RO         7158    i._printf_core      mc_w.l(printf6.o)
    0x20004e30   0x20004e30   0x00000024   Code   RO         7159    i._printf_post_padding  mc_w.l(printf6.o)
    0x20004e54   0x20004e54   0x0000002e   Code   RO         7160    i._printf_pre_padding  mc_w.l(printf6.o)
    0x20004e82   0x20004e82   0x0000000a   Code   RO         7162    i._sputc            mc_w.l(printf6.o)
    0x20004e8c   0x20004e8c   0x00000040   Code   RO          880    i.cmdProcessTask    freertos.o
    0x20004ecc   0x20004ecc   0x00000134   Code   RO           24    i.debug_bootloader_install  command.o
    0x20005000   0x20005000   0x00000010   Code   RO           25    i.debug_bootloader_mode  command.o
    0x20005010   0x20005010   0x00000050   Code   RO          527    i.debug_cal_dump    functions.o
    0x20005060   0x20005060   0x00000064   Code   RO          528    i.debug_cal_switch  functions.o
    0x200050c4   0x200050c4   0x00000018   Code   RO          529    i.debug_get_inter_exp  functions.o
    0x200050dc   0x200050dc   0x00000038   Code   RO          530    i.debug_pin         functions.o
    0x20005114   0x20005114   0x0000000c   Code   RO          531    i.debug_reset_cali  functions.o
    0x20005120   0x20005120   0x00000016   Code   RO          533    i.debug_sw_dac      functions.o
    0x20005136   0x20005136   0x00000002   PAD
    0x20005138   0x20005138   0x00000010   Code   RO          337    i.get_32_from_cali_area  common.o
    0x20005148   0x20005148   0x00000090   Code   RO          881    i.isrTask           freertos.o
    0x200051d8   0x200051d8   0x000000b8   Code   RO          718    i.main              main.o
    0x20005290   0x20005290   0x00000030   Code   RO          338    i.my_abs            common.o
    0x200052c0   0x200052c0   0x00000034   Code   RO         6416    i.osDelay           cmsis_os2.o
    0x200052f4   0x200052f4   0x00000038   Code   RO         6430    i.osKernelInitialize  cmsis_os2.o
    0x2000532c   0x2000532c   0x00000040   Code   RO         6433    i.osKernelStart     cmsis_os2.o
    0x2000536c   0x2000536c   0x0000007c   Code   RO         6436    i.osMessageQueueGet  cmsis_os2.o
    0x200053e8   0x200053e8   0x00000074   Code   RO         6441    i.osMessageQueueNew  cmsis_os2.o
    0x2000545c   0x2000545c   0x00000080   Code   RO         6442    i.osMessageQueuePut  cmsis_os2.o
    0x200054dc   0x200054dc   0x0000006c   Code   RO         6444    i.osMutexAcquire    cmsis_os2.o
    0x20005548   0x20005548   0x00000080   Code   RO         6447    i.osMutexNew        cmsis_os2.o
    0x200055c8   0x200055c8   0x0000005c   Code   RO         6448    i.osMutexRelease    cmsis_os2.o
    0x20005624   0x20005624   0x00000074   Code   RO         6449    i.osSemaphoreAcquire  cmsis_os2.o
    0x20005698   0x20005698   0x000000b0   Code   RO         6452    i.osSemaphoreNew    cmsis_os2.o
    0x20005748   0x20005748   0x00000070   Code   RO         6453    i.osSemaphoreRelease  cmsis_os2.o
    0x200057b8   0x200057b8   0x000000a4   Code   RO         6467    i.osThreadNew       cmsis_os2.o
    0x2000585c   0x2000585c   0x0000005c   Code   RO         5912    i.prvAddCurrentTaskToDelayedList  tasks.o
    0x200058b8   0x200058b8   0x000000d0   Code   RO         5913    i.prvAddNewTaskToReadyList  tasks.o
    0x20005988   0x20005988   0x00000058   Code   RO         6262    i.prvCheckForValidListAndQueue  timers.o
    0x200059e0   0x200059e0   0x00000026   Code   RO         5515    i.prvCopyDataFromQueue  queue.o
    0x20005a06   0x20005a06   0x0000006c   Code   RO         5516    i.prvCopyDataToQueue  queue.o
    0x20005a72   0x20005a72   0x00000034   Code   RO         5914    i.prvDeleteTCB      tasks.o
    0x20005aa6   0x20005aa6   0x00000002   PAD
    0x20005aa8   0x20005aa8   0x0000004c   Code   RO         6837    i.prvHeapInit       heap_4.o
    0x20005af4   0x20005af4   0x00000060   Code   RO         5915    i.prvIdleTask       tasks.o
    0x20005b54   0x20005b54   0x00000016   Code   RO         5517    i.prvInitialiseMutex  queue.o
    0x20005b6a   0x20005b6a   0x00000002   PAD
    0x20005b6c   0x20005b6c   0x00000022   Code   RO         5518    i.prvInitialiseNewQueue  queue.o
    0x20005b8e   0x20005b8e   0x0000009c   Code   RO         5916    i.prvInitialiseNewTask  tasks.o
    0x20005c2a   0x20005c2a   0x00000002   PAD
    0x20005c2c   0x20005c2c   0x0000004c   Code   RO         6838    i.prvInsertBlockIntoFreeList  heap_4.o
    0x20005c78   0x20005c78   0x00000038   Code   RO         6264    i.prvInsertTimerInActiveList  timers.o
    0x20005cb0   0x20005cb0   0x0000001c   Code   RO         5519    i.prvIsQueueEmpty   queue.o
    0x20005ccc   0x20005ccc   0x000000cc   Code   RO         6265    i.prvProcessReceivedCommands  timers.o
    0x20005d98   0x20005d98   0x000000b4   Code   RO         6266    i.prvProcessTimerOrBlockTask  timers.o
    0x20005e4c   0x20005e4c   0x00000020   Code   RO         5918    i.prvResetNextTaskUnblockTime  tasks.o
    0x20005e6c   0x20005e6c   0x00000028   Code   RO         6267    i.prvSampleTimeNow  timers.o
    0x20005e94   0x20005e94   0x0000006c   Code   RO         6268    i.prvSwitchTimerLists  timers.o
    0x20005f00   0x20005f00   0x00000028   Code   RO         6888    i.prvTaskExitError  port.o
    0x20005f28   0x20005f28   0x00000024   Code   RO         6269    i.prvTimerTask      timers.o
    0x20005f4c   0x20005f4c   0x0000006a   Code   RO         5520    i.prvUnlockQueue    queue.o
    0x20005fb6   0x20005fb6   0x00000002   PAD
    0x20005fb8   0x20005fb8   0x000000d8   Code   RO         6839    i.pvPortMalloc      heap_4.o
    0x20006090   0x20006090   0x00000018   Code   RO         5921    i.pvTaskIncrementMutexHeldCount  tasks.o
    0x200060a8   0x200060a8   0x0000002c   Code   RO         6889    i.pxPortInitialiseStack  port.o
    0x200060d4   0x200060d4   0x000000a0   Code   RO          535    i.set_sw_dac        functions.o
    0x20006174   0x20006174   0x00000084   Code   RO          536    i.set_sw_dac_2      functions.o
    0x200061f8   0x200061f8   0x000000a0   Code   RO          882    i.swIsrTask         freertos.o
    0x20006298   0x20006298   0x00000004   Code   RO          339    i.switch_endian     common.o
    0x2000629c   0x2000629c   0x00000190   Code   RO          883    i.uartProcessTask   freertos.o
    0x2000642c   0x2000642c   0x00000068   Code   RO         5922    i.ulTaskNotifyTake  tasks.o
    0x20006494   0x20006494   0x00000026   Code   RO         5475    i.uxListRemove      list.o
    0x200064ba   0x200064ba   0x00000002   PAD
    0x200064bc   0x200064bc   0x00000014   Code   RO         6479    i.vApplicationGetIdleTaskMemory  cmsis_os2.o
    0x200064d0   0x200064d0   0x00000018   Code   RO         6480    i.vApplicationGetTimerTaskMemory  cmsis_os2.o
    0x200064e8   0x200064e8   0x00000016   Code   RO         5476    i.vListInitialise   list.o
    0x200064fe   0x200064fe   0x00000006   Code   RO         5477    i.vListInitialiseItem  list.o
    0x20006504   0x20006504   0x00000030   Code   RO         5478    i.vListInsert       list.o
    0x20006534   0x20006534   0x00000018   Code   RO         5479    i.vListInsertEnd    list.o
    0x2000654c   0x2000654c   0x00000040   Code   RO         6891    i.vPortEnterCritical  port.o
    0x2000658c   0x2000658c   0x00000028   Code   RO         6892    i.vPortExitCritical  port.o
    0x200065b4   0x200065b4   0x0000005c   Code   RO         6840    i.vPortFree         heap_4.o
    0x20006610   0x20006610   0x00000024   Code   RO         6893    i.vPortSetupTimerInterrupt  port.o
    0x20006634   0x20006634   0x00000054   Code   RO         6894    i.vPortValidateInterruptPriority  port.o
    0x20006688   0x20006688   0x00000028   Code   RO         5526    i.vQueueAddToRegistry  queue.o
    0x200066b0   0x200066b0   0x0000002e   Code   RO         5527    i.vQueueDelete      queue.o
    0x200066de   0x200066de   0x00000002   PAD
    0x200066e0   0x200066e0   0x00000028   Code   RO         5529    i.vQueueUnregisterQueue  queue.o
    0x20006708   0x20006708   0x00000044   Code   RO         5530    i.vQueueWaitForMessageRestricted  queue.o
    0x2000674c   0x2000674c   0x0000004c   Code   RO         5930    i.vTaskDelay        tasks.o
    0x20006798   0x20006798   0x00000010   Code   RO         5935    i.vTaskInternalSetTimeOutState  tasks.o
    0x200067a8   0x200067a8   0x0000000c   Code   RO         5936    i.vTaskMissedYield  tasks.o
    0x200067b4   0x200067b4   0x00000030   Code   RO         5938    i.vTaskPlaceOnEventList  tasks.o
    0x200067e4   0x200067e4   0x00000038   Code   RO         5939    i.vTaskPlaceOnEventListRestricted  tasks.o
    0x2000681c   0x2000681c   0x00000090   Code   RO         5941    i.vTaskPriorityDisinheritAfterTimeout  tasks.o
    0x200068ac   0x200068ac   0x00000088   Code   RO         5947    i.vTaskStartScheduler  tasks.o
    0x20006934   0x20006934   0x00000010   Code   RO         5949    i.vTaskSuspendAll   tasks.o
    0x20006944   0x20006944   0x00000064   Code   RO         5950    i.vTaskSwitchContext  tasks.o
    0x200069a8   0x200069a8   0x00000018   Code   RO          884    i.watchdogTask      freertos.o
    0x200069c0   0x200069c0   0x0000001c   Code   RO          340    i.write_32_to_cali_area  common.o
    0x200069dc   0x200069dc   0x000000f4   Code   RO         6895    i.xPortStartScheduler  port.o
    0x20006ad0   0x20006ad0   0x0000003a   Code   RO         5531    i.xQueueCreateCountingSemaphore  queue.o
    0x20006b0a   0x20006b0a   0x00000040   Code   RO         5532    i.xQueueCreateCountingSemaphoreStatic  queue.o
    0x20006b4a   0x20006b4a   0x00000016   Code   RO         5533    i.xQueueCreateMutex  queue.o
    0x20006b60   0x20006b60   0x0000001a   Code   RO         5534    i.xQueueCreateMutexStatic  queue.o
    0x20006b7a   0x20006b7a   0x00000048   Code   RO         5535    i.xQueueGenericCreate  queue.o
    0x20006bc2   0x20006bc2   0x00000066   Code   RO         5536    i.xQueueGenericCreateStatic  queue.o
    0x20006c28   0x20006c28   0x00000088   Code   RO         5537    i.xQueueGenericReset  queue.o
    0x20006cb0   0x20006cb0   0x00000160   Code   RO         5538    i.xQueueGenericSend  queue.o
    0x20006e10   0x20006e10   0x000000bc   Code   RO         5539    i.xQueueGenericSendFromISR  queue.o
    0x20006ecc   0x20006ecc   0x0000009c   Code   RO         5542    i.xQueueGiveFromISR  queue.o
    0x20006f68   0x20006f68   0x0000003e   Code   RO         5543    i.xQueueGiveMutexRecursive  queue.o
    0x20006fa6   0x20006fa6   0x00000002   PAD
    0x20006fa8   0x20006fa8   0x00000138   Code   RO         5548    i.xQueueReceive     queue.o
    0x200070e0   0x200070e0   0x0000009a   Code   RO         5549    i.xQueueReceiveFromISR  queue.o
    0x2000717a   0x2000717a   0x00000002   PAD
    0x2000717c   0x2000717c   0x00000178   Code   RO         5550    i.xQueueSemaphoreTake  queue.o
    0x200072f4   0x200072f4   0x00000040   Code   RO         5551    i.xQueueTakeMutexRecursive  queue.o
    0x20007334   0x20007334   0x00000074   Code   RO         5951    i.xTaskCheckForTimeOut  tasks.o
    0x200073a8   0x200073a8   0x0000005a   Code   RO         5952    i.xTaskCreate       tasks.o
    0x20007402   0x20007402   0x00000056   Code   RO         5953    i.xTaskCreateStatic  tasks.o
    0x20007458   0x20007458   0x000000c8   Code   RO         5954    i.xTaskGenericNotify  tasks.o
    0x20007520   0x20007520   0x0000000c   Code   RO         5956    i.xTaskGetCurrentTaskHandle  tasks.o
    0x2000752c   0x2000752c   0x0000001c   Code   RO         5957    i.xTaskGetSchedulerState  tasks.o
    0x20007548   0x20007548   0x0000000c   Code   RO         5958    i.xTaskGetTickCount  tasks.o
    0x20007554   0x20007554   0x000000c8   Code   RO         5960    i.xTaskIncrementTick  tasks.o
    0x2000761c   0x2000761c   0x00000080   Code   RO         5963    i.xTaskPriorityDisinherit  tasks.o
    0x2000769c   0x2000769c   0x00000078   Code   RO         5964    i.xTaskPriorityInherit  tasks.o
    0x20007714   0x20007714   0x00000070   Code   RO         5965    i.xTaskRemoveFromEventList  tasks.o
    0x20007784   0x20007784   0x000000c4   Code   RO         5966    i.xTaskResumeAll    tasks.o
    0x20007848   0x20007848   0x00000060   Code   RO         6276    i.xTimerCreateTimerTask  timers.o
    0x200078a8   0x200078a8   0x00000068   Code   RO         6277    i.xTimerGenericCommand  timers.o
    0x20007910   0x20007910   0x000000e8   Data   RO          885    .constdata          freertos.o
    0x200079f8   0x200079f8   0x00000008   Data   RO         2193    .constdata          stm32f4xx_hal_dma.o
    0x20007a00   0x20007a00   0x00000010   Data   RO         5311    .constdata          system_stm32f4xx.o
    0x20007a10   0x20007a10   0x00000008   Data   RO         5312    .constdata          system_stm32f4xx.o
    0x20007a18   0x20007a18   0x00000081   Data   RO         7320    .constdata          mc_w.l(ctype_o.o)
    0x20007a99   0x20007a99   0x00000003   PAD
    0x20007a9c   0x20007a9c   0x00000004   Data   RO         7321    .constdata          mc_w.l(ctype_o.o)
    0x20007aa0   0x20007aa0   0x00000019   Data   RO           27    .conststring        command.o
    0x20007ab9   0x20007ab9   0x00000003   PAD
    0x20007abc   0x20007abc   0x00000056   Data   RO          886    .conststring        freertos.o
    0x20007b12   0x20007b12   0x00000002   PAD
    0x20007b14   0x20007b14   0x00000020   Data   RO         7369    Region$$Table       anon$$obj.o


    Execution Region RW_IRAM1 (Exec base: 0x20018000, Load base: 0x20007b34, Size: 0x000060c8, Max: 0x00017c00, ABSOLUTE, COMPRESSED[0x000004a8])

    Exec Addr    Load Addr    Size         Type   Attr      Idx    E Section Name        Object

    0x20018000   COMPRESSED   0x00000048   Data   RW           28    .data               command.o
    0x20018048   COMPRESSED   0x00000400   Data   RW          342    .data               common.o
    0x20018448   COMPRESSED   0x00000098   Data   RW          537    .data               functions.o
    0x200184e0   COMPRESSED   0x00000003   Data   RW          722    .data               main.o
    0x200184e3   COMPRESSED   0x00000001   Data   RW          723    .data               main.o
    0x200184e4   COMPRESSED   0x0000004c   Data   RW          887    .data               freertos.o
    0x20018530   COMPRESSED   0x0000000c   Data   RW         2640    .data               stm32f4xx_hal.o
    0x2001853c   COMPRESSED   0x00000004   Data   RW         5313    .data               system_stm32f4xx.o
    0x20018540   COMPRESSED   0x0000003c   Data   RW         5969    .data               tasks.o
    0x2001857c   COMPRESSED   0x00000014   Data   RW         6285    .data               timers.o
    0x20018590   COMPRESSED   0x00000004   Data   RW         6482    .data               cmsis_os2.o
    0x20018594   COMPRESSED   0x00000018   Data   RW         6845    .data               heap_4.o
    0x200185ac   COMPRESSED   0x0000000c   Data   RW         6896    .data               port.o
    0x200185b8   COMPRESSED   0x00000004   Data   RW         7350    .data               mc_w.l(errno.o)
    0x200185bc        -       0x000009a0   Zero   RW           26    .bss                command.o
    0x20018f5c        -       0x00000044   Zero   RW          720    .bss                main.o
    0x20018fa0        -       0x00000048   Zero   RW          815    .bss                adc.o
    0x20018fe8        -       0x000000a8   Zero   RW          956    .bss                i2c.o
    0x20019090        -       0x0000000c   Zero   RW         1001    .bss                iwdg.o
    0x2001909c        -       0x00000020   Zero   RW         1033    .bss                rtc.o
    0x200190bc        -       0x000001b8   Zero   RW         1079    .bss                spi.o
    0x20019274        -       0x00000040   Zero   RW         1141    .bss                tim.o
    0x200192b4        -       0x000000e0   Zero   RW         1185    .bss                usart.o
    0x20019394        -       0x00000040   Zero   RW         1356    .bss                stm32f4xx_hal_timebase_tim.o
    0x200193d4        -       0x00000020   Zero   RW         1852    .bss                stm32f4xx_hal_flash.o
    0x200193f4        -       0x00000040   Zero   RW         5552    .bss                queue.o
    0x20019434        -       0x000004c4   Zero   RW         5968    .bss                tasks.o
    0x200198f8        -       0x00000118   Zero   RW         6284    .bss                timers.o
    0x20019a10        -       0x000006b8   Zero   RW         6481    .bss                cmsis_os2.o
    0x2001a0c8        -       0x00003c00   Zero   RW         6844    .bss                heap_4.o
    0x2001dcc8        -       0x00000400   Zero   RW            1    STACK               startup_stm32f427xx.o


    Execution Region RW_IRAM2 (Exec base: 0x2002fc00, Load base: 0x20007fdc, Size: 0x0000000c, Max: 0x00000400, ABSOLUTE, UNINIT)

    Exec Addr    Load Addr    Size         Type   Attr      Idx    E Section Name        Object

    0x2002fc00        -       0x0000000c   Zero   RW          719    .ARM.__AT_0x2002FC00  main.o


==============================================================================

Image component sizes


      Code (inc. data)   RO Data    RW Data    ZI Data      Debug   Object Name

       144         26          0          0         72       1585   adc.o
      1480         88          0          4       1720      29108   cmsis_os2.o
      1896        164         25         72       2464     815725   command.o
       652         72          0       1024          0      11606   common.o
        44          4          0          0          0        782   dma.o
         0          0          0          0          0      20164   event_groups.o
       212          8          0          0          0       3030   flash_if.o
      1164         96        318         76          0       6771   freertos.o
      1738        150          0        152          0      16831   functions.o
       524         42          0          0          0       1267   gpio.o
       460         24          0         24      15360       4859   heap_4.o
       516         50          0          0        168       2622   i2c.o
        44          8          0          0         12        735   iwdg.o
       138          0          0          0          0       3630   list.o
       878        126          0          4         80       5595   main.o
       786         82          0         12          0      11761   port.o
      2674         28          0          0         64      30568   queue.o
        76         16          0          0         32       1495   rtc.o
       796         94          0          0        440       4469   spi.o
        36          8        428          0       1024        852   startup_stm32f427xx.o
       116         18          0         12          0       8962   stm32f4xx_hal.o
       736         34          0          0          0       2951   stm32f4xx_hal_adc.o
       158         14          0          0          0      33226   stm32f4xx_hal_cortex.o
      1080         16          8          0          0       7482   stm32f4xx_hal_dma.o
       746         74          0          0         32       8152   stm32f4xx_hal_flash.o
       492         32          0          0          0       5257   stm32f4xx_hal_flash_ex.o
       512         60          0          0          0       3778   stm32f4xx_hal_gpio.o
       392         16          0          0          0       3079   stm32f4xx_hal_i2c.o
       128          0          0          0          0       1903   stm32f4xx_hal_i2c_ex.o
        94          0          0          0          0       1799   stm32f4xx_hal_iwdg.o
        76          6          0          0          0        882   stm32f4xx_hal_msp.o
       112         14          0          0          0       1316   stm32f4xx_hal_pwr_ex.o
      1396         92          0          0          0       5989   stm32f4xx_hal_rcc.o
       596         36          0          0          0       1640   stm32f4xx_hal_rcc_ex.o
       284          6          0          0          0       2924   stm32f4xx_hal_rtc.o
       712          8          0          0          0       4502   stm32f4xx_hal_spi.o
       696         44          0          0          0       7464   stm32f4xx_hal_tim.o
       148         28          0          0          0       2513   stm32f4xx_hal_tim_ex.o
       116         16          0          0         64       1440   stm32f4xx_hal_timebase_tim.o
      1738         30          0          0          0      14635   stm32f4xx_hal_uart.o
        72         24          0          0          0       5707   stm32f4xx_it.o
         0          0          0          0          0       8888   stream_buffer.o
        24          4         24          4          0       1199   system_stm32f4xx.o
      2668        226          0         60       1220      29689   tasks.o
       128         20          0          0         64       1618   tim.o
       912         82          0         20        280      26419   timers.o
       388         54          0          0        224       3195   usart.o

    ----------------------------------------------------------------------
     28828       2040        840       1464      23320    1170064   Object Totals
         0          0         32          0          0          0   (incl. Generated)
        50          0          5          0          0          0   (incl. Padding)

    ----------------------------------------------------------------------

      Code (inc. data)   RO Data    RW Data    ZI Data      Debug   Library Member Name

        86          0          0          0          0          0   __dczerorl2.o
        28          0          0          0          0         68   _chval.o
       158          0          0          0          0         92   _strtoul.o
         8          4        133          0          0         68   ctype_o.o
         0          0          0          0          0          0   entry.o
         0          0          0          0          0          0   entry10a.o
         0          0          0          0          0          0   entry11a.o
         8          4          0          0          0          0   entry2.o
         4          0          0          0          0          0   entry5.o
         0          0          0          0          0          0   entry7b.o
         0          0          0          0          0          0   entry8b.o
         8          4          0          0          0          0   entry9a.o
         8          4          0          4          0         68   errno.o
        30          0          0          0          0          0   handlers.o
        36          8          0          0          0         68   init.o
        30          0          0          0          0         68   llshl.o
        32          0          0          0          0         68   llushr.o
        36          0          0          0          0         68   memcpya.o
        36          0          0          0          0        108   memseta.o
       884         10          0          0          0        420   printf6.o
        28          0          0          0          0         76   strcmp.o
        30          0          0          0          0         80   strncmp.o
        24          0          0          0          0         76   strncpy.o
       114          0          0          0          0         92   strtoul.o
        44          0          0          0          0         80   uidiv.o
        98          0          0          0          0         92   uldiv.o

    ----------------------------------------------------------------------
      1736         34        136          4          0       1592   Library Totals
         6          0          3          0          0          0   (incl. Padding)

    ----------------------------------------------------------------------

      Code (inc. data)   RO Data    RW Data    ZI Data      Debug   Library Name

      1730         34        133          4          0       1592   mc_w.l

    ----------------------------------------------------------------------
      1736         34        136          4          0       1592   Library Totals

    ----------------------------------------------------------------------

==============================================================================


      Code (inc. data)   RO Data    RW Data    ZI Data      Debug   

     30564       2074        976       1468      23320    1143460   Grand Totals
     30564       2074        976       1192      23320    1143460   ELF Image Totals (compressed)
     30564       2074        976       1192          0          0   ROM Totals

==============================================================================

    Total RO  Size (Code + RO Data)                31540 (  30.80kB)
    Total RW  Size (RW Data + ZI Data)             24788 (  24.21kB)
    Total ROM Size (Code + RO Data + RW Data)      32732 (  31.96kB)

==============================================================================

