Component: ARM Compiler 5.06 update 6 (build 750) Tool: armlink [4d35ed]

==============================================================================

Section Cross References

    startup_stm32f427xx.o(RESET) refers to startup_stm32f427xx.o(STACK) for __initial_sp
    startup_stm32f427xx.o(RESET) refers to startup_stm32f427xx.o(.text) for Reset_Handler
    startup_stm32f427xx.o(RESET) refers to stm32f4xx_it.o(i.NMI_Handler) for NMI_Handler
    startup_stm32f427xx.o(RESET) refers to stm32f4xx_it.o(i.HardFault_Handler) for HardFault_Handler
    startup_stm32f427xx.o(RESET) refers to stm32f4xx_it.o(i.MemManage_Handler) for MemManage_Handler
    startup_stm32f427xx.o(RESET) refers to stm32f4xx_it.o(i.BusFault_Handler) for BusFault_Handler
    startup_stm32f427xx.o(RESET) refers to stm32f4xx_it.o(i.UsageFault_Handler) for UsageFault_Handler
    startup_stm32f427xx.o(RESET) refers to stm32f4xx_it.o(i.SVC_Handler) for SVC_Handler
    startup_stm32f427xx.o(RESET) refers to stm32f4xx_it.o(i.DebugMon_Handler) for DebugMon_Handler
    startup_stm32f427xx.o(RESET) refers to stm32f4xx_it.o(i.PendSV_Handler) for PendSV_Handler
    startup_stm32f427xx.o(RESET) refers to stm32f4xx_it.o(i.SysTick_Handler) for SysTick_Handler
    startup_stm32f427xx.o(RESET) refers to stm32f4xx_it.o(i.TIM2_IRQHandler) for TIM2_IRQHandler
    startup_stm32f427xx.o(RESET) refers to stm32f4xx_it.o(i.TIM3_IRQHandler) for TIM3_IRQHandler
    startup_stm32f427xx.o(RESET) refers to stm32f4xx_it.o(i.USART1_IRQHandler) for USART1_IRQHandler
    startup_stm32f427xx.o(RESET) refers to stm32f4xx_it.o(i.USART2_IRQHandler) for USART2_IRQHandler
    startup_stm32f427xx.o(RESET) refers to stm32f4xx_it.o(i.USART3_IRQHandler) for USART3_IRQHandler
    startup_stm32f427xx.o(.text) refers to system_stm32f4xx.o(i.SystemInit) for SystemInit
    startup_stm32f427xx.o(.text) refers to entry.o(.ARM.Collect$$$$00000000) for __main
    cmd.o(i.cmd_help) refers to memseta.o(.text) for __aeabi_memset
    cmd.o(i.cmd_help) refers to strcmp.o(.text) for strcmp
    cmd.o(i.cmd_help) refers to strlen.o(.text) for strlen
    cmd.o(i.cmd_help) refers to printfa.o(i.__0sprintf) for __2sprintf
    cmd.o(i.cmd_help) refers to usart.o(i.serial_tx) for serial_tx
    cmd.o(i.cmd_help) refers to stm32f4xx_hal_uart.o(i.HAL_UART_Transmit) for HAL_UART_Transmit
    cmd.o(i.cmd_help) refers to stm32f4xx_hal.o(i.HAL_Delay) for HAL_Delay
    cmd.o(i.cmd_help) refers to main.o(.data) for uart1_irq_sel
    cmd.o(i.cmd_help) refers to main.o(.data) for cmdlist
    cmd.o(i.cmd_help) refers to main.o(.constdata) for cmd_count
    cmd.o(i.cmd_help) refers to main.o(.bss) for usart1_tx_buf
    cmd.o(i.cmd_help) refers to usart.o(.bss) for huart3
    cmd.o(i.cmd_help2) refers to strcasecmp.o(.text) for strcasecmp
    cmd.o(i.cmd_help2) refers to printfa.o(i.__0sprintf) for __2sprintf
    cmd.o(i.cmd_help2) refers to strlen.o(.text) for strlen
    cmd.o(i.cmd_help2) refers to usart.o(i.serial_tx) for serial_tx
    cmd.o(i.cmd_help2) refers to stm32f4xx_hal_uart.o(i.HAL_UART_Transmit) for HAL_UART_Transmit
    cmd.o(i.cmd_help2) refers to main.o(.data) for cmdlist
    cmd.o(i.cmd_help2) refers to main.o(.constdata) for cmd_count
    cmd.o(i.cmd_help2) refers to main.o(.bss) for usart1_tx_buf
    cmd.o(i.cmd_help2) refers to main.o(.data) for uart1_irq_sel
    cmd.o(i.cmd_help2) refers to usart.o(.bss) for huart3
    cmd.o(i.process_cmd) refers to strtok.o(.text) for strtok
    cmd.o(i.process_cmd) refers to strcasecmp.o(.text) for strcasecmp
    cmd.o(i.process_cmd) refers to printfa.o(i.__0sprintf) for __2sprintf
    cmd.o(i.process_cmd) refers to strlen.o(.text) for strlen
    cmd.o(i.process_cmd) refers to usart.o(i.serial_tx) for serial_tx
    cmd.o(i.process_cmd) refers to stm32f4xx_hal_uart.o(i.HAL_UART_Transmit) for HAL_UART_Transmit
    cmd.o(i.process_cmd) refers to main.o(.data) for uart1_irq_sel
    cmd.o(i.process_cmd) refers to main.o(.data) for cmdlist
    cmd.o(i.process_cmd) refers to main.o(.constdata) for cmd_count
    cmd.o(i.process_cmd) refers to main.o(.bss) for usart1_tx_buf
    cmd.o(i.process_cmd) refers to usart.o(.bss) for huart3
    function.o(i.Cal_CRC16) refers to function.o(i.UpdateCRC16) for UpdateCRC16
    function.o(i.Cal_CRC32) refers to function.o(.data) for .data
    function.o(i.I2cEepromRead) refers to stm32f4xx_hal_i2c.o(i.HAL_I2C_Mem_Read) for HAL_I2C_Mem_Read
    function.o(i.I2cEepromRead) refers to stm32f4xx_hal.o(i.HAL_Delay) for HAL_Delay
    function.o(i.I2cEepromRead) refers to i2c.o(.bss) for hi2c1
    function.o(i.I2cEepromWrite) refers to stm32f4xx_hal_i2c.o(i.HAL_I2C_Mem_Write) for HAL_I2C_Mem_Write
    function.o(i.I2cEepromWrite) refers to stm32f4xx_hal.o(i.HAL_Delay) for HAL_Delay
    function.o(i.I2cEepromWrite) refers to i2c.o(.bss) for hi2c1
    function.o(i.PRINT_CHAR) refers to printfa.o(i.__0sprintf) for __2sprintf
    function.o(i.PRINT_CHAR) refers to strlen.o(.text) for strlen
[...]
    i.HAL_DMA_Abort_IT                       0x081813c4   Section        0  stm32f4xx_hal_dma.o(i.HAL_DMA_Abort_IT)
    i.HAL_Delay                              0x081813e8   Section        0  stm32f4xx_hal.o(i.HAL_Delay)
    i.HAL_GPIO_Init                          0x0818140c   Section        0  stm32f4xx_hal_gpio.o(i.HAL_GPIO_Init)
    i.HAL_GPIO_ReadPin                       0x081815e0   Section        0  stm32f4xx_hal_gpio.o(i.HAL_GPIO_ReadPin)
    i.HAL_GPIO_WritePin                      0x081815ea   Section        0  stm32f4xx_hal_gpio.o(i.HAL_GPIO_WritePin)
    i.HAL_GetTick                            0x081815f4   Section        0  stm32f4xx_hal.o(i.HAL_GetTick)
    i.HAL_I2CEx_ConfigAnalogFilter           0x08181600   Section        0  stm32f4xx_hal_i2c_ex.o(i.HAL_I2CEx_ConfigAnalogFilter)
    i.HAL_I2CEx_ConfigDigitalFilter          0x08181642   Section        0  stm32f4xx_hal_i2c_ex.o(i.HAL_I2CEx_ConfigDigitalFilter)
    i.HAL_I2C_Init                           0x08181680   Section        0  stm32f4xx_hal_i2c.o(i.HAL_I2C_Init)
    i.HAL_I2C_Master_Receive                 0x08181808   Section        0  stm32f4xx_hal_i2c.o(i.HAL_I2C_Master_Receive)
    i.HAL_I2C_Mem_Read                       0x081819e8   Section        0  stm32f4xx_hal_i2c.o(i.HAL_I2C_Mem_Read)
    i.HAL_I2C_Mem_Write                      0x08181be0   Section        0  stm32f4xx_hal_i2c.o(i.HAL_I2C_Mem_Write)
    i.HAL_I2C_MspInit                        0x08181d10   Section        0  i2c.o(i.HAL_I2C_MspInit)
    i.HAL_IncTick                            0x08181d78   Section        0  stm32f4xx_hal.o(i.HAL_IncTick)
    i.HAL_Init                               0x08181d88   Section        0  stm32f4xx_hal.o(i.HAL_Init)
    i.HAL_InitTick                           0x08181dbc   Section        0  stm32f4xx_hal.o(i.HAL_InitTick)
    i.HAL_MspInit                            0x08181dfc   Section        0  stm32f4xx_hal_msp.o(i.HAL_MspInit)
    i.HAL_NVIC_EnableIRQ                     0x08181e2c   Section        0  stm32f4xx_hal_cortex.o(i.HAL_NVIC_EnableIRQ)
    i.HAL_NVIC_SetPriority                   0x08181e48   Section        0  stm32f4xx_hal_cortex.o(i.HAL_NVIC_SetPriority)
    i.HAL_NVIC_SetPriorityGrouping           0x08181e88   Section        0  stm32f4xx_hal_cortex.o(i.HAL_NVIC_SetPriorityGrouping)
    i.HAL_PWREx_EnableOverDrive              0x08181eac   Section        0  stm32f4xx_hal_pwr_ex.o(i.HAL_PWREx_EnableOverDrive)
    i.HAL_RCC_ClockConfig                    0x08181f1c   Section        0  stm32f4xx_hal_rcc.o(i.HAL_RCC_ClockConfig)
    i.HAL_RCC_GetPCLK1Freq                   0x08182050   Section        0  stm32f4xx_hal_rcc.o(i.HAL_RCC_GetPCLK1Freq)
    i.HAL_RCC_GetPCLK2Freq                   0x08182070   Section        0  stm32f4xx_hal_rcc.o(i.HAL_RCC_GetPCLK2Freq)
    i.HAL_RCC_GetSysClockFreq                0x08182090   Section        0  stm32f4xx_hal_rcc.o(i.HAL_RCC_GetSysClockFreq)
    i.HAL_RCC_OscConfig                      0x081820f4   Section        0  stm32f4xx_hal_rcc.o(i.HAL_RCC_OscConfig)
    i.HAL_SYSTICK_Config                     0x08182450   Section        0  stm32f4xx_hal_cortex.o(i.HAL_SYSTICK_Config)
    i.HAL_TIMEx_BreakCallback                0x08182478   Section        0  stm32f4xx_hal_tim_ex.o(i.HAL_TIMEx_BreakCallback)
    i.HAL_TIMEx_CommutCallback               0x0818247a   Section        0  stm32f4xx_hal_tim_ex.o(i.HAL_TIMEx_CommutCallback)
    i.HAL_TIMEx_MasterConfigSynchronization  0x0818247c   Section        0  stm32f4xx_hal_tim_ex.o(i.HAL_TIMEx_MasterConfigSynchronization)
    i.HAL_TIM_Base_Init                      0x0818250c   Section        0  stm32f4xx_hal_tim.o(i.HAL_TIM_Base_Init)
    i.HAL_TIM_Base_MspInit                   0x08182544   Section        0  tim.o(i.HAL_TIM_Base_MspInit)
    i.HAL_TIM_ConfigClockSource              0x081825a4   Section        0  stm32f4xx_hal_tim.o(i.HAL_TIM_ConfigClockSource)
    i.HAL_TIM_IC_CaptureCallback             0x0818267a   Section        0  stm32f4xx_hal_tim.o(i.HAL_TIM_IC_CaptureCallback)
    i.HAL_TIM_IRQHandler                     0x0818267c   Section        0  stm32f4xx_hal_tim.o(i.HAL_TIM_IRQHandler)
    i.HAL_TIM_OC_DelayElapsedCallback        0x081827e2   Section        0  stm32f4xx_hal_tim.o(i.HAL_TIM_OC_DelayElapsedCallback)
    i.HAL_TIM_PWM_PulseFinishedCallback      0x081827e4   Section        0  stm32f4xx_hal_tim.o(i.HAL_TIM_PWM_PulseFinishedCallback)
    i.HAL_TIM_PeriodElapsedCallback          0x081827e6   Section        0  main.o(i.HAL_TIM_PeriodElapsedCallback)
    i.HAL_TIM_TriggerCallback                0x081827e8   Section        0  stm32f4xx_hal_tim.o(i.HAL_TIM_TriggerCallback)
    i.HAL_UART_ErrorCallback                 0x081827ea   Section        0  stm32f4xx_hal_uart.o(i.HAL_UART_ErrorCallback)
    i.HAL_UART_IRQHandler                    0x081827ec   Section        0  stm32f4xx_hal_uart.o(i.HAL_UART_IRQHandler)
    i.HAL_UART_Init                          0x08182900   Section        0  stm32f4xx_hal_uart.o(i.HAL_UART_Init)
    i.HAL_UART_MspInit                       0x08182964   Section        0  usart.o(i.HAL_UART_MspInit)
    i.HAL_UART_Receive                       0x08182a80   Section        0  stm32f4xx_hal_uart.o(i.HAL_UART_Receive)
    i.HAL_UART_Receive_IT                    0x08182b3e   Section        0  stm32f4xx_hal_uart.o(i.HAL_UART_Receive_IT)
    i.HAL_UART_RxCpltCallback                0x08182b90   Section        0  main.o(i.HAL_UART_RxCpltCallback)
    i.HAL_UART_Transmit                      0x08182c04   Section        0  stm32f4xx_hal_uart.o(i.HAL_UART_Transmit)
    i.HAL_UART_TxCpltCallback                0x08182cbe   Section        0  stm32f4xx_hal_uart.o(i.HAL_UART_TxCpltCallback)
    i.HardFault_Handler                      0x08182cc0   Section        0  stm32f4xx_it.o(i.HardFault_Handler)
    i.I2C_IsAcknowledgeFailed                0x08182cc2   Section        0  stm32f4xx_hal_i2c.o(i.I2C_IsAcknowledgeFailed)
    I2C_IsAcknowledgeFailed                  0x08182cc3   Thumb Code    46  stm32f4xx_hal_i2c.o(i.I2C_IsAcknowledgeFailed)
    i.I2C_MasterRequestRead                  0x08182cf0   Section        0  stm32f4xx_hal_i2c.o(i.I2C_MasterRequestRead)
    I2C_MasterRequestRead                    0x08182cf1   Thumb Code   230  stm32f4xx_hal_i2c.o(i.I2C_MasterRequestRead)
    i.I2C_RequestMemoryRead                  0x08182ddc   Section        0  stm32f4xx_hal_i2c.o(i.I2C_RequestMemoryRead)
    I2C_RequestMemoryRead                    0x08182ddd   Thumb Code   246  stm32f4xx_hal_i2c.o(i.I2C_RequestMemoryRead)
    i.I2C_RequestMemoryWrite                 0x08182ed8   Section        0  stm32f4xx_hal_i2c.o(i.I2C_RequestMemoryWrite)
    I2C_RequestMemoryWrite                   0x08182ed9   Thumb Code   162  stm32f4xx_hal_i2c.o(i.I2C_RequestMemoryWrite)
    i.I2C_WaitOnBTFFlagUntilTimeout          0x08182f80   Section        0  stm32f4xx_hal_i2c.o(i.I2C_WaitOnBTFFlagUntilTimeout)
    I2C_WaitOnBTFFlagUntilTimeout            0x08182f81   Thumb Code    76  stm32f4xx_hal_i2c.o(i.I2C_WaitOnBTFFlagUntilTimeout)
    i.I2C_WaitOnFlagUntilTimeout             0x08182fcc   Section        0  stm32f4xx_hal_i2c.o(i.I2C_WaitOnFlagUntilTimeout)
    I2C_WaitOnFlagUntilTimeout               0x08182fcd   Thumb Code   104  stm32f4xx_hal_i2c.o(i.I2C_WaitOnFlagUntilTimeout)
    i.I2C_WaitOnMasterAddressFlagUntilTimeout 0x08183034   Section        0  stm32f4xx_hal_i2c.o(i.I2C_WaitOnMasterAddressFlagUntilTimeout)
    I2C_WaitOnMasterAddressFlagUntilTimeout  0x08183035   Thumb Code   150  stm32f4xx_hal_i2c.o(i.I2C_WaitOnMasterAddressFlagUntilTimeout)
    i.I2C_WaitOnRXNEFlagUntilTimeout         0x081830ca   Section        0  stm32f4xx_hal_i2c.o(i.I2C_WaitOnRXNEFlagUntilTimeout)
    I2C_WaitOnRXNEFlagUntilTimeout           0x081830cb   Thumb Code   102  stm32f4xx_hal_i2c.o(i.I2C_WaitOnRXNEFlagUntilTimeout)
    i.I2C_WaitOnTXEFlagUntilTimeout          0x08183130   Section        0  stm32f4xx_hal_i2c.o(i.I2C_WaitOnTXEFlagUntilTimeout)
    I2C_WaitOnTXEFlagUntilTimeout            0x08183131   Thumb Code    76  stm32f4xx_hal_i2c.o(i.I2C_WaitOnTXEFlagUntilTimeout)
    i.I2cEepromRead                          0x0818317c   Section        0  function.o(i.I2cEepromRead)
    i.I2cEepromWrite                         0x081831d8   Section        0  function.o(i.I2cEepromWrite)
    i.MX_GPIO_Init                           0x08183238   Section        0  gpio.o(i.MX_GPIO_Init)
    i.MX_I2C1_Init                           0x0818334c   Section        0  i2c.o(i.MX_I2C1_Init)
    i.MX_TIM2_Init                           0x081833a8   Section        0  tim.o(i.MX_TIM2_Init)
    i.MX_TIM3_Init                           0x08183410   Section        0  tim.o(i.MX_TIM3_Init)
    i.MX_USART1_UART_Init                    0x08183478   Section        0  usart.o(i.MX_USART1_UART_Init)
    i.MX_USART2_UART_Init                    0x081834b0   Section        0  usart.o(i.MX_USART2_UART_Init)
    i.MX_USART3_UART_Init                    0x081834e8   Section        0  usart.o(i.MX_USART3_UART_Init)
    i.MemManage_Handler                      0x08183520   Section        0  stm32f4xx_it.o(i.MemManage_Handler)
    i.NMI_Handler                            0x08183522   Section        0  stm32f4xx_it.o(i.NMI_Handler)
    i.PRINT_CHAR                             0x08183524   Section        0  function.o(i.PRINT_CHAR)
    i.PRINT_DATA_USE_CSV                     0x081836e4   Section        0  function.o(i.PRINT_DATA_USE_CSV)
    i.PRINT_HEX                              0x0818387c   Section        0  function.o(i.PRINT_HEX)
    i.PendSV_Handler                         0x08183a28   Section        0  stm32f4xx_it.o(i.PendSV_Handler)
    i.SVC_Handler                            0x08183a2a   Section        0  stm32f4xx_it.o(i.SVC_Handler)
    i.SysTick_Handler                        0x08183a2c   Section        0  stm32f4xx_it.o(i.SysTick_Handler)
    i.SystemClock_Config                     0x08183a30   Section        0  main.o(i.SystemClock_Config)
    i.SystemInit                             0x08183abc   Section        0  system_stm32f4xx.o(i.SystemInit)
    i.TIM2_IRQHandler                        0x08183ad8   Section        0  stm32f4xx_it.o(i.TIM2_IRQHandler)
    i.TIM3_IRQHandler                        0x08183ae4   Section        0  stm32f4xx_it.o(i.TIM3_IRQHandler)
    i.TIM_Base_SetConfig                     0x08183af0   Section        0  stm32f4xx_hal_tim.o(i.TIM_Base_SetConfig)
    i.TIM_ETR_SetConfig                      0x08183bb8   Section        0  stm32f4xx_hal_tim.o(i.TIM_ETR_SetConfig)
    i.TIM_ITRx_SetConfig                     0x08183bcc   Section        0  stm32f4xx_hal_tim.o(i.TIM_ITRx_SetConfig)
    TIM_ITRx_SetConfig                       0x08183bcd   Thumb Code    16  stm32f4xx_hal_tim.o(i.TIM_ITRx_SetConfig)
    i.TIM_TI1_ConfigInputStage               0x08183bdc   Section        0  stm32f4xx_hal_tim.o(i.TIM_TI1_ConfigInputStage)
    TIM_TI1_ConfigInputStage                 0x08183bdd   Thumb Code    34  stm32f4xx_hal_tim.o(i.TIM_TI1_ConfigInputStage)
    i.TIM_TI2_ConfigInputStage               0x08183bfe   Section        0  stm32f4xx_hal_tim.o(i.TIM_TI2_ConfigInputStage)
    TIM_TI2_ConfigInputStage                 0x08183bff   Thumb Code    36  stm32f4xx_hal_tim.o(i.TIM_TI2_ConfigInputStage)
    i.UART_DMAAbortOnError                   0x08183c22   Section        0  stm32f4xx_hal_uart.o(i.UART_DMAAbortOnError)
    UART_DMAAbortOnError                     0x08183c23   Thumb Code    16  stm32f4xx_hal_uart.o(i.UART_DMAAbortOnError)
    i.UART_EndRxTransfer                     0x08183c32   Section        0  stm32f4xx_hal_uart.o(i.UART_EndRxTransfer)
    UART_EndRxTransfer                       0x08183c33   Thumb Code    28  stm32f4xx_hal_uart.o(i.UART_EndRxTransfer)
    i.UART_Receive_IT                        0x08183c4e   Section        0  stm32f4xx_hal_uart.o(i.UART_Receive_IT)
    UART_Receive_IT                          0x08183c4f   Thumb Code   150  stm32f4xx_hal_uart.o(i.UART_Receive_IT)
    i.UART_SetConfig                         0x08183ce4   Section        0  stm32f4xx_hal_uart.o(i.UART_SetConfig)
    UART_SetConfig                           0x08183ce5   Thumb Code   286  stm32f4xx_hal_uart.o(i.UART_SetConfig)
    i.UART_Transmit_IT                       0x08183e0c   Section        0  stm32f4xx_hal_uart.o(i.UART_Transmit_IT)
    UART_Transmit_IT                         0x08183e0d   Thumb Code    98  stm32f4xx_hal_uart.o(i.UART_Transmit_IT)
    i.UART_WaitOnFlagUntilTimeout            0x08183e6e   Section        0  stm32f4xx_hal_uart.o(i.UART_WaitOnFlagUntilTimeout)
    UART_WaitOnFlagUntilTimeout              0x08183e6f   Thumb Code   100  stm32f4xx_hal_uart.o(i.UART_WaitOnFlagUntilTimeout)
    i.USART1_IRQHandler                      0x08183ed4   Section        0  stm32f4xx_it.o(i.USART1_IRQHandler)
    i.USART2_IRQHandler                      0x08183ee0   Section        0  stm32f4xx_it.o(i.USART2_IRQHandler)
    i.USART3_IRQHandler                      0x08183f5c   Section        0  stm32f4xx_it.o(i.USART3_IRQHandler)
    i.UsageFault_Handler                     0x08183fcc   Section        0  stm32f4xx_it.o(i.UsageFault_Handler)
    i.__0sprintf                             0x08183fd0   Section        0  printfa.o(i.__0sprintf)
    i.__NVIC_SetPriority                     0x08183ff8   Section        0  stm32f4xx_hal_cortex.o(i.__NVIC_SetPriority)
    __NVIC_SetPriority                       0x08183ff9   Thumb Code    32  stm32f4xx_hal_cortex.o(i.__NVIC_SetPriority)
    i.__aeabi_errno_addr                     0x08184018   Section        0  errno.o(i.__aeabi_errno_addr)
    i.__scatterload_copy                     0x08184020   Section       14  handlers.o(i.__scatterload_copy)
    i.__scatterload_null                     0x0818402e   Section        2  handlers.o(i.__scatterload_null)
    i.__scatterload_zeroinit                 0x08184030   Section       14  handlers.o(i.__scatterload_zeroinit)
    i._fp_digits                             0x08184040   Section        0  printfa.o(i._fp_digits)
    _fp_digits                               0x08184041   Thumb Code   366  printfa.o(i._fp_digits)
    i._is_digit                              0x081841c4   Section        0  scanf_fp.o(i._is_digit)
    i._printf_core                           0x081841d4   Section        0  printfa.o(i._printf_core)
    _printf_core                             0x081841d5   Thumb Code  1744  printfa.o(i._printf_core)
    i._printf_post_padding                   0x081848b0   Section        0  printfa.o(i._printf_post_padding)
    _printf_post_padding                     0x081848b1   Thumb Code    36  printfa.o(i._printf_post_padding)
    i._printf_pre_padding                    0x081848d4   Section        0  printfa.o(i._printf_pre_padding)
    _printf_pre_padding                      0x081848d5   Thumb Code    46  printfa.o(i._printf_pre_padding)
    i._sputc                                 0x08184902   Section        0  printfa.o(i._sputc)
    _sputc                                   0x08184903   Thumb Code    10  printfa.o(i._sputc)
    i.cmd_eeprom                             0x0818490c   Section        0  function.o(i.cmd_eeprom)
    i.cmd_for_debug                          0x08184980   Section        0  function.o(i.cmd_for_debug)
    i.cmd_help                               0x08184c50   Section        0  cmd.o(i.cmd_help)
    i.cmd_help2                              0x08184d60   Section        0  cmd.o(i.cmd_help2)
    i.cmd_i2c                                0x08184efc   Section        0  function.o(i.cmd_i2c)
    i.cmd_power                              0x08185030   Section        0  function.o(i.cmd_power)
    i.cmd_upgrade                            0x08185090   Section        0  function.o(i.cmd_upgrade)
    i.cmd_version                            0x08185134   Section        0  function.o(i.cmd_version)
    i.debug_cal                              0x08185260   Section        0  function.o(i.debug_cal)
    i.debug_cal_sw                           0x0818550c   Section        0  function.o(i.debug_cal_sw)
    i.debug_check_cali                       0x0818561c   Section        0  function.o(i.debug_check_cali)
    i.debug_crc32                            0x081859d8   Section        0  function.o(i.debug_crc32)
    i.debug_dac                              0x08185a58   Section        0  function.o(i.debug_dac)
    i.debug_dac5504                          0x08185c10   Section        0  function.o(i.debug_dac5504)
    i.debug_dump                             0x08185c70   Section        0  function.o(i.debug_dump)
    i.debug_get_inter_exp                    0x08185fc8   Section        0  function.o(i.debug_get_inter_exp)
    i.debug_monitor                          0x08186070   Section        0  function.o(i.debug_monitor)
    i.debug_pin                              0x08186428   Section        0  function.o(i.debug_pin)
    i.debug_print_hex                        0x081864fc   Section        0  function.o(i.debug_print_hex)
    i.debug_reset_cali                       0x08186534   Section        0  function.o(i.debug_reset_cali)
    i.debug_reset_fw                         0x0818656c   Section        0  function.o(i.debug_reset_fw)
    i.debug_send_hex                         0x081865a4   Section        0  function.o(i.debug_send_hex)
    i.debug_switch_io                        0x08186a5c   Section        0  function.o(i.debug_switch_io)
    i.debug_tag                              0x08186b54   Section        0  function.o(i.debug_tag)
    i.debug_upgrade_bootloader_install       0x08186d58   Section        0  function.o(i.debug_upgrade_bootloader_install)
    i.debug_upgrade_bootloader_mode          0x08186e64   Section        0  function.o(i.debug_upgrade_bootloader_mode)
    i.eeprom_dump                            0x08186f00   Section        0  function.o(i.eeprom_dump)
    i.eeprom_read                            0x08186fa8   Section        0  function.o(i.eeprom_read)
    i.eeprom_write                           0x08187060   Section        0  function.o(i.eeprom_write)
    i.main                                   0x08187100   Section        0  main.o(i.main)
    i.process_cmd                            0x08187384   Section        0  cmd.o(i.process_cmd)
    i.process_command                        0x081874d0   Section        0  function.o(i.process_command)
    i.rb_init                                0x08187884   Section        0  main.o(i.rb_init)
    rb_init                                  0x08187885   Thumb Code    14  main.o(i.rb_init)
    i.rb_is_empty                            0x08187892   Section        0  usart.o(i.rb_is_empty)
    rb_is_empty                              0x08187893   Thumb Code    16  usart.o(i.rb_is_empty)
    i.rb_is_empty                            0x081878a2   Section        0  stm32f4xx_it.o(i.rb_is_empty)
    rb_is_empty                              0x081878a3   Thumb Code    16  stm32f4xx_it.o(i.rb_is_empty)
    i.rb_push_insert                         0x081878b2   Section        0  stm32f4xx_it.o(i.rb_push_insert)
    rb_push_insert                           0x081878b3   Thumb Code    64  stm32f4xx_it.o(i.rb_push_insert)
    i.rb_remove                              0x081878f2   Section        0  stm32f4xx_it.o(i.rb_remove)
    rb_remove                                0x081878f3   Thumb Code    28  stm32f4xx_it.o(i.rb_remove)
    i.serial_available                       0x08187910   Section        0  usart.o(i.serial_available)
    i.serial_read                            0x08187934   Section        0  usart.o(i.serial_read)
    i.serial_tx                              0x08187958   Section        0  usart.o(i.serial_tx)
    i.upgrade_file                           0x081879f0   Section        0  function.o(i.upgrade_file)
    i.upgrade_init                           0x08187cf8   Section        0  function.o(i.upgrade_init)
    i.upgrade_init_with_size                 0x08187d8c   Section        0  function.o(i.upgrade_init_with_size)
    i.upgrade_install                        0x08187e6c   Section        0  function.o(i.upgrade_install)
    .constdata                               0x08187e98   Section       54  function.o(.constdata)
    __func__                                 0x08187e98   Data          23  function.o(.constdata)
    __func__                                 0x08187eaf   Data          15  function.o(.constdata)
    __func__                                 0x08187ebe   Data          16  function.o(.constdata)
    .constdata                               0x08187ed0   Section        4  main.o(.constdata)
    .constdata                               0x08187ed4   Section       16  system_stm32f4xx.o(.constdata)
    .constdata                               0x08187ee4   Section        8  system_stm32f4xx.o(.constdata)
    .constdata                               0x08187eec   Section      129  ctype_o.o(.constdata)
    .constdata                               0x08187f70   Section        4  ctype_o.o(.constdata)
    table                                    0x08187f70   Data           4  ctype_o.o(.constdata)
    .conststring                             0x08187f74   Section       68  function.o(.conststring)
    .conststring                             0x08187fb8   Section      532  main.o(.conststring)
    .data                                    0x20000000   Section     1032  function.o(.data)
    CRC32_TABLE                              0x20000008   Data        1024  function.o(.data)
    .data                                    0x20000408   Section      160  main.o(.data)
    .data                                    0x200004a8   Section        3  main.o(.data)
    .data                                    0x200004ac   Section     4104  usart.o(.data)
    usart1_tr_s                              0x200004ac   Data        4104  usart.o(.data)
    .data                                    0x200014b4   Section        4  usart.o(.data)
    .data                                    0x200014b8   Section       12  stm32f4xx_hal.o(.data)
    .data                                    0x200014c4   Section        4  system_stm32f4xx.o(.data)
    .data                                    0x200014c8   Section        4  strtok.o(.data)
    state                                    0x200014c8   Data           4  strtok.o(.data)
    .data                                    0x200014cc   Section        4  errno.o(.data)
    _errno                                   0x200014cc   Data           4  errno.o(.data)
    .bss                                     0x200014d0   Section    100540  function.o(.bss)
    .bss                                     0x20019d8c   Section     2048  main.o(.bss)
    .bss                                     0x2001a58c   Section     1200  main.o(.bss)
    .bss                                     0x2001aa3c   Section       84  i2c.o(.bss)
    .bss                                     0x2001aa90   Section      128  tim.o(.bss)
    .bss                                     0x2001ab10   Section      192  usart.o(.bss)
    .bss                                     0x2001abd0   Section       12  usart.o(.bss)
    usart1_rb                                0x2001abd0   Data          12  usart.o(.bss)
    .bss                                     0x2001abdc   Section       12  usart.o(.bss)
    usart1_wb                                0x2001abdc   Data          12  usart.o(.bss)
    STACK                                    0x2001abe8   Section     1024  startup_stm32f427xx.o(STACK)

    Global Symbols

    Symbol Name                              Value     Ov Type        Size  Object(Section)

    BuildAttributes$$THM_ISAv4$E$P$D$K$B$S$7EM$VFPi3$EXTD16$VFPS$VFMA$PE$A:L22UL41UL21$X:L11$S22US41US21$IEEE1$IW$USESV6$~STKCKD$USESV7$~SHL$OTIME$ROPI$EBA8$MICROLIB$REQ8$PRES8$EABIv2 0x00000000   Number         0  anon$$obj.o ABSOLUTE
    __ARM_use_no_argv                        0x00000000   Number         0  main.o ABSOLUTE
    _printf_a                                0x00000000   Number         0  stubs.o ABSOLUTE
    _printf_c                                0x00000000   Number         0  stubs.o ABSOLUTE
    _printf_charcount                        0x00000000   Number         0  stubs.o ABSOLUTE
    _printf_d                                0x00000000   Number         0  stubs.o ABSOLUTE
    _printf_e                                0x00000000   Number         0  stubs.o ABSOLUTE
    _printf_f                                0x00000000   Number         0  stubs.o ABSOLUTE
    _printf_flags                            0x00000000   Number         0  stubs.o ABSOLUTE
    _printf_fp_dec                           0x00000000   Number         0  stubs.o ABSOLUTE
    _printf_fp_hex                           0x00000000   Number         0  stubs.o ABSOLUTE
    _printf_g                                0x00000000   Number         0  stubs.o ABSOLUTE
    _printf_i                                0x00000000   Number         0  stubs.o ABSOLUTE
    _printf_int_dec                          0x00000000   Number         0  stubs.o ABSOLUTE
    _printf_l                                0x00000000   Number         0  stubs.o ABSOLUTE
    _printf_lc                               0x00000000   Number         0  stubs.o ABSOLUTE
    _printf_ll                               0x00000000   Number         0  stubs.o ABSOLUTE
    _printf_lld                              0x00000000   Number         0  stubs.o ABSOLUTE
    _printf_lli                              0x00000000   Number         0  stubs.o ABSOLUTE
    _printf_llo                              0x00000000   Number         0  stubs.o ABSOLUTE
    _printf_llu                              0x00000000   Number         0  stubs.o ABSOLUTE
    _printf_llx                              0x00000000   Number         0  stubs.o ABSOLUTE
    _printf_longlong_dec                     0x00000000   Number         0  stubs.o ABSOLUTE
    _printf_longlong_hex                     0x00000000   Number         0  stubs.o ABSOLUTE
    _printf_longlong_oct                     0x00000000   Number         0  stubs.o ABSOLUTE
    _printf_ls                               0x00000000   Number         0  stubs.o ABSOLUTE
    _printf_mbtowc                           0x00000000   Number         0  stubs.o ABSOLUTE
    _printf_n                                0x00000000   Number         0  stubs.o ABSOLUTE
    _printf_o                                0x00000000   Number         0  stubs.o ABSOLUTE
    _printf_p                                0x00000000   Number         0  stubs.o ABSOLUTE
    _printf_percent                          0x00000000   Number         0  stubs.o ABSOLUTE
    _printf_pre_padding                      0x00000000   Number         0  stubs.o ABSOLUTE
    _printf_return_value                     0x00000000   Number         0  stubs.o ABSOLUTE
    _printf_s                                0x00000000   Number         0  stubs.o ABSOLUTE
    _printf_sizespec                         0x00000000   Number         0  stubs.o ABSOLUTE
    _printf_str                              0x00000000   Number         0  stubs.o ABSOLUTE
    _printf_truncate_signed                  0x00000000   Number         0  stubs.o ABSOLUTE
    _printf_truncate_unsigned                0x00000000   Number         0  stubs.o ABSOLUTE
    _printf_u                                0x00000000   Number         0  stubs.o ABSOLUTE
    _printf_wc                               0x00000000   Number         0  stubs.o ABSOLUTE
    _printf_wctomb                           0x00000000   Number         0  stubs.o ABSOLUTE
    _printf_widthprec                        0x00000000   Number         0  stubs.o ABSOLUTE
    _printf_x                                0x00000000   Number         0  stubs.o ABSOLUTE
    __cpp_initialize__aeabi_                  - Undefined Weak Reference
    __cxa_finalize                            - Undefined Weak Reference
    _clock_init                               - Undefined Weak Reference
    _microlib_exit                            - Undefined Weak Reference
    _scanf_longlong                           - Undefined Weak Reference
    _scanf_string                             - Undefined Weak Reference
    __Vectors_Size                           0x000001ac   Number         0  startup_stm32f427xx.o ABSOLUTE
    __Vectors                                0x08180000   Data           4  startup_stm32f427xx.o(RESET)
    __Vectors_End                            0x081801ac   Data           0  startup_stm32f427xx.o(RESET)
    __main                                   0x081801ad   Thumb Code     0  entry.o(.ARM.Collect$$$$00000000)
    _main_stk                                0x081801ad   Thumb Code     0  entry2.o(.ARM.Collect$$$$00000001)
    _main_scatterload                        0x081801b1   Thumb Code     0  entry5.o(.ARM.Collect$$$$00000004)
    __main_after_scatterload                 0x081801b5   Thumb Code     0  entry5.o(.ARM.Collect$$$$00000004)
    _main_clock                              0x081801b5   Thumb Code     0  entry7b.o(.ARM.Collect$$$$00000008)
    _main_cpp_init                           0x081801b5   Thumb Code     0  entry8b.o(.ARM.Collect$$$$0000000A)
    _main_init                               0x081801b5   Thumb Code     0  entry9a.o(.ARM.Collect$$$$0000000B)
    __rt_final_cpp                           0x081801bd   Thumb Code     0  entry10a.o(.ARM.Collect$$$$0000000D)
    __rt_final_exit                          0x081801bd   Thumb Code     0  entry11a.o(.ARM.Collect$$$$0000000F)
    Reset_Handler                            0x081801c1   Thumb Code     8  startup_stm32f427xx.o(.text)
    ADC_IRQHandler                           0x081801db   Thumb Code     0  startup_stm32f427xx.o(.text)
    CAN1_RX0_IRQHandler                      0x081801db   Thumb Code     0  startup_stm32f427xx.o(.text)
    CAN1_RX1_IRQHandler                      0x081801db   Thumb Code     0  startup_stm32f427xx.o(.text)
    CAN1_SCE_IRQHandler                      0x081801db   Thumb Code     0  startup_stm32f427xx.o(.text)
    CAN1_TX_IRQHandler                       0x081801db   Thumb Code     0  startup_stm32f427xx.o(.text)
    CAN2_RX0_IRQHandler                      0x081801db   Thumb Code     0  startup_stm32f427xx.o(.text)
    CAN2_RX1_IRQHandler                      0x081801db   Thumb Code     0  startup_stm32f427xx.o(.text)
    CAN2_SCE_IRQHandler                      0x081801db   Thumb Code     0  startup_stm32f427xx.o(.text)
    CAN2_TX_IRQHandler                       0x081801db   Thumb Code     0  startup_stm32f427xx.o(.text)
    DCMI_IRQHandler                          0x081801db   Thumb Code     0  startup_stm32f427xx.o(.text)
    DMA1_Stream0_IRQHandler                  0x081801db   Thumb Code     0  startup_stm32f427xx.o(.text)
    DMA1_Stream1_IRQHandler                  0x081801db   Thumb Code     0  startup_stm32f427xx.o(.text)
    DMA1_Stream2_IRQHandler                  0x081801db   Thumb Code     0  startup_stm32f427xx.o(.text)
    DMA1_Stream3_IRQHandler                  0x081801db   Thumb Code     0  startup_stm32f427xx.o(.text)
    DMA1_Stream4_IRQHandler                  0x081801db   Thumb Code     0  startup_stm32f427xx.o(.text)
    DMA1_Stream5_IRQHandler                  0x081801db   Thumb Code     0  startup_stm32f427xx.o(.text)
    DMA1_Stream6_IRQHandler                  0x081801db   Thumb Code     0  startup_stm32f427xx.o(.text)
    DMA1_Stream7_IRQHandler                  0x081801db   Thumb Code     0  startup_stm32f427xx.o(.text)
    DMA2D_IRQHandler                         0x081801db   Thumb Code     0  startup_stm32f427xx.o(.text)
    DMA2_Stream0_IRQHandler                  0x081801db   Thumb Code     0  startup_stm32f427xx.o(.text)
    DMA2_Stream1_IRQHandler                  0x081801db   Thumb Code     0  startup_stm32f427xx.o(.text)
    DMA2_Stream2_IRQHandler                  0x081801db   Thumb Code     0  startup_stm32f427xx.o(.text)
    DMA2_Stream3_IRQHandler                  0x081801db   Thumb Code     0  startup_stm32f427xx.o(.text)
    DMA2_Stream4_IRQHandler                  0x081801db   Thumb Code     0  startup_stm32f427xx.o(.text)
    DMA2_Stream5_IRQHandler                  0x081801db   Thumb Code     0  startup_stm32f427xx.o(.text)
    DMA2_Stream6_IRQHandler                  0x081801db   Thumb Code     0  startup_stm32f427xx.o(.text)
    DMA2_Stream7_IRQHandler                  0x081801db   Thumb Code     0  startup_stm32f427xx.o(.text)
    ETH_IRQHandler                           0x081801db   Thumb Code     0  startup_stm32f427xx.o(.text)
    ETH_WKUP_IRQHandler                      0x081801db   Thumb Code     0  startup_stm32f427xx.o(.text)
    EXTI0_IRQHandler                         0x081801db   Thumb Code     0  startup_stm32f427xx.o(.text)
    EXTI15_10_IRQHandler                     0x081801db   Thumb Code     0  startup_stm32f427xx.o(.text)
    EXTI1_IRQHandler                         0x081801db   Thumb Code     0  startup_stm32f427xx.o(.text)
    EXTI2_IRQHandler                         0x081801db   Thumb Code     0  startup_stm32f427xx.o(.text)
    EXTI3_IRQHandler                         0x081801db   Thumb Code     0  startup_stm32f427xx.o(.text)
    EXTI4_IRQHandler                         0x081801db   Thumb Code     0  startup_stm32f427xx.o(.text)
    EXTI9_5_IRQHandler                       0x081801db   Thumb Code     0  startup_stm32f427xx.o(.text)
    FLASH_IRQHandler                         0x081801db   Thumb Code     0  startup_stm32f427xx.o(.text)
    FMC_IRQHandler                           0x081801db   Thumb Code     0  startup_stm32f427xx.o(.text)
    FPU_IRQHandler                           0x081801db   Thumb Code     0  startup_stm32f427xx.o(.text)
    HASH_RNG_IRQHandler                      0x081801db   Thumb Code     0  startup_stm32f427xx.o(.text)
    I2C1_ER_IRQHandler                       0x081801db   Thumb Code     0  startup_stm32f427xx.o(.text)
    I2C1_EV_IRQHandler                       0x081801db   Thumb Code     0  startup_stm32f427xx.o(.text)
    I2C2_ER_IRQHandler                       0x081801db   Thumb Code     0  startup_stm32f427xx.o(.text)
    I2C2_EV_IRQHandler                       0x081801db   Thumb Code     0  startup_stm32f427xx.o(.text)
    I2C3_ER_IRQHandler                       0x081801db   Thumb Code     0  startup_stm32f427xx.o(.text)
    I2C3_EV_IRQHandler                       0x081801db   Thumb Code     0  startup_stm32f427xx.o(.text)
    OTG_FS_IRQHandler                        0x081801db   Thumb Code     0  startup_stm32f427xx.o(.text)
    OTG_FS_WKUP_IRQHandler                   0x081801db   Thumb Code     0  startup_stm32f427xx.o(.text)
    OTG_HS_EP1_IN_IRQHandler                 0x081801db   Thumb Code     0  startup_stm32f427xx.o(.text)
    OTG_HS_EP1_OUT_IRQHandler                0x081801db   Thumb Code     0  startup_stm32f427xx.o(.text)
    OTG_HS_IRQHandler                        0x081801db   Thumb Code     0  startup_stm32f427xx.o(.text)
    OTG_HS_WKUP_IRQHandler                   0x081801db   Thumb Code     0  startup_stm32f427xx.o(.text)
    PVD_IRQHandler                           0x081801db   Thumb Code     0  startup_stm32f427xx.o(.text)
    RCC_IRQHandler                           0x081801db   Thumb Code     0  startup_stm32f427xx.o(.text)
    RTC_Alarm_IRQHandler                     0x081801db   Thumb Code     0  startup_stm32f427xx.o(.text)
    RTC_WKUP_IRQHandler                      0x081801db   Thumb Code     0  startup_stm32f427xx.o(.text)
    SAI1_IRQHandler                          0x081801db   Thumb Code     0  startup_stm32f427xx.o(.text)
    SDIO_IRQHandler                          0x081801db   Thumb Code     0  startup_stm32f427xx.o(.text)
    SPI1_IRQHandler                          0x081801db   Thumb Code     0  startup_stm32f427xx.o(.text)
    SPI2_IRQHandler                          0x081801db   Thumb Code     0  startup_stm32f427xx.o(.text)
    SPI3_IRQHandler                          0x081801db   Thumb Code     0  startup_stm32f427xx.o(.text)
    SPI4_IRQHandler                          0x081801db   Thumb Code     0  startup_stm32f427xx.o(.text)
    SPI5_IRQHandler                          0x081801db   Thumb Code     0  startup_stm32f427xx.o(.text)
    SPI6_IRQHandler                          0x081801db   Thumb Code     0  startup_stm32f427xx.o(.text)
    TAMP_STAMP_IRQHandler                    0x081801db   Thumb Code     0  startup_stm32f427xx.o(.text)
    TIM1_BRK_TIM9_IRQHandler                 0x081801db   Thumb Code     0  startup_stm32f427xx.o(.text)
    TIM1_CC_IRQHandler                       0x081801db   Thumb Code     0  startup_stm32f427xx.o(.text)
    TIM1_TRG_COM_TIM11_IRQHandler            0x081801db   Thumb Code     0  startup_stm32f427xx.o(.text)
    TIM1_UP_TIM10_IRQHandler                 0x081801db   Thumb Code     0  startup_stm32f427xx.o(.text)
    TIM4_IRQHandler                          0x081801db   Thumb Code     0  startup_stm32f427xx.o(.text)
    TIM5_IRQHandler                          0x081801db   Thumb Code     0  startup_stm32f427xx.o(.text)
    TIM6_DAC_IRQHandler                      0x081801db   Thumb Code     0  startup_stm32f427xx.o(.text)
    TIM7_IRQHandler                          0x081801db   Thumb Code     0  startup_stm32f427xx.o(.text)
    TIM8_BRK_TIM12_IRQHandler                0x081801db   Thumb Code     0  startup_stm32f427xx.o(.text)
    TIM8_CC_IRQHandler                       0x081801db   Thumb Code     0  startup_stm32f427xx.o(.text)
    TIM8_TRG_COM_TIM14_IRQHandler            0x081801db   Thumb Code     0  startup_stm32f427xx.o(.text)
    TIM8_UP_TIM13_IRQHandler                 0x081801db   Thumb Code     0  startup_stm32f427xx.o(.text)
    UART4_IRQHandler                         0x081801db   Thumb Code     0  startup_stm32f427xx.o(.text)
    UART5_IRQHandler                         0x081801db   Thumb Code     0  startup_stm32f427xx.o(.text)
    UART7_IRQHandler                         0x081801db   Thumb Code     0  startup_stm32f427xx.o(.text)
    UART8_IRQHandler                         0x081801db   Thumb Code     0  startup_stm32f427xx.o(.text)
    USART6_IRQHandler                        0x081801db   Thumb Code     0  startup_stm32f427xx.o(.text)
    WWDG_IRQHandler                          0x081801db   Thumb Code     0  startup_stm32f427xx.o(.text)
    __aeabi_uldivmod                         0x081801e5   Thumb Code    98  uldiv.o(.text)
    __aeabi_memcpy                           0x08180247   Thumb Code    36  memcpya.o(.text)
    __aeabi_memcpy4                          0x08180247   Thumb Code     0  memcpya.o(.text)
    __aeabi_memcpy8                          0x08180247   Thumb Code     0  memcpya.o(.text)
    __aeabi_memset                           0x0818026b   Thumb Code    14  memseta.o(.text)
    __aeabi_memset4                          0x0818026b   Thumb Code     0  memseta.o(.text)
    __aeabi_memset8                          0x0818026b   Thumb Code     0  memseta.o(.text)
    __aeabi_memclr                           0x08180279   Thumb Code     4  memseta.o(.text)
    __aeabi_memclr4                          0x08180279   Thumb Code     0  memseta.o(.text)
    __aeabi_memclr8                          0x08180279   Thumb Code     0  memseta.o(.text)
    _memset$wrapper                          0x0818027d   Thumb Code    18  memseta.o(.text)
    strlen                                   0x0818028f   Thumb Code    14  strlen.o(.text)
    strcmp                                   0x0818029d   Thumb Code    28  strcmp.o(.text)
    strtok                                   0x081802b9   Thumb Code    62  strtok.o(.text)
    strcasecmp                               0x081802fd   Thumb Code    42  strcasecmp.o(.text)
    strncasecmp                              0x08180327   Thumb Code    50  strncasecmp.o(.text)
    __0sscanf                                0x08180359   Thumb Code    48  __0sscanf.o(.text)
    _scanf_int                               0x08180391   Thumb Code   332  _scanf_int.o(.text)
    _scanf_real                              0x08180605   Thumb Code     0  scanf_fp.o(.text)
    _scanf_really_real                       0x08180605   Thumb Code   556  scanf_fp.o(.text)
    strtoul                                  0x0818083d   Thumb Code   114  strtoul.o(.text)
    __aeabi_dmul                             0x081808af   Thumb Code   228  dmul.o(.text)
    __aeabi_ddiv                             0x08180993   Thumb Code   222  ddiv.o(.text)
    __aeabi_i2d                              0x08180a71   Thumb Code    34  dflti.o(.text)
    __aeabi_d2iz                             0x08180a93   Thumb Code    62  dfixi.o(.text)
    __aeabi_uidiv                            0x08180ad1   Thumb Code     0  uidiv.o(.text)
    __aeabi_uidivmod                         0x08180ad1   Thumb Code    44  uidiv.o(.text)
    __aeabi_llsl                             0x08180afd   Thumb Code    30  llshl.o(.text)
    _ll_shift_l                              0x08180afd   Thumb Code     0  llshl.o(.text)
    __aeabi_llsr                             0x08180b1b   Thumb Code    32  llushr.o(.text)
    _ll_ushift_r                             0x08180b1b   Thumb Code     0  llushr.o(.text)
    __rt_ctype_table                         0x08180b3d   Thumb Code     4  ctype_o.o(.text)
    isspace                                  0x08180b45   Thumb Code    18  isspace_o.o(.text)
    tolower                                  0x08180b57   Thumb Code    12  tolower.o(.text)
    _chval                                   0x08180b63   Thumb Code    28  _chval.o(.text)
    __vfscanf_char                           0x08180b8d   Thumb Code    20  scanf_char.o(.text)
    _sgetc                                   0x08180ba9   Thumb Code    30  _sgetc.o(.text)
    _sbackspace                              0x08180bc7   Thumb Code    34  _sgetc.o(.text)
    _strtoul                                 0x08180be9   Thumb Code   158  _strtoul.o(.text)
    __I$use$fp                               0x08180c87   Thumb Code     0  iusefp.o(.text)
    _double_round                            0x08180c87   Thumb Code    30  depilogue.o(.text)
    _double_epilogue                         0x08180ca5   Thumb Code   156  depilogue.o(.text)
    __aeabi_dadd                             0x08180d41   Thumb Code   322  dadd.o(.text)
    __aeabi_dsub                             0x08180e83   Thumb Code     6  dadd.o(.text)
    __aeabi_drsub                            0x08180e89   Thumb Code     6  dadd.o(.text)
    __aeabi_ul2d                             0x08180e8f   Thumb Code    24  dfltul.o(.text)
    __aeabi_d2ulz                            0x08180ea7   Thumb Code    48  dfixul.o(.text)
    __aeabi_cdrcmple                         0x08180ed9   Thumb Code    48  cdrcmple.o(.text)
    __aeabi_d2f                              0x08180f09   Thumb Code    56  d2f.o(.text)
    __scatterload                            0x08180f41   Thumb Code    28  init.o(.text)
    __scatterload_rt2                        0x08180f41   Thumb Code     0  init.o(.text)
    __aeabi_lasr                             0x08180f65   Thumb Code    36  llsshr.o(.text)
    _ll_sshift_r                             0x08180f65   Thumb Code     0  llsshr.o(.text)
    __vfscanf                                0x08180f89   Thumb Code   808  _scanf.o(.text)
    _float_round                             0x081812b5   Thumb Code    18  fepilogue.o(.text)
    _float_epilogue                          0x081812c7   Thumb Code    92  fepilogue.o(.text)
    __decompress                             0x08181323   Thumb Code     0  __dczerorl2.o(.text)
    __decompress1                            0x08181323   Thumb Code    86  __dczerorl2.o(.text)
    BE32_To_Buffer                           0x08181379   Thumb Code    16  function.o(i.BE32_To_Buffer)
    Buffer_To_BE32                           0x08181389   Thumb Code    14  function.o(i.Buffer_To_BE32)
    BusFault_Handler                         0x08181397   Thumb Code     2  stm32f4xx_it.o(i.BusFault_Handler)
    Cal_CRC32                                0x08181399   Thumb Code    36  function.o(i.Cal_CRC32)
    DebugMon_Handler                         0x081813c1   Thumb Code     2  stm32f4xx_it.o(i.DebugMon_Handler)
    Error_Handler                            0x081813c3   Thumb Code     2  main.o(i.Error_Handler)
    HAL_DMA_Abort_IT                         0x081813c5   Thumb Code    36  stm32f4xx_hal_dma.o(i.HAL_DMA_Abort_IT)
    HAL_Delay                                0x081813e9   Thumb Code    32  stm32f4xx_hal.o(i.HAL_Delay)
    HAL_GPIO_Init                            0x0818140d   Thumb Code   414  stm32f4xx_hal_gpio.o(i.HAL_GPIO_Init)
    HAL_GPIO_ReadPin                         0x081815e1   Thumb Code    10  stm32f4xx_hal_gpio.o(i.HAL_GPIO_ReadPin)
    HAL_GPIO_WritePin                        0x081815eb   Thumb Code    10  stm32f4xx_hal_gpio.o(i.HAL_GPIO_WritePin)
    HAL_GetTick                              0x081815f5   Thumb Code     6  stm32f4xx_hal.o(i.HAL_GetTick)
    HAL_I2CEx_ConfigAnalogFilter             0x08181601   Thumb Code    66  stm32f4xx_hal_i2c_ex.o(i.HAL_I2CEx_ConfigAnalogFilter)
    HAL_I2CEx_ConfigDigitalFilter            0x08181643   Thumb Code    62  stm32f4xx_hal_i2c_ex.o(i.HAL_I2CEx_ConfigDigitalFilter)
    HAL_I2C_Init                             0x08181681   Thumb Code   376  stm32f4xx_hal_i2c.o(i.HAL_I2C_Init)
    HAL_I2C_Master_Receive                   0x08181809   Thumb Code   468  stm32f4xx_hal_i2c.o(i.HAL_I2C_Master_Receive)
    HAL_I2C_Mem_Read                         0x081819e9   Thumb Code   490  stm32f4xx_hal_i2c.o(i.HAL_I2C_Mem_Read)
    HAL_I2C_Mem_Write                        0x08181be1   Thumb Code   294  stm32f4xx_hal_i2c.o(i.HAL_I2C_Mem_Write)
    HAL_I2C_MspInit                          0x08181d11   Thumb Code    92  i2c.o(i.HAL_I2C_MspInit)
    HAL_IncTick                              0x08181d79   Thumb Code    12  stm32f4xx_hal.o(i.HAL_IncTick)
    HAL_Init                                 0x08181d89   Thumb Code    48  stm32f4xx_hal.o(i.HAL_Init)
    HAL_InitTick                             0x08181dbd   Thumb Code    54  stm32f4xx_hal.o(i.HAL_InitTick)
    HAL_MspInit                              0x08181dfd   Thumb Code    42  stm32f4xx_hal_msp.o(i.HAL_MspInit)
    HAL_NVIC_EnableIRQ                       0x08181e2d   Thumb Code    26  stm32f4xx_hal_cortex.o(i.HAL_NVIC_EnableIRQ)
    HAL_NVIC_SetPriority                     0x08181e49   Thumb Code    60  stm32f4xx_hal_cortex.o(i.HAL_NVIC_SetPriority)
    HAL_NVIC_SetPriorityGrouping             0x08181e89   Thumb Code    26  stm32f4xx_hal_cortex.o(i.HAL_NVIC_SetPriorityGrouping)
    HAL_PWREx_EnableOverDrive                0x08181ead   Thumb Code    98  stm32f4xx_hal_pwr_ex.o(i.HAL_PWREx_EnableOverDrive)
    HAL_RCC_ClockConfig                      0x08181f1d   Thumb Code   288  stm32f4xx_hal_rcc.o(i.HAL_RCC_ClockConfig)
    HAL_RCC_GetPCLK1Freq                     0x08182051   Thumb Code    20  stm32f4xx_hal_rcc.o(i.HAL_RCC_GetPCLK1Freq)
    HAL_RCC_GetPCLK2Freq                     0x08182071   Thumb Code    20  stm32f4xx_hal_rcc.o(i.HAL_RCC_GetPCLK2Freq)
    HAL_RCC_GetSysClockFreq                  0x08182091   Thumb Code    88  stm32f4xx_hal_rcc.o(i.HAL_RCC_GetSysClockFreq)
    HAL_RCC_OscConfig                        0x081820f5   Thumb Code   834  stm32f4xx_hal_rcc.o(i.HAL_RCC_OscConfig)
    HAL_SYSTICK_Config                       0x08182451   Thumb Code    40  stm32f4xx_hal_cortex.o(i.HAL_SYSTICK_Config)
    HAL_TIMEx_BreakCallback                  0x08182479   Thumb Code     2  stm32f4xx_hal_tim_ex.o(i.HAL_TIMEx_BreakCallback)
    HAL_TIMEx_CommutCallback                 0x0818247b   Thumb Code     2  stm32f4xx_hal_tim_ex.o(i.HAL_TIMEx_CommutCallback)
    HAL_TIMEx_MasterConfigSynchronization    0x0818247d   Thumb Code   116  stm32f4xx_hal_tim_ex.o(i.HAL_TIMEx_MasterConfigSynchronization)
    HAL_TIM_Base_Init                        0x0818250d   Thumb Code    54  stm32f4xx_hal_tim.o(i.HAL_TIM_Base_Init)
    HAL_TIM_Base_MspInit                     0x08182545   Thumb Code    86  tim.o(i.HAL_TIM_Base_MspInit)
    HAL_TIM_ConfigClockSource                0x081825a5   Thumb Code   214  stm32f4xx_hal_tim.o(i.HAL_TIM_ConfigClockSource)
    HAL_TIM_IC_CaptureCallback               0x0818267b   Thumb Code     2  stm32f4xx_hal_tim.o(i.HAL_TIM_IC_CaptureCallback)
    HAL_TIM_IRQHandler                       0x0818267d   Thumb Code   358  stm32f4xx_hal_tim.o(i.HAL_TIM_IRQHandler)
    HAL_TIM_OC_DelayElapsedCallback          0x081827e3   Thumb Code     2  stm32f4xx_hal_tim.o(i.HAL_TIM_OC_DelayElapsedCallback)
    HAL_TIM_PWM_PulseFinishedCallback        0x081827e5   Thumb Code     2  stm32f4xx_hal_tim.o(i.HAL_TIM_PWM_PulseFinishedCallback)
    HAL_TIM_PeriodElapsedCallback            0x081827e7   Thumb Code     2  main.o(i.HAL_TIM_PeriodElapsedCallback)
    HAL_TIM_TriggerCallback                  0x081827e9   Thumb Code     2  stm32f4xx_hal_tim.o(i.HAL_TIM_TriggerCallback)
    HAL_UART_ErrorCallback                   0x081827eb   Thumb Code     2  stm32f4xx_hal_uart.o(i.HAL_UART_ErrorCallback)
    HAL_UART_IRQHandler                      0x081827ed   Thumb Code   270  stm32f4xx_hal_uart.o(i.HAL_UART_IRQHandler)
    HAL_UART_Init                            0x08182901   Thumb Code    98  stm32f4xx_hal_uart.o(i.HAL_UART_Init)
    HAL_UART_MspInit                         0x08182965   Thumb Code   258  usart.o(i.HAL_UART_MspInit)
    HAL_UART_Receive                         0x08182a81   Thumb Code   190  stm32f4xx_hal_uart.o(i.HAL_UART_Receive)
    HAL_UART_Receive_IT                      0x08182b3f   Thumb Code    82  stm32f4xx_hal_uart.o(i.HAL_UART_Receive_IT)
    HAL_UART_RxCpltCallback                  0x08182b91   Thumb Code   104  main.o(i.HAL_UART_RxCpltCallback)
    HAL_UART_Transmit                        0x08182c05   Thumb Code   186  stm32f4xx_hal_uart.o(i.HAL_UART_Transmit)
    HAL_UART_TxCpltCallback                  0x08182cbf   Thumb Code     2  stm32f4xx_hal_uart.o(i.HAL_UART_TxCpltCallback)
    HardFault_Handler                        0x08182cc1   Thumb Code     2  stm32f4xx_it.o(i.HardFault_Handler)
    I2cEepromRead                            0x0818317d   Thumb Code    88  function.o(i.I2cEepromRead)
    I2cEepromWrite                           0x081831d9   Thumb Code    90  function.o(i.I2cEepromWrite)
    MX_GPIO_Init                             0x08183239   Thumb Code   254  gpio.o(i.MX_GPIO_Init)
    MX_I2C1_Init                             0x0818334d   Thumb Code    78  i2c.o(i.MX_I2C1_Init)
    MX_TIM2_Init                             0x081833a9   Thumb Code   100  tim.o(i.MX_TIM2_Init)
    MX_TIM3_Init                             0x08183411   Thumb Code    96  tim.o(i.MX_TIM3_Init)
    MX_USART1_UART_Init                      0x08183479   Thumb Code    48  usart.o(i.MX_USART1_UART_Init)
    MX_USART2_UART_Init                      0x081834b1   Thumb Code    48  usart.o(i.MX_USART2_UART_Init)
    MX_USART3_UART_Init                      0x081834e9   Thumb Code    48  usart.o(i.MX_USART3_UART_Init)
    MemManage_Handler                        0x08183521   Thumb Code     2  stm32f4xx_it.o(i.MemManage_Handler)
    NMI_Handler                              0x08183523   Thumb Code     2  stm32f4xx_it.o(i.NMI_Handler)
    PRINT_CHAR                               0x08183525   Thumb Code   318  function.o(i.PRINT_CHAR)
    PRINT_DATA_USE_CSV                       0x081836e5   Thumb Code   278  function.o(i.PRINT_DATA_USE_CSV)
    PRINT_HEX                                0x0818387d   Thumb Code   294  function.o(i.PRINT_HEX)
    PendSV_Handler                           0x08183a29   Thumb Code     2  stm32f4xx_it.o(i.PendSV_Handler)
    SVC_Handler                              0x08183a2b   Thumb Code     2  stm32f4xx_it.o(i.SVC_Handler)
    SysTick_Handler                          0x08183a2d   Thumb Code     4  stm32f4xx_it.o(i.SysTick_Handler)
    SystemClock_Config                       0x08183a31   Thumb Code   130  main.o(i.SystemClock_Config)
    SystemInit                               0x08183abd   Thumb Code    20  system_stm32f4xx.o(i.SystemInit)
    TIM2_IRQHandler                          0x08183ad9   Thumb Code     6  stm32f4xx_it.o(i.TIM2_IRQHandler)
    TIM3_IRQHandler                          0x08183ae5   Thumb Code     6  stm32f4xx_it.o(i.TIM3_IRQHandler)
    TIM_Base_SetConfig                       0x08183af1   Thumb Code   156  stm32f4xx_hal_tim.o(i.TIM_Base_SetConfig)
    TIM_ETR_SetConfig                        0x08183bb9   Thumb Code    20  stm32f4xx_hal_tim.o(i.TIM_ETR_SetConfig)
    USART1_IRQHandler                        0x08183ed5   Thumb Code     6  stm32f4xx_it.o(i.USART1_IRQHandler)
    USART2_IRQHandler                        0x08183ee1   Thumb Code   106  stm32f4xx_it.o(i.USART2_IRQHandler)
    USART3_IRQHandler                        0x08183f5d   Thumb Code    98  stm32f4xx_it.o(i.USART3_IRQHandler)
    UsageFault_Handler                       0x08183fcd   Thumb Code     2  stm32f4xx_it.o(i.UsageFault_Handler)
    __0sprintf                               0x08183fd1   Thumb Code    34  printfa.o(i.__0sprintf)
    __1sprintf                               0x08183fd1   Thumb Code     0  printfa.o(i.__0sprintf)
    __2sprintf                               0x08183fd1   Thumb Code     0  printfa.o(i.__0sprintf)
    __c89sprintf                             0x08183fd1   Thumb Code     0  printfa.o(i.__0sprintf)
    sprintf                                  0x08183fd1   Thumb Code     0  printfa.o(i.__0sprintf)
    __aeabi_errno_addr                       0x08184019   Thumb Code     4  errno.o(i.__aeabi_errno_addr)
    __rt_errno_addr                          0x08184019   Thumb Code     0  errno.o(i.__aeabi_errno_addr)
    __scatterload_copy                       0x08184021   Thumb Code    14  handlers.o(i.__scatterload_copy)
    __scatterload_null                       0x0818402f   Thumb Code     2  handlers.o(i.__scatterload_null)
    __scatterload_zeroinit                   0x08184031   Thumb Code    14  handlers.o(i.__scatterload_zeroinit)
    _is_digit                                0x081841c5   Thumb Code    14  scanf_fp.o(i._is_digit)
    cmd_eeprom                               0x0818490d   Thumb Code    90  function.o(i.cmd_eeprom)
    cmd_for_debug                            0x08184981   Thumb Code   524  function.o(i.cmd_for_debug)
    cmd_help                                 0x08184c51   Thumb Code   220  cmd.o(i.cmd_help)
    cmd_help2                                0x08184d61   Thumb Code   342  cmd.o(i.cmd_help2)
    cmd_i2c                                  0x08184efd   Thumb Code   248  function.o(i.cmd_i2c)
    cmd_power                                0x08185031   Thumb Code    72  function.o(i.cmd_power)
    cmd_upgrade                              0x08185091   Thumb Code   126  function.o(i.cmd_upgrade)
    cmd_version                              0x08185135   Thumb Code   210  function.o(i.cmd_version)
    debug_cal                                0x08185261   Thumb Code   480  function.o(i.debug_cal)
    debug_cal_sw                             0x0818550d   Thumb Code   212  function.o(i.debug_cal_sw)
    debug_check_cali                         0x0818561d   Thumb Code   654  function.o(i.debug_check_cali)
    debug_crc32                              0x081859d9   Thumb Code    74  function.o(i.debug_crc32)
    debug_dac                                0x08185a59   Thumb Code   332  function.o(i.debug_dac)
    debug_dac5504                            0x08185c11   Thumb Code    78  function.o(i.debug_dac5504)
    debug_dump                               0x08185c71   Thumb Code   666  function.o(i.debug_dump)
    debug_get_inter_exp                      0x08185fc9   Thumb Code   104  function.o(i.debug_get_inter_exp)
    debug_monitor                            0x08186071   Thumb Code   662  function.o(i.debug_monitor)
    debug_pin                                0x08186429   Thumb Code   166  function.o(i.debug_pin)
    debug_print_hex                          0x081864fd   Thumb Code    42  function.o(i.debug_print_hex)
    debug_reset_cali                         0x08186535   Thumb Code    40  function.o(i.debug_reset_cali)
    debug_reset_fw                           0x0818656d   Thumb Code    40  function.o(i.debug_reset_fw)
    debug_send_hex                           0x081865a5   Thumb Code   814  function.o(i.debug_send_hex)
    debug_switch_io                          0x08186a5d   Thumb Code   204  function.o(i.debug_switch_io)
    debug_tag                                0x08186b55   Thumb Code   348  function.o(i.debug_tag)
    debug_upgrade_bootloader_install         0x08186d59   Thumb Code   142  function.o(i.debug_upgrade_bootloader_install)
    debug_upgrade_bootloader_mode            0x08186e65   Thumb Code   104  function.o(i.debug_upgrade_bootloader_mode)
    eeprom_dump                              0x08186f01   Thumb Code    90  function.o(i.eeprom_dump)
    eeprom_read                              0x08186fa9   Thumb Code   112  function.o(i.eeprom_read)
    eeprom_write                             0x08187061   Thumb Code   102  function.o(i.eeprom_write)
    main                                     0x08187101   Thumb Code   544  main.o(i.main)
    process_cmd                              0x08187385   Thumb Code   220  cmd.o(i.process_cmd)
    process_command                          0x081874d1   Thumb Code   638  function.o(i.process_command)
    serial_available                         0x08187911   Thumb Code    30  usart.o(i.serial_available)
    serial_read                              0x08187935   Thumb Code    32  usart.o(i.serial_read)
    serial_tx                                0x08187959   Thumb Code   144  usart.o(i.serial_tx)
    upgrade_file                             0x081879f1   Thumb Code   548  function.o(i.upgrade_file)
    upgrade_init                             0x08187cf9   Thumb Code    98  function.o(i.upgrade_init)
    upgrade_init_with_size                   0x08187d8d   Thumb Code   168  function.o(i.upgrade_init_with_size)
    upgrade_install                          0x08187e6d   Thumb Code    30  function.o(i.upgrade_install)
    cmd_count                                0x08187ed0   Data           4  main.o(.constdata)
    AHBPrescTable                            0x08187ed4   Data          16  system_stm32f4xx.o(.constdata)
    APBPrescTable                            0x08187ee4   Data           8  system_stm32f4xx.o(.constdata)
    __ctype_table                            0x08187eec   Data         129  ctype_o.o(.constdata)
    Region$$Table$$Base                      0x081881cc   Number         0  anon$$obj.o(Region$$Table)
    Region$$Table$$Limit                     0x081881ec   Number         0  anon$$obj.o(Region$$Table)
    block_size                               0x20000000   Data           4  function.o(.data)
    rLen                                     0x20000004   Data           4  function.o(.data)
    cmdlist                                  0x20000408   Data         160  main.o(.data)
    uart1_data                               0x200004a8   Data           1  main.o(.data)
    uart1_irq_sel                            0x200004a9   Data           1  main.o(.data)
    print_trans_data                         0x200004aa   Data           1  main.o(.data)
    usart1_tr                                0x200014b4   Data           4  usart.o(.data)
    uwTickFreq                               0x200014b8   Data           1  stm32f4xx_hal.o(.data)
    uwTickPrio                               0x200014bc   Data           4  stm32f4xx_hal.o(.data)
    uwTick                                   0x200014c0   Data           4  stm32f4xx_hal.o(.data)
    SystemCoreClock                          0x200014c4   Data           4  system_stm32f4xx.o(.data)
    fw_buf                                   0x200014d0   Data       98304  function.o(.bss)
    rBuf                                     0x200194d0   Data        1200  function.o(.bss)
    txBuf                                    0x20019980   Data        1036  function.o(.bss)
    usart1_tx_buf                            0x20019d8c   Data        2048  main.o(.bss)
    usart2_tx_buf                            0x2001a58c   Data        1200  main.o(.bss)
    hi2c1                                    0x2001aa3c   Data          84  i2c.o(.bss)
    htim2                                    0x2001aa90   Data          64  tim.o(.bss)
    htim3                                    0x2001aad0   Data          64  tim.o(.bss)
    huart1                                   0x2001ab10   Data          64  usart.o(.bss)
    huart2                                   0x2001ab50   Data          64  usart.o(.bss)
    huart3                                   0x2001ab90   Data          64  usart.o(.bss)
    __initial_sp                             0x2001afe8   Data           0  startup_stm32f427xx.o(STACK)



==============================================================================

Memory Map of the image

  Image Entry point : 0x081801ad

  Load Region LR_IROM1 (Base: 0x08180000, Size: 0x000096bc, Max: 0x00080000, ABSOLUTE, COMPRESSED[0x00008698])

    Execution Region ER_IROM1 (Exec base: 0x08180000, Load base: 0x08180000, Size: 0x000081ec, Max: 0x00080000, ABSOLUTE)

    Exec Addr    Load Addr    Size         Type   Attr      Idx    E Section Name        Object

    0x08180000   0x08180000   0x000001ac   Data   RO            3    RESET               startup_stm32f427xx.o
    0x081801ac   0x081801ac   0x00000000   Code   RO         3912  * .ARM.Collect$$$$00000000  mc_w.l(entry.o)
    0x081801ac   0x081801ac   0x00000004   Code   RO         4218    .ARM.Collect$$$$00000001  mc_w.l(entry2.o)
    0x081801b0   0x081801b0   0x00000004   Code   RO         4221    .ARM.Collect$$$$00000004  mc_w.l(entry5.o)
    0x081801b4   0x081801b4   0x00000000   Code   RO         4223    .ARM.Collect$$$$00000008  mc_w.l(entry7b.o)
    0x081801b4   0x081801b4   0x00000000   Code   RO         4225    .ARM.Collect$$$$0000000A  mc_w.l(entry8b.o)
    0x081801b4   0x081801b4   0x00000008   Code   RO         4226    .ARM.Collect$$$$0000000B  mc_w.l(entry9a.o)
    0x081801bc   0x081801bc   0x00000000   Code   RO         4228    .ARM.Collect$$$$0000000D  mc_w.l(entry10a.o)
    0x081801bc   0x081801bc   0x00000000   Code   RO         4230    .ARM.Collect$$$$0000000F  mc_w.l(entry11a.o)
    0x081801bc   0x081801bc   0x00000004   Code   RO         4219    .ARM.Collect$$$$00002712  mc_w.l(entry2.o)
    0x081801c0   0x081801c0   0x00000024   Code   RO            4    .text               startup_stm32f427xx.o
    0x081801e4   0x081801e4   0x00000062   Code   RO         3915    .text               mc_w.l(uldiv.o)
    0x08180246   0x08180246   0x00000024   Code   RO         3917    .text               mc_w.l(memcpya.o)
    0x0818026a   0x0818026a   0x00000024   Code   RO         3919    .text               mc_w.l(memseta.o)
    0x0818028e   0x0818028e   0x0000000e   Code   RO         3921    .text               mc_w.l(strlen.o)
    0x0818029c   0x0818029c   0x0000001c   Code   RO         3923    .text               mc_w.l(strcmp.o)
    0x081802b8   0x081802b8   0x00000044   Code   RO         3925    .text               mc_w.l(strtok.o)
    0x081802fc   0x081802fc   0x0000002a   Code   RO         3933    .text               mc_w.l(strcasecmp.o)
    0x08180326   0x08180326   0x00000032   Code   RO         3935    .text               mc_w.l(strncasecmp.o)
    0x08180358   0x08180358   0x00000038   Code   RO         4198    .text               mc_w.l(__0sscanf.o)
    0x08180390   0x08180390   0x0000014c   Code   RO         4200    .text               mc_w.l(_scanf_int.o)
    0x081804dc   0x081804dc   0x00000360   Code   RO         4202    .text               mc_w.l(scanf_fp.o)
    0x0818083c   0x0818083c   0x00000072   Code   RO         4206    .text               mc_w.l(strtoul.o)
    0x081808ae   0x081808ae   0x000000e4   Code   RO         4208    .text               mf_w.l(dmul.o)
    0x08180992   0x08180992   0x000000de   Code   RO         4210    .text               mf_w.l(ddiv.o)
    0x08180a70   0x08180a70   0x00000022   Code   RO         4212    .text               mf_w.l(dflti.o)
    0x08180a92   0x08180a92   0x0000003e   Code   RO         4214    .text               mf_w.l(dfixi.o)
    0x08180ad0   0x08180ad0   0x0000002c   Code   RO         4235    .text               mc_w.l(uidiv.o)
    0x08180afc   0x08180afc   0x0000001e   Code   RO         4237    .text               mc_w.l(llshl.o)
    0x08180b1a   0x08180b1a   0x00000020   Code   RO         4239    .text               mc_w.l(llushr.o)
    0x08180b3a   0x08180b3a   0x00000002   PAD
    0x08180b3c   0x08180b3c   0x00000008   Code   RO         4241    .text               mc_w.l(ctype_o.o)
    0x08180b44   0x08180b44   0x00000012   Code   RO         4263    .text               mc_w.l(isspace_o.o)
    0x08180b56   0x08180b56   0x0000000c   Code   RO         4269    .text               mc_w.l(tolower.o)
    0x08180b62   0x08180b62   0x0000001c   Code   RO         4278    .text               mc_w.l(_chval.o)
    0x08180b7e   0x08180b7e   0x00000002   PAD
    0x08180b80   0x08180b80   0x00000028   Code   RO         4280    .text               mc_w.l(scanf_char.o)
    0x08180ba8   0x08180ba8   0x00000040   Code   RO         4282    .text               mc_w.l(_sgetc.o)
    0x08180be8   0x08180be8   0x0000009e   Code   RO         4284    .text               mc_w.l(_strtoul.o)
    0x08180c86   0x08180c86   0x00000000   Code   RO         4286    .text               mc_w.l(iusefp.o)
    0x08180c86   0x08180c86   0x000000ba   Code   RO         4287    .text               mf_w.l(depilogue.o)
    0x08180d40   0x08180d40   0x0000014e   Code   RO         4289    .text               mf_w.l(dadd.o)
    0x08180e8e   0x08180e8e   0x00000018   Code   RO         4291    .text               mf_w.l(dfltul.o)
    0x08180ea6   0x08180ea6   0x00000030   Code   RO         4293    .text               mf_w.l(dfixul.o)
    0x08180ed6   0x08180ed6   0x00000002   PAD
    0x08180ed8   0x08180ed8   0x00000030   Code   RO         4295    .text               mf_w.l(cdrcmple.o)
    0x08180f08   0x08180f08   0x00000038   Code   RO         4297    .text               mf_w.l(d2f.o)
    0x08180f40   0x08180f40   0x00000024   Code   RO         4299    .text               mc_w.l(init.o)
    0x08180f64   0x08180f64   0x00000024   Code   RO         4302    .text               mc_w.l(llsshr.o)
    0x08180f88   0x08180f88   0x0000032c   Code   RO         4306    .text               mc_w.l(_scanf.o)
    0x081812b4   0x081812b4   0x0000006e   Code   RO         4309    .text               mf_w.l(fepilogue.o)
    0x08181322   0x08181322   0x00000056   Code   RO         4322    .text               mc_w.l(__dczerorl2.o)
    0x08181378   0x08181378   0x00000010   Code   RO          178    i.BE32_To_Buffer    function.o
    0x08181388   0x08181388   0x0000000e   Code   RO          179    i.Buffer_To_BE32    function.o
    0x08181396   0x08181396   0x00000002   Code   RO          800    i.BusFault_Handler  stm32f4xx_it.o
    0x08181398   0x08181398   0x00000028   Code   RO          181    i.Cal_CRC32         function.o
    0x081813c0   0x081813c0   0x00000002   Code   RO          801    i.DebugMon_Handler  stm32f4xx_it.o
    0x081813c2   0x081813c2   0x00000002   Code   RO          524    i.Error_Handler     main.o
    0x081813c4   0x081813c4   0x00000024   Code   RO         1924    i.HAL_DMA_Abort_IT  stm32f4xx_hal_dma.o
    0x081813e8   0x081813e8   0x00000024   Code   RO         2360    i.HAL_Delay         stm32f4xx_hal.o
    0x0818140c   0x0818140c   0x000001d4   Code   RO         1816    i.HAL_GPIO_Init     stm32f4xx_hal_gpio.o
    0x081815e0   0x081815e0   0x0000000a   Code   RO         1818    i.HAL_GPIO_ReadPin  stm32f4xx_hal_gpio.o
    0x081815ea   0x081815ea   0x0000000a   Code   RO         1820    i.HAL_GPIO_WritePin  stm32f4xx_hal_gpio.o
    0x081815f4   0x081815f4   0x0000000c   Code   RO         2368    i.HAL_GetTick       stm32f4xx_hal.o
    0x08181600   0x08181600   0x00000042   Code   RO         1379    i.HAL_I2CEx_ConfigAnalogFilter  stm32f4xx_hal_i2c_ex.o
    0x08181642   0x08181642   0x0000003e   Code   RO         1380    i.HAL_I2CEx_ConfigDigitalFilter  stm32f4xx_hal_i2c_ex.o
    0x08181680   0x08181680   0x00000188   Code   RO          963    i.HAL_I2C_Init      stm32f4xx_hal_i2c.o
    0x08181808   0x08181808   0x000001e0   Code   RO          969    i.HAL_I2C_Master_Receive  stm32f4xx_hal_i2c.o
    0x081819e8   0x081819e8   0x000001f8   Code   RO          981    i.HAL_I2C_Mem_Read  stm32f4xx_hal_i2c.o
    0x08181be0   0x08181be0   0x00000130   Code   RO          984    i.HAL_I2C_Mem_Write  stm32f4xx_hal_i2c.o
    0x08181d10   0x08181d10   0x00000068   Code   RO          627    i.HAL_I2C_MspInit   i2c.o
    0x08181d78   0x08181d78   0x00000010   Code   RO         2374    i.HAL_IncTick       stm32f4xx_hal.o
    0x08181d88   0x08181d88   0x00000034   Code   RO         2375    i.HAL_Init          stm32f4xx_hal.o
    0x08181dbc   0x08181dbc   0x00000040   Code   RO         2376    i.HAL_InitTick      stm32f4xx_hal.o
    0x08181dfc   0x08181dfc   0x00000030   Code   RO          928    i.HAL_MspInit       stm32f4xx_hal_msp.o
    0x08181e2c   0x08181e2c   0x0000001a   Code   RO         2223    i.HAL_NVIC_EnableIRQ  stm32f4xx_hal_cortex.o
    0x08181e46   0x08181e46   0x00000002   PAD
    0x08181e48   0x08181e48   0x00000040   Code   RO         2229    i.HAL_NVIC_SetPriority  stm32f4xx_hal_cortex.o
    0x08181e88   0x08181e88   0x00000024   Code   RO         2230    i.HAL_NVIC_SetPriorityGrouping  stm32f4xx_hal_cortex.o
    0x08181eac   0x08181eac   0x00000070   Code   RO         2152    i.HAL_PWREx_EnableOverDrive  stm32f4xx_hal_pwr_ex.o
    0x08181f1c   0x08181f1c   0x00000134   Code   RO         1410    i.HAL_RCC_ClockConfig  stm32f4xx_hal_rcc.o
    0x08182050   0x08182050   0x00000020   Code   RO         1417    i.HAL_RCC_GetPCLK1Freq  stm32f4xx_hal_rcc.o
    0x08182070   0x08182070   0x00000020   Code   RO         1418    i.HAL_RCC_GetPCLK2Freq  stm32f4xx_hal_rcc.o
    0x08182090   0x08182090   0x00000064   Code   RO         1419    i.HAL_RCC_GetSysClockFreq  stm32f4xx_hal_rcc.o
    0x081820f4   0x081820f4   0x0000035c   Code   RO         1422    i.HAL_RCC_OscConfig  stm32f4xx_hal_rcc.o
    0x08182450   0x08182450   0x00000028   Code   RO         2234    i.HAL_SYSTICK_Config  stm32f4xx_hal_cortex.o
    0x08182478   0x08182478   0x00000002   Code   RO         3300    i.HAL_TIMEx_BreakCallback  stm32f4xx_hal_tim_ex.o
    0x0818247a   0x0818247a   0x00000002   Code   RO         3301    i.HAL_TIMEx_CommutCallback  stm32f4xx_hal_tim_ex.o
    0x0818247c   0x0818247c   0x00000090   Code   RO         3318    i.HAL_TIMEx_MasterConfigSynchronization  stm32f4xx_hal_tim_ex.o
    0x0818250c   0x0818250c   0x00000036   Code   RO         2625    i.HAL_TIM_Base_Init  stm32f4xx_hal_tim.o
    0x08182542   0x08182542   0x00000002   PAD
    0x08182544   0x08182544   0x00000060   Code   RO          669    i.HAL_TIM_Base_MspInit  tim.o
    0x081825a4   0x081825a4   0x000000d6   Code   RO         2634    i.HAL_TIM_ConfigClockSource  stm32f4xx_hal_tim.o
    0x0818267a   0x0818267a   0x00000002   Code   RO         2654    i.HAL_TIM_IC_CaptureCallback  stm32f4xx_hal_tim.o
    0x0818267c   0x0818267c   0x00000166   Code   RO         2668    i.HAL_TIM_IRQHandler  stm32f4xx_hal_tim.o
    0x081827e2   0x081827e2   0x00000002   Code   RO         2671    i.HAL_TIM_OC_DelayElapsedCallback  stm32f4xx_hal_tim.o
    0x081827e4   0x081827e4   0x00000002   Code   RO         2698    i.HAL_TIM_PWM_PulseFinishedCallback  stm32f4xx_hal_tim.o
    0x081827e6   0x081827e6   0x00000002   Code   RO          525    i.HAL_TIM_PeriodElapsedCallback  main.o
    0x081827e8   0x081827e8   0x00000002   Code   RO         2711    i.HAL_TIM_TriggerCallback  stm32f4xx_hal_tim.o
    0x081827ea   0x081827ea   0x00000002   Code   RO         3572    i.HAL_UART_ErrorCallback  stm32f4xx_hal_uart.o
    0x081827ec   0x081827ec   0x00000114   Code   RO         3575    i.HAL_UART_IRQHandler  stm32f4xx_hal_uart.o
    0x08182900   0x08182900   0x00000062   Code   RO         3576    i.HAL_UART_Init     stm32f4xx_hal_uart.o
    0x08182962   0x08182962   0x00000002   PAD
    0x08182964   0x08182964   0x0000011c   Code   RO          717    i.HAL_UART_MspInit  usart.o
    0x08182a80   0x08182a80   0x000000be   Code   RO         3579    i.HAL_UART_Receive  stm32f4xx_hal_uart.o
    0x08182b3e   0x08182b3e   0x00000052   Code   RO         3581    i.HAL_UART_Receive_IT  stm32f4xx_hal_uart.o
    0x08182b90   0x08182b90   0x00000074   Code   RO          526    i.HAL_UART_RxCpltCallback  main.o
    0x08182c04   0x08182c04   0x000000ba   Code   RO         3584    i.HAL_UART_Transmit  stm32f4xx_hal_uart.o
    0x08182cbe   0x08182cbe   0x00000002   Code   RO         3587    i.HAL_UART_TxCpltCallback  stm32f4xx_hal_uart.o
    0x08182cc0   0x08182cc0   0x00000002   Code   RO          802    i.HardFault_Handler  stm32f4xx_it.o
    0x08182cc2   0x08182cc2   0x0000002e   Code   RO         1005    i.I2C_IsAcknowledgeFailed  stm32f4xx_hal_i2c.o
    0x08182cf0   0x08182cf0   0x000000ec   Code   RO         1008    i.I2C_MasterRequestRead  stm32f4xx_hal_i2c.o
    0x08182ddc   0x08182ddc   0x000000fc   Code   RO         1015    i.I2C_RequestMemoryRead  stm32f4xx_hal_i2c.o
    0x08182ed8   0x08182ed8   0x000000a8   Code   RO         1016    i.I2C_RequestMemoryWrite  stm32f4xx_hal_i2c.o
    0x08182f80   0x08182f80   0x0000004c   Code   RO         1019    i.I2C_WaitOnBTFFlagUntilTimeout  stm32f4xx_hal_i2c.o
    0x08182fcc   0x08182fcc   0x00000068   Code   RO         1020    i.I2C_WaitOnFlagUntilTimeout  stm32f4xx_hal_i2c.o
    0x08183034   0x08183034   0x00000096   Code   RO         1021    i.I2C_WaitOnMasterAddressFlagUntilTimeout  stm32f4xx_hal_i2c.o
    0x081830ca   0x081830ca   0x00000066   Code   RO         1022    i.I2C_WaitOnRXNEFlagUntilTimeout  stm32f4xx_hal_i2c.o
    0x08183130   0x08183130   0x0000004c   Code   RO         1023    i.I2C_WaitOnTXEFlagUntilTimeout  stm32f4xx_hal_i2c.o
    0x0818317c   0x0818317c   0x0000005c   Code   RO          183    i.I2cEepromRead     function.o
    0x081831d8   0x081831d8   0x00000060   Code   RO          184    i.I2cEepromWrite    function.o
    0x08183238   0x08183238   0x00000114   Code   RO          602    i.MX_GPIO_Init      gpio.o
    0x0818334c   0x0818334c   0x0000005c   Code   RO          628    i.MX_I2C1_Init      i2c.o
    0x081833a8   0x081833a8   0x00000068   Code   RO          670    i.MX_TIM2_Init      tim.o
    0x08183410   0x08183410   0x00000068   Code   RO          671    i.MX_TIM3_Init      tim.o
    0x08183478   0x08183478   0x00000038   Code   RO          718    i.MX_USART1_UART_Init  usart.o
    0x081834b0   0x081834b0   0x00000038   Code   RO          719    i.MX_USART2_UART_Init  usart.o
    0x081834e8   0x081834e8   0x00000038   Code   RO          720    i.MX_USART3_UART_Init  usart.o
    0x08183520   0x08183520   0x00000002   Code   RO          803    i.MemManage_Handler  stm32f4xx_it.o
    0x08183522   0x08183522   0x00000002   Code   RO          804    i.NMI_Handler       stm32f4xx_it.o
    0x08183524   0x08183524   0x000001c0   Code   RO          185    i.PRINT_CHAR        function.o
    0x081836e4   0x081836e4   0x00000198   Code   RO          186    i.PRINT_DATA_USE_CSV  function.o
    0x0818387c   0x0818387c   0x000001ac   Code   RO          187    i.PRINT_HEX         function.o
    0x08183a28   0x08183a28   0x00000002   Code   RO          805    i.PendSV_Handler    stm32f4xx_it.o
    0x08183a2a   0x08183a2a   0x00000002   Code   RO          806    i.SVC_Handler       stm32f4xx_it.o
    0x08183a2c   0x08183a2c   0x00000004   Code   RO          807    i.SysTick_Handler   stm32f4xx_it.o
    0x08183a30   0x08183a30   0x0000008c   Code   RO          527    i.SystemClock_Config  main.o
    0x08183abc   0x08183abc   0x0000001c   Code   RO         3878    i.SystemInit        system_stm32f4xx.o
    0x08183ad8   0x08183ad8   0x0000000c   Code   RO          808    i.TIM2_IRQHandler   stm32f4xx_it.o
    0x08183ae4   0x08183ae4   0x0000000c   Code   RO          809    i.TIM3_IRQHandler   stm32f4xx_it.o
    0x08183af0   0x08183af0   0x000000c8   Code   RO         2713    i.TIM_Base_SetConfig  stm32f4xx_hal_tim.o
    0x08183bb8   0x08183bb8   0x00000014   Code   RO         2724    i.TIM_ETR_SetConfig  stm32f4xx_hal_tim.o
    0x08183bcc   0x08183bcc   0x00000010   Code   RO         2725    i.TIM_ITRx_SetConfig  stm32f4xx_hal_tim.o
    0x08183bdc   0x08183bdc   0x00000022   Code   RO         2731    i.TIM_TI1_ConfigInputStage  stm32f4xx_hal_tim.o
    0x08183bfe   0x08183bfe   0x00000024   Code   RO         2733    i.TIM_TI2_ConfigInputStage  stm32f4xx_hal_tim.o
    0x08183c22   0x08183c22   0x00000010   Code   RO         3589    i.UART_DMAAbortOnError  stm32f4xx_hal_uart.o
    0x08183c32   0x08183c32   0x0000001c   Code   RO         3599    i.UART_EndRxTransfer  stm32f4xx_hal_uart.o
    0x08183c4e   0x08183c4e   0x00000096   Code   RO         3601    i.UART_Receive_IT   stm32f4xx_hal_uart.o
    0x08183ce4   0x08183ce4   0x00000128   Code   RO         3602    i.UART_SetConfig    stm32f4xx_hal_uart.o
    0x08183e0c   0x08183e0c   0x00000062   Code   RO         3603    i.UART_Transmit_IT  stm32f4xx_hal_uart.o
    0x08183e6e   0x08183e6e   0x00000064   Code   RO         3604    i.UART_WaitOnFlagUntilTimeout  stm32f4xx_hal_uart.o
    0x08183ed2   0x08183ed2   0x00000002   PAD
    0x08183ed4   0x08183ed4   0x0000000c   Code   RO          810    i.USART1_IRQHandler  stm32f4xx_it.o
    0x08183ee0   0x08183ee0   0x0000007c   Code   RO          811    i.USART2_IRQHandler  stm32f4xx_it.o
    0x08183f5c   0x08183f5c   0x00000070   Code   RO          812    i.USART3_IRQHandler  stm32f4xx_it.o
    0x08183fcc   0x08183fcc   0x00000002   Code   RO          813    i.UsageFault_Handler  stm32f4xx_it.o
    0x08183fce   0x08183fce   0x00000002   PAD
    0x08183fd0   0x08183fd0   0x00000028   Code   RO         4172    i.__0sprintf        mc_w.l(printfa.o)
    0x08183ff8   0x08183ff8   0x00000020   Code   RO         2236    i.__NVIC_SetPriority  stm32f4xx_hal_cortex.o
    0x08184018   0x08184018   0x00000008   Code   RO         4271    i.__aeabi_errno_addr  mc_w.l(errno.o)
    0x08184020   0x08184020   0x0000000e   Code   RO         4316    i.__scatterload_copy  mc_w.l(handlers.o)
    0x0818402e   0x0818402e   0x00000002   Code   RO         4317    i.__scatterload_null  mc_w.l(handlers.o)
    0x08184030   0x08184030   0x0000000e   Code   RO         4318    i.__scatterload_zeroinit  mc_w.l(handlers.o)
    0x0818403e   0x0818403e   0x00000002   PAD
    0x08184040   0x08184040   0x00000184   Code   RO         4177    i._fp_digits        mc_w.l(printfa.o)
    0x081841c4   0x081841c4   0x0000000e   Code   RO         4204    i._is_digit         mc_w.l(scanf_fp.o)
    0x081841d2   0x081841d2   0x00000002   PAD
    0x081841d4   0x081841d4   0x000006dc   Code   RO         4178    i._printf_core      mc_w.l(printfa.o)
    0x081848b0   0x081848b0   0x00000024   Code   RO         4179    i._printf_post_padding  mc_w.l(printfa.o)
    0x081848d4   0x081848d4   0x0000002e   Code   RO         4180    i._printf_pre_padding  mc_w.l(printfa.o)
    0x08184902   0x08184902   0x0000000a   Code   RO         4182    i._sputc            mc_w.l(printfa.o)
    0x0818490c   0x0818490c   0x00000074   Code   RO          189    i.cmd_eeprom        function.o
    0x08184980   0x08184980   0x000002d0   Code   RO          190    i.cmd_for_debug     function.o
    0x08184c50   0x08184c50   0x00000110   Code   RO           13    i.cmd_help          cmd.o
    0x08184d60   0x08184d60   0x0000019c   Code   RO           14    i.cmd_help2         cmd.o
    0x08184efc   0x08184efc   0x00000134   Code   RO          191    i.cmd_i2c           function.o
    0x08185030   0x08185030   0x00000060   Code   RO          192    i.cmd_power         function.o
    0x08185090   0x08185090   0x000000a4   Code   RO          195    i.cmd_upgrade       function.o
    0x08185134   0x08185134   0x0000012c   Code   RO          196    i.cmd_version       function.o
    0x08185260   0x08185260   0x000002ac   Code   RO          199    i.debug_cal         function.o
    0x0818550c   0x0818550c   0x00000110   Code   RO          200    i.debug_cal_sw      function.o
    0x0818561c   0x0818561c   0x000003bc   Code   RO          201    i.debug_check_cali  function.o
    0x081859d8   0x081859d8   0x00000080   Code   RO          202    i.debug_crc32       function.o
    0x08185a58   0x08185a58   0x000001b8   Code   RO          203    i.debug_dac         function.o
    0x08185c10   0x08185c10   0x00000060   Code   RO          204    i.debug_dac5504     function.o
    0x08185c70   0x08185c70   0x00000358   Code   RO          205    i.debug_dump        function.o
    0x08185fc8   0x08185fc8   0x000000a8   Code   RO          206    i.debug_get_inter_exp  function.o
    0x08186070   0x08186070   0x000003b8   Code   RO          207    i.debug_monitor     function.o
    0x08186428   0x08186428   0x000000d4   Code   RO          208    i.debug_pin         function.o
    0x081864fc   0x081864fc   0x00000038   Code   RO          209    i.debug_print_hex   function.o
    0x08186534   0x08186534   0x00000038   Code   RO          210    i.debug_reset_cali  function.o
    0x0818656c   0x0818656c   0x00000038   Code   RO          211    i.debug_reset_fw    function.o
    0x081865a4   0x081865a4   0x000004b8   Code   RO          212    i.debug_send_hex    function.o
    0x08186a5c   0x08186a5c   0x000000f8   Code   RO          213    i.debug_switch_io   function.o
    0x08186b54   0x08186b54   0x00000204   Code   RO          214    i.debug_tag         function.o
    0x08186d58   0x08186d58   0x0000010c   Code   RO          215    i.debug_upgrade_bootloader_install  function.o
    0x08186e64   0x08186e64   0x0000009c   Code   RO          216    i.debug_upgrade_bootloader_mode  function.o
    0x08186f00   0x08186f00   0x000000a8   Code   RO          217    i.eeprom_dump       function.o
    0x08186fa8   0x08186fa8   0x000000b8   Code   RO          218    i.eeprom_read       function.o
    0x08187060   0x08187060   0x000000a0   Code   RO          219    i.eeprom_write      function.o
    0x08187100   0x08187100   0x00000284   Code   RO          528    i.main              main.o
    0x08187384   0x08187384   0x0000014c   Code   RO           15    i.process_cmd       cmd.o
    0x081874d0   0x081874d0   0x000003b4   Code   RO          222    i.process_command   function.o
    0x08187884   0x08187884   0x0000000e   Code   RO          529    i.rb_init           main.o
    0x08187892   0x08187892   0x00000010   Code   RO          721    i.rb_is_empty       usart.o
    0x081878a2   0x081878a2   0x00000010   Code   RO          814    i.rb_is_empty       stm32f4xx_it.o
    0x081878b2   0x081878b2   0x00000040   Code   RO          815    i.rb_push_insert    stm32f4xx_it.o
    0x081878f2   0x081878f2   0x0000001c   Code   RO          816    i.rb_remove         stm32f4xx_it.o
    0x0818790e   0x0818790e   0x00000002   PAD
    0x08187910   0x08187910   0x00000024   Code   RO          722    i.serial_available  usart.o
    0x08187934   0x08187934   0x00000024   Code   RO          723    i.serial_read       usart.o
    0x08187958   0x08187958   0x00000098   Code   RO          724    i.serial_tx         usart.o
    0x081879f0   0x081879f0   0x00000308   Code   RO          225    i.upgrade_file      function.o
    0x08187cf8   0x08187cf8   0x00000094   Code   RO          226    i.upgrade_init      function.o
    0x08187d8c   0x08187d8c   0x000000e0   Code   RO          227    i.upgrade_init_with_size  function.o
    0x08187e6c   0x08187e6c   0x0000002c   Code   RO          228    i.upgrade_install   function.o
    0x08187e98   0x08187e98   0x00000036   Data   RO          230    .constdata          function.o
    0x08187ece   0x08187ece   0x00000002   PAD
    0x08187ed0   0x08187ed0   0x00000004   Data   RO          532    .constdata          main.o
    0x08187ed4   0x08187ed4   0x00000010   Data   RO         3879    .constdata          system_stm32f4xx.o
    0x08187ee4   0x08187ee4   0x00000008   Data   RO         3880    .constdata          system_stm32f4xx.o
    0x08187eec   0x08187eec   0x00000081   Data   RO         4242    .constdata          mc_w.l(ctype_o.o)
    0x08187f6d   0x08187f6d   0x00000003   PAD
    0x08187f70   0x08187f70   0x00000004   Data   RO         4243    .constdata          mc_w.l(ctype_o.o)
    0x08187f74   0x08187f74   0x00000044   Data   RO          233    .conststring        function.o
    0x08187fb8   0x08187fb8   0x00000214   Data   RO          533    .conststring        main.o
    0x081881cc   0x081881cc   0x00000020   Data   RO         4314    Region$$Table       anon$$obj.o


    Execution Region RW_IRAM1 (Exec base: 0x20000000, Load base: 0x081881ec, Size: 0x0001afe8, Max: 0x00030000, ABSOLUTE, COMPRESSED[0x000004ac])

    Exec Addr    Load Addr    Size         Type   Attr      Idx    E Section Name        Object

    0x20000000   COMPRESSED   0x00000408   Data   RW          236    .data               function.o
    0x20000408   COMPRESSED   0x000000a0   Data   RW          535    .data               main.o
    0x200004a8   COMPRESSED   0x00000003   Data   RW          536    .data               main.o
    0x200004ab   COMPRESSED   0x00000001   PAD
    0x200004ac   COMPRESSED   0x00001008   Data   RW          728    .data               usart.o
    0x200014b4   COMPRESSED   0x00000004   Data   RW          729    .data               usart.o
    0x200014b8   COMPRESSED   0x0000000c   Data   RW         2382    .data               stm32f4xx_hal.o
    0x200014c4   COMPRESSED   0x00000004   Data   RW         3881    .data               system_stm32f4xx.o
    0x200014c8   COMPRESSED   0x00000004   Data   RW         3926    .data               mc_w.l(strtok.o)
    0x200014cc   COMPRESSED   0x00000004   Data   RW         4274    .data               mc_w.l(errno.o)
    0x200014d0        -       0x000188bc   Zero   RW          229    .bss                function.o
    0x20019d8c        -       0x00000800   Zero   RW          530    .bss                main.o
    0x2001a58c        -       0x000004b0   Zero   RW          531    .bss                main.o
    0x2001aa3c        -       0x00000054   Zero   RW          629    .bss                i2c.o
    0x2001aa90        -       0x00000080   Zero   RW          672    .bss                tim.o
    0x2001ab10        -       0x000000c0   Zero   RW          725    .bss                usart.o
    0x2001abd0        -       0x0000000c   Zero   RW          726    .bss                usart.o
    0x2001abdc        -       0x0000000c   Zero   RW          727    .bss                usart.o
    0x2001abe8        -       0x00000400   Zero   RW            1    STACK               startup_stm32f427xx.o


==============================================================================

Image component sizes


      Code (inc. data)   RO Data    RW Data    ZI Data      Debug   Object Name

      1016        234          0          0          0     745569   cmd.o
     13226       3874        122       1032     100540      35466   function.o
       276         22          0          0          0       1123   gpio.o
       196         26          0          0         84       1801   i2c.o
       918        122        536        163       3248       7273   main.o
        36          8        428          0       1024        868   startup_stm32f427xx.o
       180         28          0         12          0       9817   stm32f4xx_hal.o
       198         14          0          0          0      34151   stm32f4xx_hal_cortex.o
        36          0          0          0          0       1279   stm32f4xx_hal_dma.o
       488         54          0          0          0       3211   stm32f4xx_hal_gpio.o
      2890         70          0          0          0      15955   stm32f4xx_hal_i2c.o
       128          0          0          0          0       1959   stm32f4xx_hal_i2c_ex.o
        48          6          0          0          0        898   stm32f4xx_hal_msp.o
       112         14          0          0          0       1356   stm32f4xx_hal_pwr_ex.o
      1332         82          0          0          0       5432   stm32f4xx_hal_rcc.o
       940         44          0          0          0       9825   stm32f4xx_hal_tim.o
       148         28          0          0          0       2593   stm32f4xx_hal_tim_ex.o
      1524         16          0          0          0      11370   stm32f4xx_hal_uart.o
       400         50          0          0          0       9890   stm32f4xx_it.o
        28          8         24          4          0       1231   system_stm32f4xx.o
       304         22          0          0        128       2531   tim.o
       692         68          0       4108        216       7795   usart.o

    ----------------------------------------------------------------------
     25128       4790       1144       5320     105240     911393   Object Totals
         0          0         32          0          0          0   (incl. Generated)
        12          0          2          1          0          0   (incl. Padding)

    ----------------------------------------------------------------------

      Code (inc. data)   RO Data    RW Data    ZI Data      Debug   Library Member Name

        56          8          0          0          0         84   __0sscanf.o
        86          0          0          0          0          0   __dczerorl2.o
        28          0          0          0          0         68   _chval.o
       812          4          0          0          0        112   _scanf.o
       332          0          0          0          0         96   _scanf_int.o
        64          0          0          0          0         84   _sgetc.o
       158          0          0          0          0         92   _strtoul.o
         8          4        133          0          0         68   ctype_o.o
         0          0          0          0          0          0   entry.o
         0          0          0          0          0          0   entry10a.o
         0          0          0          0          0          0   entry11a.o
         8          4          0          0          0          0   entry2.o
         4          0          0          0          0          0   entry5.o
         0          0          0          0          0          0   entry7b.o
         0          0          0          0          0          0   entry8b.o
         8          4          0          0          0          0   entry9a.o
         8          4          0          4          0         68   errno.o
        30          0          0          0          0          0   handlers.o
        36          8          0          0          0         68   init.o
        18          0          0          0          0         76   isspace_o.o
         0          0          0          0          0          0   iusefp.o
        30          0          0          0          0         68   llshl.o
        36          0          0          0          0         68   llsshr.o
        32          0          0          0          0         68   llushr.o
        36          0          0          0          0         68   memcpya.o
        36          0          0          0          0        108   memseta.o
      2276         86          0          0          0        520   printfa.o
        40          8          0          0          0         84   scanf_char.o
       878         12          0          0          0        216   scanf_fp.o
        42          0          0          0          0         84   strcasecmp.o
        28          0          0          0          0         76   strcmp.o
        14          0          0          0          0         68   strlen.o
        50          0          0          0          0         84   strncasecmp.o
        68          6          0          4          0         80   strtok.o
       114          0          0          0          0         92   strtoul.o
        12          0          0          0          0         68   tolower.o
        44          0          0          0          0         80   uidiv.o
        98          0          0          0          0         92   uldiv.o
        48          0          0          0          0         68   cdrcmple.o
        56          0          0          0          0         88   d2f.o
       334          0          0          0          0        148   dadd.o
       222          0          0          0          0        100   ddiv.o
       186          0          0          0          0        176   depilogue.o
        62          0          0          0          0         80   dfixi.o
        48          0          0          0          0         68   dfixul.o
        34          0          0          0          0         76   dflti.o
        24          0          0          0          0         76   dfltul.o
       228          0          0          0          0         96   dmul.o
       110          0          0          0          0        168   fepilogue.o

    ----------------------------------------------------------------------
      6852        148        136          8          0       3884   Library Totals
        10          0          3          0          0          0   (incl. Padding)

    ----------------------------------------------------------------------

      Code (inc. data)   RO Data    RW Data    ZI Data      Debug   Library Name

      5490        148        133          8          0       2740   mc_w.l
      1352          0          0          0          0       1144   mf_w.l

    ----------------------------------------------------------------------
      6852        148        136          8          0       3884   Library Totals

    ----------------------------------------------------------------------

==============================================================================


      Code (inc. data)   RO Data    RW Data    ZI Data      Debug   

     31980       4938       1280       5328     105240     899781   Grand Totals
     31980       4938       1280       1196     105240     899781   ELF Image Totals (compressed)
     31980       4938       1280       1196          0          0   ROM Totals

==============================================================================

    Total RO  Size (Code + RO Data)                33260 (  32.48kB)
    Total RW  Size (RW Data + ZI Data)            110568 ( 107.98kB)
    Total ROM Size (Code + RO Data + RW Data)      34456 (  33.65kB)

==============================================================================

